# timestamp=sample time  heapMiB=HeapInuse(live)  heapSysMiB=HeapSys(from OS)  stackMiB/stackSysMiB=goroutine stacks  sysMiB=Sys(total from OS)  numGoroutine=live goroutines
timestamp               heapMiB heapSysMiB   stackMiB stackSysMiB     sysMiB numGoroutine
11:12:48                   10.3       18.5        1.5        1.5       29.3       77
0
11:12:53                  325.6      339.8       12.2       12.2      371.7      187
0
11:12:58                  344.6      351.7       12.3       12.3      384.0      187
0
11:13:03                  361.9      367.6       12.4       12.4      400.6      187
0
11:13:08                  380.8      387.6       12.4       12.4      421.0      187
0
11:13:13                  223.3      391.6       12.4       12.4      425.2      187
0
11:13:18                  239.0      391.5       12.5       12.5      425.2      187
0
11:13:23                  255.2      391.4       12.6       12.6      425.2      185
0
11:13:28                  272.4      391.4       12.6       12.6      425.5      185
0
11:13:33                  290.7      391.4       12.6       12.6      425.5      185
0
11:13:38                  309.3      391.4       12.6       12.6      425.5      185
0
11:13:43                  327.2      391.4       12.6       12.6      425.5      185
0
11:13:49                  345.8      391.4       12.6       12.6      425.6      185
0
11:13:54                  364.8      391.2       12.7       12.7      425.6      185
0
11:13:59                  203.3      391.4       12.6       12.6      425.6      185
0
11:14:04                  219.8      391.4       12.6       12.6      425.6      185
0
11:14:09                  236.5      391.4       12.6       12.6      425.7      185
0
11:14:14                  252.8      391.4       12.6       12.6      425.8      185
0
11:14:19                  269.9      391.4       12.6       12.6      425.8      178
0
11:14:24                  287.9      392.0       12.0       12.0      425.8       79
0
11:14:29                  304.8      392.0       12.0       12.0      425.9       79
0
11:14:34                  200.5      392.0       12.0       12.0      425.9       79
0
11:14:39                  216.1      392.0       12.0       12.0      425.9       79
0
11:14:44                  232.0      392.0       12.0       12.0      425.9       79
0
11:14:49                  248.9      392.1       11.9       11.9      425.9       79
0
11:14:54                  265.0      392.2       11.8       11.8      426.1       79
0
11:14:59                  282.7      392.2       11.8       11.8      426.1       79
0
11:15:04                  300.4      392.2       11.8       11.8      426.1       79
0
11:15:09                  318.9      392.3       11.7       11.7      426.2       79
0
11:15:14                  209.2      392.3       11.7       11.7      426.2       79
0
11:15:20                  224.4      392.3       11.7       11.7      426.2       79
0
11:15:25                  240.4      392.4       11.6       11.6      426.2       79
0
11:15:30                  257.1      392.4       11.6       11.6      426.2       79
0
11:15:35                  274.3      392.4       11.6       11.6      426.2       79
0
11:15:40                  291.5      392.4       11.6       11.6      426.2       79
0
11:15:45                  309.3      392.4       11.6       11.6      426.2       79
0
11:15:50                  328.0      392.3       11.7       11.7      426.2       80
0
11:15:55                  215.4      392.4       11.6       11.6      426.2       79
0
11:16:00                  230.4      392.4       11.6       11.6      426.2       80
0
11:16:05                  246.5      392.4       11.6       11.6      426.2       79
0
11:16:10                  263.0      392.4       11.6       11.6      426.2       79
0
11:16:15                  280.1      392.4       11.6       11.6      426.2       79
0
11:16:20                  297.0      392.4       11.6       11.6      426.2       79
0
11:16:25                  314.8      392.4       11.6       11.6      426.2       79
0
11:16:30                  333.7      392.4       11.6       11.6      426.3       79
0
11:16:35                  216.6      392.4       11.6       11.6      426.8       79
0
11:16:40                  231.4      392.4       11.6       11.6      426.8       79
0
11:16:45                  246.5      392.4       11.6       11.6      426.8       79
0
11:16:51                  262.6      392.4       11.6       11.6      426.8       79
0
11:16:56                  279.8      392.4       11.6       11.6      426.8       79
0
11:17:01                  292.2      392.4       11.6       11.6      426.8       77
0
11:17:06                  298.0      392.4       11.6       11.6      426.8       77
0
11:17:11                  304.2      392.4       11.6       11.6      426.8       77
0
11:17:16                  310.4      392.5       11.5       11.5      426.8       77
0
11:17:21                  316.4      392.5       11.5       11.5      426.8       77
0
11:17:26                  322.9      392.5       11.5       11.5      426.8       77
0
11:17:31                  329.1      392.5       11.5       11.5      426.8       77
0
11:17:36                  335.2      396.5       11.5       11.5      430.8       77
0
11:17:41                  341.6      396.5       11.5       11.5      430.8       77
0
11:17:46                  347.7      400.5       11.5       11.5      434.8       77
0
