# timestamp=sample time  cpu%=% of one core (may exceed 100)  rss_MiB=resident RAM (whole process)
timestamp                cpu%      rss_MiB
11:53:52                 45.7           68
11:53:57                  217          309
11:54:02                  352         1071
11:54:07                  426         1979
11:54:12                  399         2184
11:54:17                  387         2214
11:54:22                  373         2225
11:54:27                  366         2255
11:54:32                  357         2263
11:54:37                  349         2265
11:54:42                  344         2265
11:54:47                  339         2275
11:54:52                  334         2277
11:54:57                  331         2288
11:55:02                  327         2300
11:55:07                  327         2302
11:55:12                  324         2302
11:55:17                  322         2306
11:55:22                  320         2306
11:55:27                  318         2306
11:55:32                  316         2312
11:55:37                  315         2324
11:55:42                  314         2336
11:55:47                  312         2338
11:55:52                  311         2342
11:55:57                  310         2342
11:56:02                  309         2348
11:56:07                  308         2348
11:56:12                  307         2348
11:56:17                  307         2348
11:56:22                  306         2348
11:56:27                  305         2361
11:56:32                  305         2361
11:56:37                  304         2369
11:56:42                  303         2369
11:56:48                  303         2369
11:56:53                  302         2369
11:56:58                  302         2369
11:57:03                  300         2375
11:57:08                  300         2375
11:57:13                  300         2375
11:57:18                  299         2375
11:57:23                  299         2377
11:57:28                  298         2387
11:57:33                  298         2387
11:57:38                  298         2389
11:57:43                  297         2389
11:57:48                  297         2390
11:57:53                  296         2390
11:57:58                  296         2390
11:58:03                  295         2404
11:58:08                  295         2408
11:58:13                  295         2410
11:58:18                  295         2410
11:58:23                  295         2412
11:58:28                  294         2412
11:58:33                  293         2412
11:58:38                  293         2430
11:58:43                  293         2432
11:58:48                  293         2432
11:58:53                  292         2438
11:58:58                  292         2438
11:59:03                  292         2442
11:59:08                  294         2484
11:59:13                  296         2857
11:59:18                  296         3189
11:59:23                  296         3254
11:59:28                  295         3282
11:59:33                  295         3289
11:59:38                  295         3313
11:59:43                  294         3319
11:59:48                  294         3325
11:59:53                  293         3339
11:59:58                  293         3357
12:00:03                  293         3359
12:00:08                  292         3359
12:00:13                  292         3363
12:00:18                  292         3367
12:00:23                  291         3373
12:00:28                  291         3373
12:00:33                  290         3374
12:00:38                  291         3374
12:00:43                  290         3382
12:00:49                  290         3384
12:00:54                  290         3384
12:00:59                  290         3390
12:01:04                  290         3394
12:01:09                  290         3402
12:01:14                  289         3402
12:01:19                  289         3408
12:01:24                  290         3408
12:01:29                  289         3408
12:01:34                  289         3416
12:01:39                  289         3420
12:01:44                  289         3420
12:01:49                  289         3420
12:01:54                  289         3436
12:01:59                  288         3436
12:02:04                  289         3438
12:02:09                  289         3440
12:02:14                  288         3440
12:02:19                  288         3440
12:02:24                  288         3452
12:02:29                  288         3452
12:02:34                  288         3466
12:02:39                  288         3466
12:02:44                  288         3466
12:02:49                  288         3466
12:02:54                  288         3471
12:02:59                  288         3471
12:03:04                  288         3471
12:03:09                  287         3471
12:03:14                  287         3471
12:03:19                  288         3473
12:03:24                  288         3473
12:03:29                  287         3473
12:03:34                  287         3473
12:03:39                  287         3473
12:03:44                  287         3493
12:03:49                  287         3495
12:03:54                  287         3497
12:03:59                  287         3497
12:04:04                  287         3497
12:04:09                  292         3124
12:04:14                  301         2766
12:04:19                  310         2752
12:04:24                  319         2750
12:04:29                  327         2711
12:04:34                  335         2712
12:04:40                  342         2712
12:04:45                  350         2712
12:04:50                  357         2714
12:04:55                  365         2714
12:05:00                  372         2714
12:05:05                  379         2714
12:05:10                  386         2714
12:05:15                  393         2715
12:05:20                  399         2716
12:05:25                  406         2718
12:05:30                  412         2727
12:05:35                  419         2735
12:05:40                  425         2745
12:05:45                  431         2750
12:05:50                  438         2750
12:05:55                  444         2750
12:06:00                  449         2753
12:06:05                  455         2759
12:06:10                  461         2763
12:06:15                  467         2779
12:06:20                  472         2782
12:06:25                  478         2792
12:06:30                  483         2794
12:06:35                  488         2795
12:06:40                  494         2799
12:06:45                  499         2801
12:06:50                  504         2803
12:06:55                  509         2823
12:07:00                  514         2841
12:07:05                  519         2844
12:07:10                  523         2846
12:07:15                  528         2848
12:07:20                  533         2878
12:07:25                  537         2880
12:07:30                  542         2880
12:07:35                  547         2884
12:07:40                  551         2886
12:07:45                  555         2899
12:07:50                  559         2900
12:07:55                  564         2906
12:08:00                  568         2919
12:08:06                  572         2923
12:08:11                  576         2923
12:08:16                  580         2931
12:08:21                  584         2931
12:08:26                  588         2931
12:08:31                  592         2933
12:08:36                  596         2949
12:08:41                  599         2950
12:08:46                  603         2950
12:08:51                  607         2977
12:08:56                  611         2977
12:09:01                  614         2980
12:09:06                  618         2985
12:09:11                  621         2985
12:09:16                  625         2990
12:09:21                  628         2995
12:09:26                  632         2998
12:09:31                  636         3005
12:09:36                  640         3009
12:09:41                  643         3031
12:09:46                  647         3053
12:09:51                  650         3053
12:09:56                  653         3053
12:10:01                  656         3053
12:10:06                  659         3059
12:10:11                  662         3060
12:10:16                  665         3060
12:10:21                  668         3075
12:10:26                  671         3075
12:10:31                  674         3078
12:10:36                  677         3078
12:10:41                  680         3079
12:10:46                  682         3079
12:10:51                  685         3079
12:10:56                  688         3079
12:11:01                  690         3079
12:11:06                  693         3079
12:11:11                  696         3092
12:11:16                  698         3100
12:11:21                  701         3103
12:11:26                  703         3113
12:11:31                  706         3115
12:11:36                  708         3115
12:11:41                  711         3116
12:11:46                  713         3118
12:11:51                  715         3118
12:11:57                  718         3119
12:12:02                  720         3119
12:12:07                  722         3119
12:12:12                  725         3119
12:12:17                  727         3119
12:12:22                  729         3119
12:12:27                  731         3119
12:12:32                  734         3119
12:12:37                  736         3119
12:12:42                  738         3119
12:12:47                  740         3119
12:12:52                  742         3120
12:12:57                  744         3120
12:13:02                  746         3120
12:13:07                  748         3120
12:13:12                  750         3120
12:13:17                  752         3120
12:13:22                  754         3120
12:13:27                  756         3120
12:13:32                  758         3120
12:13:37                  760         3120
12:13:42                  762         3131
12:13:47                  764         3131
12:13:52                  766         3131
12:13:57                  768         3131
12:14:02                  770         3132
12:14:07                  771         3132
12:14:12                  773         3132
12:14:17                  775         3132
12:14:22                  777         3132
12:14:27                  778         3132
12:14:32                  780         3132
12:14:37                  782         3132
12:14:42                  785         3132
12:14:47                  786         3133
12:14:52                  788         3134
12:14:57                  789         3135
12:15:02                  791         3135
12:15:07                  793         3135
12:15:12                  794         3136
12:15:17                  796         3136
12:15:22                  797         3144
12:15:27                  799         3144
12:15:33                  800         3144
12:15:38                  802         3144
12:15:43                  803         3144
12:15:48                  804         3144
12:15:53                  806         3144
12:15:58                  807         3144
12:16:03                  809         3144
12:16:08                  810         3144
12:16:13                  811         3144
12:16:18                  813         3144
12:16:23                  814         3144
12:16:28                  815         3144
12:16:33                  816         3144
12:16:38                  818         3144
12:16:43                  819         3144
12:16:48                  820         3144
12:16:53                  821         3144
12:16:58                  823         3144
12:17:03                  824         3144
12:17:08                  825         3144
12:17:13                  826         3144
12:17:18                  827         3144
12:17:23                  829         3144
12:17:28                  830         3144
12:17:33                  831         3144
12:17:38                  832         3144
12:17:43                  833         3144
12:17:48                  834         3144
12:17:53                  836         3144
12:17:58                  837         3144
12:18:03                  838         3144
12:18:08                  839         3144
12:18:13                  840         3144
12:18:18                  841         3144
12:18:23                  842         3144
12:18:28                  843         3144
12:18:33                  844         3095
12:18:38                  846         3095
12:18:43                  847         3095
12:18:48                  848         3096
12:18:54                  849         3096
12:18:59                  850         3071
12:19:04                  851         3074
12:19:09                  852         3075
12:19:14                  853         3076
12:19:19                  854         3062
12:19:24                  855         3066
12:19:29                  856         3066
12:19:34                  857         3013
12:19:39                  858         3019
12:19:44                  859         3019
12:19:49                  860         3019
12:19:54                  861         3019
12:19:59                  862         2989
12:20:04                  863         2990
12:20:09                  864         2993
12:20:14                  865         2993
12:20:19                  866         2993
12:20:24                  867         2988
12:20:29                  867         2981
12:20:34                  868         2959
12:20:39                  869         2961
12:20:44                  870         2962
12:20:49                  871         2965
12:20:54                  871         2965
12:20:59                  872         2965
12:21:04                  873         2965
12:21:09                  874         2968
12:21:14                  874         2968
12:21:19                  875         2968
12:21:24                  876         2956
12:21:29                  876         2963
12:21:34                  877         2964
12:21:39                  878         2967
12:21:44                  878         2957
12:21:49                  879         2943
12:21:54                  880         2944
12:21:59                  880         2954
12:22:04                  881         2955
12:22:09                  881         2957
12:22:14                  882         2957
12:22:19                  883         2957
12:22:24                  883         2957
12:22:29                  884         2957
12:22:34                  884         2931
12:22:39                  885         2935
12:22:45                  886         2935
12:22:50                  886         2915
12:22:55                  887         2913
12:23:00                  887         2924
12:23:05                  888         2924
12:23:10                  888         2925
12:23:15                  889         2925
12:23:20                  890         2929
12:23:25                  890         2922
12:23:30                  891         2922
12:23:35                  891         2923
12:23:40                  892         2923
12:23:45                  892         2923
12:23:50                  893         2924
