# timestamp=sample time  heapMiB=HeapInuse(live)  heapSysMiB=HeapSys(from OS)  stackMiB/stackSysMiB=goroutine stacks  sysMiB=Sys(total from OS)  numGoroutine=live goroutines
timestamp               heapMiB heapSysMiB   stackMiB stackSysMiB     sysMiB numGoroutine
11:53:52                   10.1       18.5        1.5        1.5       29.8       75
0
11:53:57                  465.3      636.5       67.5       67.5      734.3    28678
0
11:54:02                  929.9     1083.5       64.5       64.5     1192.6     3169
0
11:54:07                 1455.2     1856.2        7.8        7.8     1920.1      179
0
11:54:12                 1520.6     2152.2        7.8        7.8     2216.6      179
0
11:54:17                 1906.9     2152.2        7.8        7.8     2216.6      180
0
11:54:22                 1919.1     2152.2        7.8        7.8     2216.9      180
0
11:54:27                 1932.3     2152.2        7.8        7.8     2216.9      180
0
11:54:32                 1944.8     2152.2        7.8        7.8     2216.9      180
0
11:54:37                 1957.1     2152.2        7.8        7.8     2216.9      180
0
11:54:43                 1969.5     2152.2        7.8        7.8     2217.1      180
0
11:54:48                 1980.7     2152.2        7.8        7.8     2217.4      180
0
11:54:53                 1993.1     2152.2        7.8        7.8     2217.4      180
0
11:54:58                 2004.7     2152.2        7.8        7.8     2217.6      180
0
11:55:03                 2016.4     2152.2        7.8        7.8     2217.6      180
0
11:55:08                 2027.9     2152.2        7.8        7.8     2217.9      180
0
11:55:13                 2039.6     2152.2        7.8        7.8     2218.1      180
0
11:55:18                 2050.8     2152.2        7.8        7.8     2218.1      180
0
11:55:23                 2062.4     2152.2        7.8        7.8     2218.4      178
0
11:55:28                 2073.6     2152.2        7.8        7.8     2218.4      178
0
11:55:33                 2085.1     2152.2        7.8        7.8     2218.6      178
0
11:55:38                 2096.3     2152.9        7.1        7.1     2218.6       79
0
11:55:43                 2107.7     2153.0        7.0        7.0     2218.9       79
0
11:55:48                 2118.0     2153.0        7.0        7.0     2218.9       78
0
11:55:53                 2129.0     2153.0        7.0        7.0     2219.1       78
0
11:55:58                 2139.9     2153.0        7.0        7.0     2219.4       78
0
11:56:03                 2150.8     2157.0        7.0        7.0     2223.6       78
0
11:56:08                 2161.8     2169.0        7.0        7.0     2235.9       78
0
11:56:14                 1123.9     2173.0        7.0        7.0     2239.9       78
0
11:56:19                 1133.2     2172.9        7.1        7.1     2239.9       78
0
11:56:24                 1142.2     2172.8        7.2        7.2     2239.9       78
0
11:56:29                 1152.1     2172.9        7.1        7.1     2239.9       78
0
11:56:34                 1161.6     2172.8        7.2        7.2     2239.9       78
0
11:56:39                 1171.4     2172.8        7.2        7.2     2239.9       78
0
11:56:44                 1181.3     2172.8        7.2        7.2     2239.9       78
0
11:56:49                 1190.9     2172.8        7.2        7.2     2239.9       78
0
11:56:54                 1200.6     2172.8        7.2        7.2     2239.9       78
0
11:56:59                 1210.8     2172.8        7.2        7.2     2240.2       78
0
11:57:04                 1219.7     2172.8        7.2        7.2     2240.2       78
0
11:57:09                 1230.2     2172.8        7.2        7.2     2240.2       78
0
11:57:14                 1239.1     2172.8        7.2        7.2     2240.2       78
0
11:57:19                 1248.6     2172.7        7.3        7.3     2240.2       78
0
11:57:24                 1258.2     2172.8        7.2        7.2     2240.2       78
0
11:57:29                 1268.4     2172.7        7.3        7.3     2240.2       78
0
11:57:34                 1277.4     2172.7        7.3        7.3     2240.2       78
0
11:57:40                 1286.7     2172.7        7.3        7.3     2240.2       78
0
11:57:45                 1296.8     2172.7        7.3        7.3     2240.2       78
0
11:57:50                 1306.1     2172.7        7.3        7.3     2240.2       78
0
11:57:55                 1315.4     2172.7        7.3        7.3     2240.2       78
0
11:58:00                 1325.6     2172.7        7.3        7.3     2240.2       78
0
11:58:05                 1335.1     2172.7        7.3        7.3     2240.2       78
0
11:58:10                 1344.5     2172.7        7.3        7.3     2240.2       78
0
11:58:15                  997.8     2172.8        7.2        7.2     2240.2       78
0
11:58:20                 1005.7     2172.8        7.2        7.2     2240.2       78
0
11:58:25                 1014.6     2172.7        7.3        7.3     2240.2       78
0
11:58:30                 1023.9     2172.7        7.3        7.3     2240.2       78
0
11:58:35                 1032.8     2172.8        7.2        7.2     2240.2         78
11:58:40                 1041.5     2172.7        7.3        7.3     2240.2       78
0
11:58:45                 1050.8     2172.8        7.2        7.2     2240.2       78
0
11:58:50                 1060.3     2172.7        7.3        7.3     2240.2       78
0
11:58:56                 1070.0     2172.7        7.3        7.3     2240.2       78
0
11:59:01                 1078.8     2172.7        7.3        7.3     2240.2       78
0
11:59:06                 1266.3     2172.7        7.3        7.3     2244.0       78
0
11:59:11                 1606.5     2172.7        7.3        7.3     2244.2       78
0
11:59:16                 1640.3     2172.7        7.3        7.3     2244.2       78
0
11:59:21                 1649.4     2172.7        7.3        7.3     2244.3       78
0
11:59:26                 1658.7     2172.7        7.3        7.3     2244.3       78
0
11:59:31                 1668.1     2172.7        7.3        7.3     2244.3       78
0
11:59:36                 1677.9     2172.7        7.3        7.3     2244.4       78
0
11:59:41                 1688.3     2172.7        7.3        7.3     2244.4       78
0
11:59:46                 1697.8     2172.7        7.3        7.3     2244.4       78
0
11:59:51                 1707.7     2172.7        7.3        7.3     2244.4       78
0
11:59:56                 1717.2     2172.7        7.3        7.3     2244.4       78
0
12:00:01                 1727.0     2172.7        7.3        7.3     2244.5       78
0
12:00:06                 1736.6     2172.7        7.3        7.3     2244.5       78
0
12:00:11                 1746.6     2172.7        7.3        7.3     2244.5       78
0
12:00:17                 1756.1     2172.7        7.3        7.3     2244.5       78
0
12:00:22                 1766.5     2172.7        7.3        7.3     2244.5       78
0
12:00:27                 1775.9     2172.7        7.3        7.3     2244.9       78
0
12:00:32                 1785.8     2172.7        7.3        7.3     2244.9       78
0
12:00:37                 1795.3     2172.7        7.3        7.3     2244.9       78
0
12:00:42                 1805.1     2172.7        7.3        7.3     2245.2       78
0
12:00:47                 1814.6     2172.7        7.3        7.3     2245.2       78
0
12:00:52                 1824.5     2172.7        7.3        7.3     2245.5       78
0
12:00:57                 1834.6     2172.7        7.3        7.3     2245.5       78
0
12:01:02                 1844.2     2172.7        7.3        7.3     2245.5       78
0
12:01:07                 1007.8     2172.7        7.3        7.3     2245.6       78
0
12:01:12                 1016.2     2172.7        7.3        7.3     2245.6       78
0
12:01:17                 1023.9     2172.7        7.3        7.3     2245.6       78
0
12:01:22                 1032.3     2172.7        7.3        7.3     2245.6       78
0
12:01:27                 1041.2     2172.7        7.3        7.3     2245.7       78
0
12:01:32                 1050.2     2172.7        7.3        7.3     2245.7       78
0
12:01:38                 1058.8     2172.7        7.3        7.3     2245.7       78
0
12:01:43                 1067.3     2172.7        7.3        7.3     2245.7       78
0
12:01:48                 1075.8     2172.7        7.3        7.3     2245.8       78
0
12:01:53                 1085.0     2172.7        7.3        7.3     2245.8       78
0
12:01:58                 1093.6     2172.7        7.3        7.3     2245.8       78
0
12:02:03                 1102.2     2172.7        7.3        7.3     2245.8       78
0
12:02:08                 1110.8     2172.7        7.3        7.3     2245.8       78
0
12:02:13                 1119.9     2172.7        7.3        7.3     2245.8       78
0
12:02:18                 1128.3     2172.7        7.3        7.3     2245.8       78
0
12:02:23                 1136.8     2172.7        7.3        7.3     2245.9       78
0
12:02:28                 1146.1     2172.7        7.3        7.3     2245.9       78
0
12:02:33                 1154.6     2172.7        7.3        7.3     2245.9       78
0
12:02:38                 1162.9     2172.7        7.3        7.3     2245.9       78
0
12:02:43                 1172.2     2172.7        7.3        7.3     2246.0       78
0
12:02:48                 1180.6     2172.7        7.3        7.3     2246.0       78
0
12:02:54                 1189.4     2172.7        7.3        7.3     2246.0       78
0
12:02:59                 1198.7     2172.7        7.3        7.3     2246.0       78
0
12:03:04                 1207.8     2172.7        7.3        7.3     2246.0       78
0
12:03:09                 1015.7     2172.7        7.3        7.3     2246.0       79
0
12:03:14                 1023.4     2172.7        7.3        7.3     2246.0       78
0
12:03:19                 1031.0     2172.7        7.3        7.3     2246.0       78
0
12:03:24                 1039.6     2172.7        7.3        7.3     2246.0       78
0
12:03:29                 1048.3     2172.7        7.3        7.3     2246.0       78
0
12:03:34                 1056.8     2172.7        7.3        7.3     2246.0       78
0
12:03:39                 1065.4     2172.7        7.3        7.3     2246.0       78
0
12:03:44                 1073.8     2172.7        7.3        7.3     2246.0       78
0
12:03:49                 1082.2     2172.7        7.3        7.3     2246.0       78
0
12:03:54                 1091.3     2172.7        7.3        7.3     2246.0       78
0
12:03:59                 1099.9     2172.7        7.3        7.3     2246.0       78
0
12:04:05                 1108.4     2172.7        7.3        7.3     2246.0       78
0
12:04:10                 1124.0     2172.7        7.3        7.3     2246.0       79
0
12:04:15                 1307.7     2172.6        7.4        7.4     2246.1       79
0
12:04:20                 1623.0     2172.7        7.3        7.3     2246.1       79
0
12:04:25                 1706.7     2172.7        7.3        7.3     2246.1       79
0
12:04:30                 1724.9     2172.7        7.3        7.3     2246.1       79
0
12:04:35                 1743.6     2172.7        7.3        7.3     2246.1       79
0
12:04:40                 1763.1     2172.7        7.3        7.3     2246.1       79
0
12:04:45                 1783.3     2172.7        7.3        7.3     2246.6       79
0
12:04:50                 1802.6     2172.7        7.3        7.3     2247.1       79
0
12:04:55                 1822.4     2172.7        7.3        7.3     2247.3       79
0
12:05:00                 1842.2     2172.7        7.3        7.3     2247.3         79
12:05:06                 1863.0     2172.7        7.3        7.3     2248.1       79
0
12:05:11                 1882.3     2172.7        7.3        7.3     2248.5       79
0
12:05:16                 1902.3     2172.7        7.3        7.3     2248.8       80
0
12:05:21                 1922.4     2172.7        7.3        7.3     2249.1       81
0
12:05:26                 1942.5     2172.6        7.4        7.4     2249.9       79
0
12:05:31                 1962.7     2172.6        7.4        7.4     2250.2       79
0
12:05:36                 1983.5     2172.6        7.4        7.4     2250.3       79
0
12:05:41                 2004.1     2172.6        7.4        7.4     2250.8       79
0
12:05:46                 2025.2     2172.6        7.4        7.4     2251.4       79
0
12:05:51                 2045.6     2172.6        7.4        7.4     2251.7       79
0
12:05:56                 2066.2     2172.6        7.4        7.4     2251.8       79
0
12:06:01                 2086.3     2172.6        7.4        7.4     2252.6       79
0
12:06:06                 2107.4     2172.6        7.4        7.4     2253.1       79
0
12:06:12                 2127.3     2172.6        7.4        7.4     2253.5       79
0
12:06:17                 1067.8     2172.6        7.4        7.4     2253.9       79
0
12:06:22                 1084.1     2172.6        7.4        7.4     2253.9       79
0
12:06:27                 1107.0     2172.6        7.4        7.4     2254.0       79
0
12:06:32                 1123.6     2172.6        7.4        7.4     2254.0       79
0
12:06:37                 1141.2     2172.6        7.4        7.4     2254.0       79
0
12:06:42                 1158.2     2172.6        7.4        7.4     2254.1         79
12:06:47                 1176.1     2172.6        7.4        7.4     2254.1       79
0
12:06:52                 1193.5     2172.5        7.5        7.5     2254.2       79
0
12:06:57                 1210.7     2172.6        7.4        7.4     2254.2       79
0
12:07:02                 1228.5     2172.6        7.4        7.4     2254.3       79
0
12:07:08                 1245.8     2172.6        7.4        7.4     2254.3       79
0
12:07:13                 1263.2     2172.6        7.4        7.4     2254.3       79
0
12:07:18                 1281.2     2172.6        7.4        7.4     2254.4       79
0
12:07:23                 1298.8     2172.6        7.4        7.4     2254.5       79
0
12:07:28                 1316.6     2172.5        7.5        7.5     2254.5       79
0
12:07:33                 1334.2     2172.5        7.5        7.5     2254.5       79
0
12:07:38                 1352.1     2172.5        7.5        7.5     2254.6       79
0
12:07:43                 1369.5     2172.5        7.5        7.5     2254.6       79
0
12:07:48                 1388.3     2172.5        7.5        7.5     2254.6       79
0
12:07:53                 1405.8     2172.5        7.5        7.5     2254.7       79
0
12:07:58                 1424.5     2172.5        7.5        7.5     2254.8       79
0
12:08:03                 1443.2     2172.5        7.5        7.5     2254.8       79
0
12:08:09                 1462.1     2172.5        7.5        7.5     2254.9       79
0
12:08:14                 1480.9     2172.5        7.5        7.5     2255.0       79
0
12:08:19                 1087.5     2172.5        7.5        7.5     2255.0       79
0
12:08:24                 1103.5     2172.5        7.5        7.5     2255.0       79
0
12:08:29                 1120.7     2172.5        7.5        7.5     2255.0       79
0
12:08:34                 1138.2     2172.5        7.5        7.5     2255.0       79
0
12:08:39                 1155.7     2172.5        7.5        7.5     2255.0       81
0
12:08:44                 1173.0     2172.5        7.5        7.5     2255.0       79
0
12:08:49                 1190.9     2172.5        7.5        7.5     2255.0       79
0
12:08:54                 1209.0     2172.5        7.5        7.5     2255.0       79
0
12:08:59                 1226.2     2172.5        7.5        7.5     2255.0       79
0
12:09:04                 1243.3     2172.5        7.5        7.5     2255.0       79
0
12:09:09                 1261.4     2172.5        7.5        7.5     2255.0       79
0
12:09:15                 1278.7     2172.5        7.5        7.5     2255.0       79
0
12:09:20                 1296.5     2172.5        7.5        7.5     2255.0       79
0
12:09:25                 1481.8     2188.5        7.5        7.5     2271.5       79
0
12:09:30                 1825.4     2188.5        7.5        7.5     2271.5       79
0
12:09:35                 1895.4     2188.5        7.5        7.5     2271.5       79
0
12:09:40                 1913.9     2188.5        7.5        7.5     2271.5       79
0
12:09:45                 1932.8     2188.5        7.5        7.5     2271.5       79
0
12:09:50                 1951.9     2188.5        7.5        7.5     2271.5       79
0
12:09:55                 1970.9     2188.5        7.5        7.5     2271.5       79
0
12:10:00                 1990.3     2188.5        7.5        7.5     2271.5       79
0
12:10:05                 2009.8     2188.5        7.5        7.5     2271.5       79
0
12:10:11                 2030.4     2188.5        7.5        7.5     2271.5       79
0
12:10:16                 2050.6     2188.5        7.5        7.5     2271.5       80
0
12:10:21                 2071.1     2188.5        7.5        7.5     2271.5       79
0
12:10:26                 2091.5     2188.5        7.5        7.5     2271.5       79
0
12:10:31                 2112.0     2188.5        7.5        7.5     2271.5       79
0
12:10:36                 2132.9     2188.5        7.5        7.5     2271.7       79
0
12:10:41                 2153.6     2188.5        7.5        7.5     2272.5       79
0
12:10:46                 2174.5     2188.5        7.5        7.5     2272.7       79
0
12:10:51                 2195.9     2200.5        7.5        7.5     2284.7       79
0
12:10:56                 2215.9     2220.5        7.5        7.5     2305.5       79
0
12:11:01                 2236.4     2244.5        7.5        7.5     2329.9       79
0
12:11:06                 2257.1     2264.5        7.5        7.5     2350.2       79
0
12:11:12                 2277.9     2284.5        7.5        7.5     2370.6       79
0
12:11:17                 2298.1     2304.5        7.5        7.5     2391.4       79
0
12:11:22                 2318.9     2324.5        7.5        7.5     2411.5       79
0
12:11:27                 1138.1     2332.5        7.5        7.5     2419.5       79
0
12:11:32                 1153.7     2332.5        7.5        7.5     2419.5       79
0
12:11:37                 1170.7     2332.5        7.5        7.5     2419.5       79
0
12:11:42                 1188.3     2332.5        7.5        7.5     2419.5       79
0
12:11:47                 1205.9     2332.5        7.5        7.5     2419.5       79
0
12:11:52                 1223.2     2332.5        7.5        7.5     2419.5       79
0
12:11:57                 1240.6     2332.5        7.5        7.5     2419.5       79
0
12:12:02                 1258.4     2332.5        7.5        7.5     2419.5       79
0
12:12:07                 1275.9     2332.5        7.5        7.5     2419.5       79
0
12:12:12                 1293.5     2332.5        7.5        7.5     2419.5       79
0
12:12:18                 1311.3     2332.5        7.5        7.5     2419.5       79
0
12:12:23                 1328.7     2332.5        7.5        7.5     2419.5         79
12:12:28                 1346.2     2332.5        7.5        7.5     2419.5       79
0
12:12:33                 1363.8     2332.5        7.5        7.5     2419.5       79
0
12:12:38                 1382.4     2332.5        7.5        7.5     2419.5       79
0
12:12:43                 1399.8     2332.5        7.5        7.5     2419.5       79
0
12:12:48                 1418.2     2332.5        7.5        7.5     2419.5       79
0
12:12:53                 1435.4     2332.5        7.5        7.5     2419.5       79
0
12:12:58                 1454.2     2332.5        7.5        7.5     2419.6       79
0
12:13:03                 1471.8     2332.5        7.5        7.5     2419.6       79
0
12:13:08                 1490.4     2332.5        7.5        7.5     2419.6         79
12:13:14                 1508.8     2332.5        7.5        7.5     2419.7         79
12:13:19                 1528.0     2332.5        7.5        7.5     2419.8       79
0
12:13:24                 1136.5     2332.5        7.5        7.5     2419.8         79
12:13:29                 1151.5     2332.5        7.5        7.5     2419.8       79
0
12:13:34                 1168.4     2332.5        7.5        7.5     2419.8       79
0
12:13:39                 1185.5     2332.5        7.5        7.5     2419.8       79
0
12:13:44                 1203.3     2332.5        7.5        7.5     2419.8       79
0
12:13:49                 1220.6     2332.5        7.5        7.5     2419.8       79
0
12:13:54                 1239.2     2332.5        7.5        7.5     2419.8       79
0
12:13:59                 1256.2     2332.5        7.5        7.5     2419.8       79
0
12:14:04                 1273.7     2332.5        7.5        7.5     2419.8       79
0
12:14:10                 1291.7     2332.5        7.5        7.5     2419.8       79
0
12:14:15                 1309.0     2332.5        7.5        7.5     2419.8       79
0
12:14:20                 1326.8     2332.5        7.5        7.5     2419.8       79
0
12:14:25                 1343.9     2332.5        7.5        7.5     2419.8       79
0
12:14:30                 1362.3     2332.5        7.5        7.5     2419.8       79
0
12:14:35                 1517.4     2340.5        7.5        7.5     2428.0       79
0
12:14:40                 1820.2     2340.5        7.5        7.5     2428.0       79
0
12:14:45                 1901.8     2340.5        7.5        7.5     2428.0       79
0
12:14:50                 1920.0     2340.5        7.5        7.5     2428.0       79
0
12:14:55                 1938.3     2340.5        7.5        7.5     2428.0         79
12:15:00                 1957.2     2340.4        7.6        7.6     2428.0       79
0
12:15:05                 1975.4     2340.4        7.6        7.6     2428.0       79
0
12:15:10                 1993.9     2340.4        7.6        7.6     2428.0       79
0
12:15:16                 2012.6     2340.4        7.6        7.6     2428.0       79
0
12:15:21                 2032.1     2340.4        7.6        7.6     2428.0       79
0
12:15:26                 2050.8     2340.4        7.6        7.6     2428.0         79
12:15:31                 2070.3     2340.4        7.6        7.6     2428.0       79
0
12:15:36                 2090.3     2340.4        7.6        7.6     2428.0       81
0
12:15:41                 2114.4     2340.4        7.6        7.6     2428.0       79
0
12:15:46                 2134.7     2340.4        7.6        7.6     2428.0       79
0
12:15:51                 2154.3     2340.4        7.6        7.6     2428.0       79
0
12:15:56                 2174.2     2340.4        7.6        7.6     2428.0       79
0
12:16:01                 2193.8     2340.4        7.6        7.6     2428.0         79
12:16:06                 2213.4     2340.4        7.6        7.6     2428.0       79
0
12:16:12                 2233.2     2340.4        7.6        7.6     2428.0       79
0
12:16:17                 2253.3     2340.4        7.6        7.6     2428.0       79
0
12:16:22                 2273.5     2340.4        7.6        7.6     2428.0       79
0
12:16:27                 2293.5     2340.4        7.6        7.6     2428.0       79
0
12:16:32                 2313.9     2340.4        7.6        7.6     2428.0       79
0
12:16:37                 1183.5     2340.4        7.6        7.6     2428.1       79
0
12:16:42                 1199.6     2340.4        7.6        7.6     2428.1       79
0
12:16:47                 1216.5     2340.4        7.6        7.6     2428.1       79
0
12:16:52                 1233.7     2340.4        7.6        7.6     2428.1       79
0
12:16:57                 1251.8     2340.4        7.6        7.6     2428.1       79
0
12:17:02                 1269.6     2340.4        7.6        7.6     2428.1       79
0
12:17:07                 1287.1     2340.4        7.6        7.6     2428.1       79
0
12:17:13                 1304.7     2340.4        7.6        7.6     2428.1       79
0
12:17:18                 1322.7     2340.4        7.6        7.6     2428.1       79
0
12:17:23                 1339.9     2340.4        7.6        7.6     2428.1       79
0
12:17:28                 1357.8     2340.4        7.6        7.6     2428.1       79
0
12:17:33                 1375.1     2340.4        7.6        7.6     2428.1       79
0
12:17:38                 1393.0     2340.4        7.6        7.6     2428.1       79
0
12:17:43                 1410.9     2340.4        7.6        7.6     2428.1       79
0
12:17:48                 1429.0     2340.4        7.6        7.6     2428.1       79
0
12:17:53                 1446.6     2340.4        7.6        7.6     2428.1       79
0
12:17:58                 1465.0     2340.4        7.6        7.6     2428.1       79
0
12:18:03                 1483.0     2340.4        7.6        7.6     2428.1       79
0
12:18:08                 1501.3     2340.4        7.6        7.6     2428.1       80
0
12:18:14                 1519.4     2340.4        7.6        7.6     2428.1       79
0
12:18:19                 1537.3     2340.4        7.6        7.6     2428.1       79
0
12:18:24                 1556.3     2340.4        7.6        7.6     2428.1       79
0
12:18:29                 1574.4     2340.4        7.6        7.6     2428.1       79
0
12:18:34                 1182.4     2340.4        7.6        7.6     2428.1       79
0
12:18:39                 1198.1     2340.4        7.6        7.6     2428.1       79
0
12:18:44                 1214.5     2340.4        7.6        7.6     2428.1         79
12:18:49                 1231.7     2340.4        7.6        7.6     2428.1       79
0
12:18:54                 1250.8     2340.4        7.6        7.6     2428.1       80
0
12:18:59                 1267.6     2340.4        7.6        7.6     2428.1       79
0
12:19:04                 1285.3     2340.4        7.6        7.6     2428.1       79
0
12:19:09                 1303.1     2340.4        7.6        7.6     2428.1       79
0
12:19:15                 1321.1     2340.4        7.6        7.6     2428.1       81
0
12:19:20                 1339.0     2340.4        7.6        7.6     2428.1         80
12:19:25                 1357.6     2340.4        7.6        7.6     2428.1       79
0
12:19:30                 1375.8     2340.4        7.6        7.6     2428.1       79
0
12:19:35                 1393.6     2340.4        7.6        7.6     2428.1       79
0
12:19:40                 1412.3     2340.4        7.6        7.6     2428.1       79
0
12:19:45                 1531.1     2348.4        7.6        7.6     2436.3         80
12:19:50                 1851.2     2348.4        7.6        7.6     2436.3       79
0
12:19:55                 1899.2     2348.4        7.6        7.6     2436.3       79
0
12:20:00                 1918.1     2348.4        7.6        7.6     2436.3       79
0
12:20:05                 1936.8     2348.4        7.6        7.6     2436.3       79
0
12:20:10                 1956.5     2348.4        7.6        7.6     2436.3       79
0
12:20:16                 1975.8     2348.4        7.6        7.6     2436.3       79
0
12:20:21                 1994.5     2348.4        7.6        7.6     2436.3       79
0
12:20:26                 2013.4     2348.4        7.6        7.6     2436.3       80
0
12:20:31                 2031.2     2348.4        7.6        7.6     2436.3       79
0
12:20:36                 2044.3     2348.4        7.6        7.6     2436.3       79
0
12:20:41                 2058.1     2348.4        7.6        7.6     2436.3       79
0
12:20:46                 2071.4     2348.4        7.6        7.6     2436.3         81
12:20:51                 2085.2     2348.4        7.6        7.6     2436.3       79
0
12:20:56                 2098.6     2348.4        7.6        7.6     2436.3       79
0
12:21:01                 2112.1     2348.4        7.6        7.6     2436.3       79
0
12:21:06                 2125.2     2348.4        7.6        7.6     2436.3       79
0
12:21:11                 2138.7     2348.4        7.6        7.6     2436.3       79
0
12:21:17                 2151.7     2348.4        7.6        7.6     2436.3       79
0
12:21:22                 2165.0     2348.4        7.6        7.6     2436.3       79
0
12:21:27                 2177.5     2348.4        7.6        7.6     2436.3       79
0
12:21:32                 2191.0     2348.4        7.6        7.6     2436.3       79
0
12:21:37                 2204.3     2348.4        7.6        7.6     2436.3       79
0
12:21:42                 2217.3     2348.4        7.6        7.6     2436.3       79
0
12:21:47                 1215.0     2348.4        7.6        7.6     2436.3       79
0
12:21:52                 1224.7     2348.4        7.6        7.6     2436.3       79
0
12:21:57                 1235.7     2348.4        7.6        7.6     2436.3       79
0
12:22:02                 1247.0     2348.4        7.6        7.6     2436.3       78
0
12:22:07                 1258.7     2348.4        7.6        7.6     2436.3       78
0
12:22:12                 1269.8     2348.4        7.6        7.6     2436.3       78
0
12:22:18                 1281.5     2348.4        7.6        7.6     2436.3       78
0
12:22:23                 1292.7     2348.4        7.6        7.6     2436.3       78
0
12:22:28                 1304.1     2348.4        7.6        7.6     2436.3       78
0
12:22:33                 1315.6     2348.4        7.6        7.6     2436.3       80
0
12:22:38                 1327.1     2348.4        7.6        7.6     2436.3       78
0
12:22:43                 1338.2     2348.4        7.6        7.6     2436.3       78
0
12:22:48                 1350.1     2348.4        7.6        7.6     2436.3       78
0
12:22:53                 1360.9     2348.4        7.6        7.6     2436.3       78
0
12:22:58                 1372.4     2348.4        7.6        7.6     2436.3       78
0
12:23:03                 1383.9     2348.4        7.6        7.6     2436.3       78
0
12:23:08                 1394.8     2348.4        7.6        7.6     2436.3       78
0
12:23:13                 1406.2     2348.4        7.6        7.6     2436.3       78
0
12:23:19                 1417.2     2348.4        7.6        7.6     2436.3       78
0
12:23:24                 1428.5     2348.4        7.6        7.6     2436.3       78
0
12:23:29                 1439.7     2348.4        7.6        7.6     2436.3       78
0
12:23:34                 1450.4     2348.4        7.6        7.6     2436.3       78
0
12:23:39                 1462.2     2348.4        7.6        7.6     2436.3       78
0
12:23:44                 1208.5     2348.4        7.6        7.6     2436.4       78
0
12:23:49                 1218.5     2348.4        7.6        7.6     2436.4       78
0
