# timestamp=sample time  cpu%=% of one core (may exceed 100)  rss_MiB=resident RAM
timestamp                cpu%      rss_MiB
11:59:11                  100          256
11:59:16                  793          827
11:59:21                  928         1389
11:59:26                  991         2040
11:59:31                 1016         2551
11:59:36                 1028         2893
11:59:41                 1042         3553
11:59:46                 1059         4020
11:59:51                 1074         4760
11:59:56                 1081         5250
12:00:01                 1091         5853
12:00:06                 1098         6488
12:00:11                 1105         7170
12:00:16                 1070         7527
12:00:21                 1022         7597
12:00:27                  989         7977
12:00:32                  966         8147
12:00:37                  941         8191
12:00:42                  911         8191
12:00:47                  891         8191
12:00:52                  873         8197
12:00:57                  850         8197
12:01:02                  836         8201
12:01:07                  816         8201
12:01:12                  804         8205
12:01:17                  788         8205
12:01:22                  778         8263
12:01:27                  768         8264
12:01:32                  755         8264
12:01:37                  747         8264
12:01:42                  735         8264
12:01:47                  728         8264
12:01:52                  721         8264
12:01:57                  711         8264
12:02:03                  706         8264
12:02:08                  697         8264
12:02:13                  692         8264
12:02:18                  687         8264
12:02:23                  679         8266
12:02:28                  675         8266
12:02:33                  668         8266
12:02:38                  664         8266
12:02:43                  658         8266
12:02:48                  655         8266
12:02:53                  651         8267
12:02:58                  646         8267
12:03:03                  643         8267
12:03:08                  637         8267
12:03:13                  637         8267
12:03:18                  636         8342
12:03:23                  637         8377
12:03:29                  637         8383
12:03:34                  633         8384
12:03:39                  633         8408
12:03:44                  633         8433
12:03:49                  633         8447
12:03:54                  633         8459
12:03:59                  633         8525
12:04:04                  630         8525
12:04:09                  629         8550
12:04:14                  628         8574
12:04:20                  628         8948
12:04:25                  630         9395
12:04:30                  633         9397
12:04:35                  634         9397
12:04:40                  636         9398
12:04:45                  635         9449
12:04:50                  634         9490
12:04:55                  634         9490
12:05:00                  634         9490
12:05:05                  637         9958
12:05:10                  637         9958
12:05:15                  640         9958
12:05:20                  641         9958
12:05:25                  641         9959
12:05:31                  641         9959
12:05:36                  640         9959
12:05:41                  640         9959
12:05:46                  640         9959
12:05:51                  643         9960
12:05:56                  644         9962
12:06:01                  647         9962
12:06:06                  650         9962
12:06:11                  651         9962
12:06:16                  654         9962
12:06:21                  655         9966
12:06:26                  658         9967
12:06:32                  660        10147
12:06:37                  662        10305
12:06:42                  665        10305
12:06:47                  666        10305
12:06:52                  665        10305
12:06:57                  665        10310
12:07:02                  666        10312
12:07:07                  666        10312
12:07:12                  667        10312
12:07:17                  669        10313
12:07:22                  669        10357
12:07:27                  669        10358
12:07:33                  670        10358
12:07:38                  673        10358
12:07:43                  674        10358
12:07:48                  674        10358
12:07:53                  675        10358
12:07:58                  677        10359
12:08:03                  678        10358
12:08:08                  678        10359
12:08:13                  678        10359
12:08:18                  679        10359
12:08:23                  679        10359
12:08:28                  680        10383
12:08:33                  680        10383
12:08:39                  681        10390
12:08:44                  684        10563
12:08:49                  685        10594
12:08:54                  688        10594
12:08:59                  691        10596
12:09:04                  692        10600
12:09:09                  695        10600
12:09:14                  697        10669
12:09:19                  696        10669
12:09:24                  695        10669
12:09:29                  694        10669
12:09:34                  693        10669
12:09:39                  693        10669
12:09:45                  696        10818
12:09:50                  697        10829
12:09:55                  698        10891
12:10:00                  698        10893
12:10:05                  701        10896
12:10:10                  701        10898
12:10:15                  702        11026
12:10:20                  703        11040
12:10:25                  705        11041
12:10:30                  706        11041
12:10:35                  707        11041
12:10:40                  707        11041
12:10:46                  707        11041
12:10:51                  708        11041
12:10:56                  708        11041
12:11:01                  709        11135
12:11:06                  711        11244
12:11:11                  712        11244
12:11:16                  712        11244
12:11:21                  711        11244
12:11:26                  711        11244
12:11:31                  711        11244
12:11:36                  712        11244
12:11:41                  712        11244
12:11:47                  712        11244
12:11:52                  712        11244
12:11:57                  713        11245
12:12:02                  712        11245
12:12:07                  711        11245
12:12:12                  711        11549
12:12:17                  713        12093
12:12:22                  714        12094
12:12:27                  715        11956
12:12:32                  715        11956
12:12:37                  716        11956
12:12:43                  717        11956
12:12:48                  719        11956
12:12:53                  720        11956
12:12:58                  722        11956
12:13:03                  723        11956
12:13:08                  725        11956
12:13:13                  727        12057
12:13:18                  728        12266
12:13:23                  730        12267
12:13:28                  732        12268
12:13:33                  733        12268
12:13:38                  734        12268
12:13:44                  734        12198
12:13:49                  734        12088
12:13:54                  734        12088
12:13:59                  734        12088
12:14:04                  734        11692
12:14:09                  734        11692
12:14:14                  734        11692
12:14:19                  734        11692
12:14:24                  732        11692
12:14:29                  731        11692
12:14:34                  731        11692
12:14:39                  730        11694
12:14:44                  730        11694
12:14:49                  730        11694
12:14:54                  729        11694
12:15:00                  729        11694
12:15:05                  730        11709
12:15:10                  731        11721
12:15:15                  731        11756
12:15:20                  733        11756
12:15:25                  732        11756
12:15:30                  732        11756
12:15:35                  731        11756
12:15:40                  731        11763
12:15:45                  731        11763
12:15:50                  732        11763
12:15:55                  732        12073
12:16:01                  732        12148
12:16:06                  732        12208
12:16:11                  734        12227
12:16:16                  735        12229
12:16:21                  736        12229
12:16:26                  736        12229
12:16:31                  737        12229
12:16:36                  737        12229
12:16:42                  738        12229
12:16:47                  739        12237
12:16:52                  740        12237
12:16:57                  741        12239
12:17:02                  739        12239
12:17:07                  739        12239
12:17:12                  738        12247
12:17:17                  738        12247
12:17:22                  736        12247
12:17:27                  736        12247
12:17:32                  734        12247
12:17:37                  734        12247
12:17:43                  733        12247
12:17:48                  732        12247
12:17:53                  732        12247
12:17:58                  731        12247
12:18:03                  730        12247
12:18:08                  729        12247
12:18:13                  730        12248
12:18:18                  730        12249
12:18:23                  730        12339
12:18:28                  730        12405
12:18:33                  731        12405
12:18:38                  732        12405
12:18:44                  733        12405
12:18:49                  734        12405
12:18:54                  734        12405
12:18:59                  734        12405
12:19:04                  735        12549
12:19:09                  735        13043
12:19:14                  736        13137
12:19:19                  735        13054
12:19:24                  735        13054
12:19:29                  733        12814
12:19:34                  733        12814
12:19:39                  732        12813
12:19:44                  731        12813
12:19:49                  731        12814
12:19:55                  732        12814
12:20:00                  731        12814
12:20:05                  730        12814
12:20:10                  730        13058
12:20:15                  730        13231
12:20:20                  730        13231
12:20:25                  729        13016
12:20:30                  729        13016
12:20:35                  728        13016
12:20:41                  728        13016
12:20:46                  726        13016
12:20:51                  726        12590
12:20:56                  726        12590
12:21:01                  726        12590
12:21:06                  727        12590
12:21:11                  726        12590
12:21:16                  726        12491
12:21:21                  726        12490
12:21:26                  724        12490
12:21:31                  724        12499
12:21:36                  724        12325
12:21:41                  723        12325
12:21:46                  723        12325
12:21:52                  724        12699
12:21:57                  725        12706
12:22:02                  726        12706
12:22:07                  728        12707
12:22:12                  728        12707
12:22:17                  729        12707
12:22:22                  730        12707
12:22:27                  731        12710
12:22:32                  732        12710
12:22:38                  733        12710
12:22:43                  733        12710
12:22:48                  733        12710
12:22:53                  734        12711
12:22:58                  735        12712
12:23:03                  734        12702
12:23:08                  733        12702
12:23:13                  733        12704
12:23:18                  732        12709
12:23:23                  732        12709
12:23:28                  731        12711
12:23:33                  731        12718
12:23:39                  731        12718
12:23:44                  731        12720
12:23:49                  730        12905
12:23:54                  729        12905
12:23:59                  729        12905
12:24:04                  728        12905
12:24:09                  728        12905
12:24:14                  728        12905
12:24:19                  727        12905
12:24:24                  726        12905
12:24:29                  726        12905
12:24:34                  725        12905
12:24:39                  724        12905
12:24:45                  723        12905
12:24:50                  722        12905
12:24:55                  722        12905
12:25:00                  723        13026
12:25:05                  723        13031
12:25:10                  723        13032
12:25:15                  723        13033
12:25:20                  722        13033
12:25:25                  723        13033
12:25:30                  723        13033
12:25:35                  723        13033
12:25:40                  723        13033
12:25:46                  723        13033
12:25:51                  723        13180
12:25:56                  723        13286
12:26:01                  723        13631
12:26:06                  722        13698
12:26:11                  722        13713
12:26:16                  723        13713
12:26:21                  724        13713
12:26:26                  724        13588
12:26:31                  725        13588
12:26:37                  725        13588
12:26:42                  725        13532
12:26:47                  725        13532
12:26:52                  726        13532
12:26:57                  727        13532
12:27:02                  728        13294
12:27:07                  728        13294
12:27:12                  729        13294
12:27:18                  730        13294
12:27:23                  731        13294
12:27:28                  731        13294
12:27:33                  733        13294
12:27:38                  733        13294
12:27:43                  733        13294
12:27:48                  734        13294
12:27:53                  735        13294
12:27:59                  735        13294
12:28:04                  735        13294
12:28:09                  735        13294
12:28:14                  736        13294
12:28:19                  736        13294
12:28:24                  736        12867
12:28:30                  735        12867
12:28:35                  734        12867
12:28:40                  734        12867
12:28:45                  734        12867
12:28:50                  733        12870
12:28:55                  733        12874
12:29:00                  732        12874
12:29:05                  733        12874
12:29:10                  733        12874
