# timestamp=sample time  heapMiB=HeapInuse(live)  heapSysMiB=HeapSys(from OS)  stackMiB/stackSysMiB=goroutine stacks  sysMiB=Sys(total from OS)  numGoroutine=live goroutines
timestamp               heapMiB heapSysMiB   stackMiB stackSysMiB     sysMiB numGoroutine
11:19:49                   10.2       18.7        1.3        1.3       29.8       75
0
11:19:54                  431.7      570.5       13.5       13.5      609.5      189
0
11:19:59                  716.6      726.4       13.6       13.6      767.7      190
0
11:20:04                  733.2      742.6       13.4       13.4      784.1      190
0
11:20:09                  751.0      758.6       13.4       13.4      800.6      190
0
11:20:14                  769.2      778.5       13.5       13.5      821.4      190
0
11:20:19                  403.3      786.5       13.5       13.5      829.4      190
0
11:20:24                  419.2      786.5       13.5       13.5      829.4      186
0
11:20:30                  436.1      786.6       13.4       13.4      829.4      186
0
11:20:35                  452.5      786.6       13.4       13.4      829.4      186
0
11:20:40                  468.9      786.5       13.5       13.5      829.4      186
0
11:20:45                  486.8      786.5       13.5       13.5      829.4      186
0
11:20:50                  504.7      786.5       13.5       13.5      829.4      186
0
11:20:55                  523.3      786.4       13.6       13.6      829.4      186
0
11:21:00                  542.0      786.4       13.6       13.6      829.4      188
0
11:21:05                  561.2      786.4       13.6       13.6      829.4      186
0
11:21:10                  579.9      786.4       13.6       13.6      829.4      188
0
11:21:15                  598.4      786.4       13.6       13.6      829.4      186
0
11:21:20                  618.1      786.3       13.7       13.7      829.5      178
0
11:21:25                  637.6      787.1       12.9       12.9      829.6       79
0
11:21:30                  655.5      787.1       12.9       12.9      829.6       79
0
11:21:35                  674.1      787.1       12.9       12.9      830.2       79
0
11:21:40                  693.5      787.1       12.9       12.9      830.7       79
0
11:21:45                  389.4      787.2       12.8       12.8      830.8       79
0
11:21:50                  403.6      787.3       12.7       12.7      830.8       79
0
11:21:56                  419.6      787.3       12.7       12.7      830.8       79
0
11:22:01                  436.0      787.4       12.6       12.6      830.8       79
0
11:22:06                  452.6      787.5       12.5       12.5      830.8       79
0
11:22:11                  469.5      787.6       12.4       12.4      830.8       79
0
11:22:16                  487.9      787.7       12.3       12.3      830.8       79
0
11:22:21                  504.8      787.9       12.1       12.1      830.8       79
0
11:22:26                  522.2      787.9       12.1       12.1      830.8       79
0
11:22:31                  539.0      787.9       12.1       12.1      830.9       79
0
11:22:36                  557.3      787.9       12.1       12.1      830.9       79
0
11:22:41                  575.0      787.9       12.1       12.1      830.9       79
0
11:22:46                  592.6      787.9       12.1       12.1      831.0       79
0
11:22:51                  610.6      787.9       12.1       12.1      831.1       79
0
11:22:56                  628.5      787.9       12.1       12.1      831.1       79
0
11:23:01                  646.6      787.9       12.1       12.1      831.2       79
0
11:23:06                  665.7      787.9       12.1       12.1      831.2       79
0
11:23:12                  375.7      788.0       12.0       12.0      831.3       79
0
11:23:17                  390.8      788.0       12.0       12.0      831.5       80
0
11:23:22                  407.5      788.0       12.0       12.0      831.5       79
0
11:23:27                  423.8      788.0       12.0       12.0      831.5         79
11:23:32                  440.5      788.0       12.0       12.0      831.5       79
0
11:23:37                  457.6      788.0       12.0       12.0      831.5       79
0
11:23:42                  475.3      788.1       11.9       11.9      831.5       79
0
11:23:47                  492.2      788.1       11.9       11.9      831.5       79
0
11:23:52                  509.8      788.1       11.9       11.9      831.5         79
11:23:57                  527.0      788.1       11.9       11.9      831.5       79
0
11:24:02                  544.6      788.1       11.9       11.9      831.6       79
0
11:24:07                  562.4      788.1       11.9       11.9      831.6       79
0
11:24:12                  580.6      788.1       11.9       11.9      831.7       79
0
11:24:17                  599.1      788.1       11.9       11.9      831.7       79
0
11:24:22                  617.6      788.1       11.9       11.9      831.8       79
0
11:24:27                  384.0      788.1       11.9       11.9      831.8       79
0
11:24:33                  400.2      788.1       11.9       11.9      831.8       79
0
11:24:38                  416.2      788.1       11.9       11.9      831.8       79
0
11:24:43                  433.0      788.1       11.9       11.9      831.8       79
0
11:24:48                  450.5      788.1       11.9       11.9      831.8       79
0
11:24:53                  618.9      788.2       11.8       11.8      832.6       79
0
11:24:58                  665.3      788.2       11.8       11.8      833.3       79
0
11:25:03                  683.1      788.2       11.8       11.8      833.8       81
0
11:25:08                  701.5      788.2       11.8       11.8      834.1       79
0
11:25:13                  720.1      788.2       11.8       11.8      834.3       79
0
11:25:18                  738.9      788.2       11.8       11.8      834.3       79
0
11:25:23                  758.1      788.2       11.8       11.8      835.5       79
0
11:25:28                  777.7      788.2       11.8       11.8      835.8       79
0
11:25:33                  797.7      804.2       11.8       11.8      852.1       79
0
11:25:38                  817.0      824.2       11.8       11.8      872.4       79
0
11:25:43                  836.9      844.2       11.8       11.8      893.3       79
0
11:25:48                  402.2      868.2       11.8       11.8      917.4       79
0
11:25:53                  415.9      868.2       11.8       11.8      917.4       79
0
11:25:59                  430.8      868.2       11.8       11.8      917.4       79
0
11:26:04                  446.9      868.2       11.8       11.8      917.4       79
0
11:26:09                  463.5      868.2       11.8       11.8      917.4       79
0
11:26:14                  480.7      868.2       11.8       11.8      917.4       79
0
11:26:19                  497.5      868.2       11.8       11.8      917.4       79
0
11:26:24                  514.8      868.2       11.8       11.8      917.4       79
0
11:26:29                  532.2      868.2       11.8       11.8      917.4       79
0
11:26:34                  549.8      868.2       11.8       11.8      917.4       79
0
11:26:39                  567.3      868.2       11.8       11.8      917.5       79
0
11:26:44                  585.5      868.2       11.8       11.8      917.5       79
0
11:26:49                  603.5      868.2       11.8       11.8      917.6       79
0
11:26:54                  621.5      868.2       11.8       11.8      917.6       79
0
11:26:59                  640.2      868.2       11.8       11.8      917.7       79
0
11:27:04                  658.3      868.2       11.8       11.8      917.7       79
0
11:27:09                  676.2      868.2       11.8       11.8      917.8       79
0
11:27:14                  419.5      868.2       11.8       11.8      917.8       79
0
11:27:20                  434.6      868.2       11.8       11.8      917.8       79
0
11:27:25                  451.5      868.2       11.8       11.8      917.8       79
0
11:27:30                  467.9      868.2       11.8       11.8      917.8       78
0
11:27:35                  484.8      868.2       11.8       11.8      917.8       78
0
11:27:40                  502.5      868.2       11.8       11.8      917.8       79
0
11:27:45                  519.4      868.2       11.8       11.8      917.8       79
0
11:27:50                  537.0      868.2       11.8       11.8      917.8       79
0
11:27:55                  554.2      868.2       11.8       11.8      917.8       79
0
11:28:00                  571.5      868.2       11.8       11.8      917.8       79
0
11:28:05                  589.6      868.2       11.8       11.8      917.8       79
0
11:28:10                  607.0      868.2       11.8       11.8      917.8       79
0
11:28:15                  615.5      868.3       11.7       11.7      917.8       77
0
11:28:20                  622.0      868.3       11.7       11.7      917.8       77
0
11:28:25                  628.6      868.3       11.7       11.7      917.8       77
0
11:28:30                  635.2      868.3       11.7       11.7      917.9       77
0
11:28:35                  641.9      868.3       11.7       11.7      917.9       77
0
11:28:40                  648.4      868.3       11.7       11.7      917.9       77
0
11:28:46                  655.0      868.3       11.7       11.7      917.9       77
0
11:28:51                  661.7      868.3       11.7       11.7      917.9       77
0
11:28:56                  668.5      868.3       11.7       11.7      917.9       77
0
11:29:01                  675.0      868.3       11.7       11.7      917.9       77
0
11:29:06                  681.8      868.3       11.7       11.7      917.9       77
0
11:29:11                  688.5      868.3       11.7       11.7      918.0       76
0
11:29:16                  416.8      868.3       11.7       11.7      918.0       76
0
11:29:21                  422.5      868.3       11.7       11.7      918.0       76
0
11:29:26                  428.5      868.3       11.7       11.7      918.0       76
0
11:29:31                  434.7      868.3       11.7       11.7      918.0       76
0
11:29:36                  441.0      868.3       11.7       11.7      918.0       76
0
11:29:41                  446.9      868.3       11.7       11.7      918.0       75
0
11:29:46                  453.2      868.3       11.7       11.7      918.0       75
0
