# timestamp=sample time  heapMiB=HeapInuse(live)  heapSysMiB=HeapSys(from OS)  stackMiB/stackSysMiB=goroutine stacks  sysMiB=Sys(total from OS)  numGoroutine=live goroutines
timestamp               heapMiB heapSysMiB   stackMiB stackSysMiB     sysMiB numGoroutine
11:04:46                   10.2       22.6        1.4        1.4       34.2       76
0
11:04:51                   78.8      101.8        6.2        6.2      123.2      178
0
11:04:56                   97.7      105.6        6.4        6.4      127.2      178
0
11:05:01                   65.7      109.6        6.4        6.4      131.5      178
0
11:05:06                   51.8      109.6        6.4        6.4      131.7      178
0
11:05:11                   66.2      109.6        6.4        6.4      131.7      178
0
11:05:16                   53.6      109.6        6.4        6.4      131.7      178
0
11:05:21                   67.9      109.6        6.4        6.4      131.7      177
0
11:05:26                   54.6      109.5        6.5        6.5      131.7      177
0
11:05:31                   69.3      109.5        6.5        6.5      131.7      177
0
11:05:36                   84.8      110.2        5.8        5.8      131.7       77
0
11:05:41                   58.4      110.2        5.8        5.8      131.8       77
0
11:05:46                   63.4      110.2        5.8        5.8      131.8       77
0
11:05:51                   68.2      110.2        5.8        5.8      131.8       77
0
11:05:56                   74.0      110.2        5.8        5.8      131.8       77
0
11:06:01                   79.1      110.2        5.8        5.8      131.8       77
0
11:06:06                   84.4      110.2        5.8        5.8      131.8       77
0
11:06:11                   89.9      114.2        5.8        5.8      135.8       77
0
11:06:16                   55.5      118.2        5.8        5.8      139.8       77
0
11:06:21                   60.7      118.3        5.7        5.7      139.8       76
0
11:06:26                   65.6      118.3        5.7        5.7      139.8       76
0
11:06:32                   71.0      118.3        5.7        5.7      139.8       76
0
11:06:37                   76.9      118.3        5.7        5.7      140.0       76
0
11:06:42                   82.3      118.3        5.7        5.7      140.0       76
0
