# timestamp=sample time  heapMiB=HeapInuse(live)  heapSysMiB=HeapSys(from OS)  stackMiB/stackSysMiB=goroutine stacks  sysMiB=Sys(total from OS)  numGoroutine=live goroutines
timestamp               heapMiB heapSysMiB   stackMiB stackSysMiB     sysMiB numGoroutine
20:43:41                    5.8       14.7        1.3        1.3       23.0         71
20:43:46                   13.2       18.8        1.2        1.2       28.4         79
20:43:52                  266.4      316.2       19.8       19.8      354.5        218
20:43:58                  493.3      673.9        6.1        6.1      703.6        217
20:44:03                  509.5      673.9        6.1        6.1      703.8        217
20:44:08                  526.4      673.9        6.1        6.1      703.8        217
20:44:13                  544.8      674.0        6.0        6.0      704.3        217
20:44:18                  563.0      674.1        5.9        5.9      705.3        217
20:44:24                  582.6      674.1        5.9        5.9      705.8        197
20:44:29                  602.2      674.2        5.8        5.8      705.8      197
0
20:44:34                  620.5      674.3        5.7        5.7      706.3        198
20:44:39                  640.4      674.3        5.7        5.7      706.4        197
20:44:45                  660.3      674.6        5.4        5.4      706.4        197
20:44:50                  680.5      690.9        5.1        5.1      723.5        198
20:44:56                  701.5      710.9        5.1        5.1      743.6        203
20:45:01                  722.7      731.1        4.9        4.9      763.7        197
20:45:06                  742.9      751.1        4.9        4.9      784.5        197
20:45:11                  763.2      771.0        5.0        5.0      805.3        197
20:45:16                  783.4      791.4        4.6        4.6      825.4        197
20:45:22                  803.2      811.4        4.6        4.6      846.0      178
0
20:45:27                  822.6      832.5        3.5        3.5      866.3         79
20:45:32                  841.9      852.4        3.6        3.6      886.7         79
20:45:37                  374.1      856.5        3.5        3.5      891.3         79
20:45:42                  389.4      856.5        3.5        3.5      891.3       79
0
20:45:47                  405.6      856.5        3.5        3.5      891.4         79
20:45:53                  422.7      856.5        3.5        3.5      891.4         79
20:45:58                  438.9      856.5        3.5        3.5      891.4         79
20:46:03                  456.3      856.6        3.4        3.4      891.5         79
20:46:08                  473.9      856.6        3.4        3.4      891.5         79
20:46:13                  492.0      856.5        3.5        3.5      891.5         79
20:46:18                  509.2      856.6        3.4        3.4      891.6         79
20:46:24                  526.9      856.6        3.4        3.4      891.6       79
0
20:46:29                  544.3      856.6        3.4        3.4      891.7         79
20:46:34                  562.2      856.6        3.4        3.4      891.7         79
20:46:39                  580.9      856.5        3.5        3.5      891.8         79
20:46:45                  598.7      856.6        3.4        3.4      891.8         79
20:46:50                  378.2      856.6        3.4        3.4      891.9         79
20:46:55                  394.5      856.6        3.4        3.4      891.9         79
20:47:00                  410.8      856.6        3.4        3.4      891.9         79
20:47:05                  428.0      856.6        3.4        3.4      891.9         79
20:47:11                  445.6      856.6        3.4        3.4      891.9         79
20:47:16                  462.8      856.6        3.4        3.4      891.9         79
20:47:21                  480.3      856.6        3.4        3.4      891.9         79
20:47:26                  498.5      856.7        3.3        3.3      891.9         79
20:47:31                  516.0      856.8        3.2        3.2      891.9         79
20:47:37                  533.5      856.7        3.3        3.3      892.0         79
20:47:42                  552.0      856.7        3.3        3.3      892.0         79
20:47:47                  571.0      856.7        3.3        3.3      892.0         79
20:47:52                  588.5      856.7        3.3        3.3      892.1         79
20:47:58                  607.6      856.7        3.3        3.3      892.2         79
20:48:03                  382.3      856.7        3.3        3.3      892.2         79
20:48:08                  400.0      856.8        3.2        3.2      892.2         79
20:48:14                  416.7      856.7        3.3        3.3      892.2         79
20:48:19                  434.6      856.8        3.2        3.2      892.2         79
20:48:24                  457.2      856.8        3.2        3.2      892.2         79
20:48:30                  475.7      856.8        3.2        3.2      892.2         79
20:48:35                  494.0      856.9        3.1        3.1      892.2         79
20:48:40                  512.4      856.9        3.1        3.1      892.2         79
20:48:45                  531.1      856.9        3.1        3.1      892.2         79
20:48:51                  549.7      856.9        3.1        3.1      892.2         79
20:48:56                  512.9      857.0        3.0        3.0      892.2         79
20:49:01                  529.2      856.9        3.1        3.1      892.2         79
20:49:06                  546.5      856.9        3.1        3.1      892.2         79
20:49:11                  564.0      856.9        3.1        3.1      892.2         79
20:49:16                  581.4      856.9        3.1        3.1      892.2         79
20:49:21                  598.7      856.9        3.1        3.1      892.2         79
20:49:27                  616.7      856.9        3.1        3.1      892.2         79
20:49:32                  635.1      856.9        3.1        3.1      892.2         79
20:49:37                  652.8      857.0        3.0        3.0      892.2         79
20:49:42                  672.0      857.0        3.0        3.0      892.2         79
20:49:47                  690.7      857.0        3.0        3.0      892.2         79
20:49:52                  709.6      856.9        3.1        3.1      892.2         79
20:49:57                  729.5      857.0        3.0        3.0      892.2         79
20:50:02                  748.2      857.0        3.0        3.0      892.2         79
20:50:08                  767.4      857.0        3.0        3.0      892.2         79
20:50:13                  787.1      857.0        3.0        3.0      892.4         79
20:50:18                  402.1      857.0        3.0        3.0      892.4         79
20:50:23                  417.7      856.9        3.1        3.1      892.4         79
20:50:28                  433.9      857.0        3.0        3.0      892.4         79
20:50:33                  451.0      857.0        3.0        3.0      892.4         79
20:50:38                  467.6      857.0        3.0        3.0      892.4         79
20:50:44                  485.3      856.9        3.1        3.1      892.4         79
20:50:49                  502.4      857.0        3.0        3.0      892.4         79
20:50:54                  519.9      857.0        3.0        3.0      892.4         79
20:50:59                  537.1      857.0        3.0        3.0      892.4         79
20:51:04                  554.4      856.9        3.1        3.1      892.4         79
20:51:09                  572.6      856.9        3.1        3.1      892.4         79
20:51:14                  590.7      857.0        3.0        3.0      892.4         79
20:51:19                  608.8      856.9        3.1        3.1      892.4         79
20:51:25                  626.6      857.0        3.0        3.0      892.5         79
20:51:30                  410.5      857.0        3.0        3.0      892.5         79
20:51:35                  426.9      856.9        3.1        3.1      892.5         79
20:51:40                  443.3      857.0        3.0        3.0      892.5         79
20:51:45                  460.1      857.0        3.0        3.0      892.5         79
20:51:51                  477.1      857.0        3.0        3.0      892.5         79
20:51:56                  495.2      857.0        3.0        3.0      892.5         79
20:52:01                  512.4      856.9        3.1        3.1      892.5         79
20:52:06                  530.2      856.9        3.1        3.1      892.5         79
20:52:11                  546.3      857.0        3.0        3.0      892.5         77
20:52:16                  551.7      857.0        3.0        3.0      892.5         77
20:52:21                  557.9      857.0        3.0        3.0      892.5         77
20:52:26                  563.5      857.0        3.0        3.0      892.5         77
20:52:32                  569.9      857.0        3.0        3.0      892.5         77
20:52:37                  576.8      857.0        3.0        3.0      892.5         77
20:52:42                  583.1      857.0        3.0        3.0      892.5         77
20:52:47                  589.4      857.0        3.0        3.0      892.5         77
20:52:52                  596.0      857.0        3.0        3.0      892.5         77
20:52:57                  602.0      857.0        3.0        3.0      892.5         77
20:53:02                  608.3      857.0        3.0        3.0      892.5         77
20:53:08                  615.1      857.0        3.0        3.0      892.5         77
20:53:13                  621.5      857.0        3.0        3.0      892.5         77
20:53:18                  627.9      857.0        3.0        3.0      892.5         77
20:53:23                  634.5      857.0        3.0        3.0      892.5         77
20:53:28                  405.1      857.0        3.0        3.0      892.5         77
20:53:33                  411.5      857.0        3.0        3.0      892.5         77
20:53:38                  417.0      857.0        3.0        3.0      892.5         77
