# timestamp=sample time  heapMiB=HeapInuse(live)  heapSysMiB=HeapSys(from OS)  stackMiB/stackSysMiB=goroutine stacks  sysMiB=Sys(total from OS)  numGoroutine=live goroutines
timestamp               heapMiB heapSysMiB   stackMiB stackSysMiB     sysMiB numGoroutine
01:23:25                    5.5       10.8        1.2        1.2       18.7         71
01:23:30                   11.5       18.9        1.1        1.1       27.9         77
01:23:35                  396.8      471.0       41.0       41.0      535.1    19585
0
01:23:42                 1072.4     1079.1       64.7       64.7     1185.6      18266
01:23:47                 1171.0     1549.2        6.8        6.8     1612.8        221
01:23:53                 1932.9     2363.2        8.8        8.8     2439.3        221
01:23:58                 2400.4     2653.0        7.0        7.0     2728.3        222
01:24:03                 2412.4     2652.9        7.1        7.1     2728.3        222
01:24:08                 2425.2     2653.0        7.0        7.0     2728.3        200
01:24:13                 2437.5     2653.0        7.0        7.0     2728.3        200
01:24:18                 2449.6     2653.0        7.0        7.0     2728.5        200
01:24:24                 2462.0     2653.0        7.0        7.0     2728.5        200
01:24:29                 2474.0     2653.0        7.0        7.0     2728.5        200
01:24:34                 2485.8     2653.0        7.0        7.0     2728.5        200
01:24:39                 2498.1     2653.0        7.0        7.0     2728.5        200
01:24:44                 2509.6     2653.0        7.0        7.0     2728.8        200
01:24:49                 2521.5     2653.0        7.0        7.0     2729.0        200
01:24:54                 2533.2     2653.1        6.9        6.9     2729.0        200
01:25:00                 2544.9     2653.0        7.0        7.0     2729.3        200
01:25:05                 2556.7     2653.1        6.9        6.9     2729.3        178
01:25:10                 2567.8     2653.1        6.9        6.9     2729.3        178
01:25:15                 2579.8     2653.1        6.9        6.9     2729.8        178
01:25:20                 2591.3     2653.1        6.9        6.9     2730.0        178
01:25:25                 2602.9     2654.0        6.0        6.0     2730.0         79
01:25:30                 2614.3     2654.0        6.0        6.0     2730.0         79
01:25:35                 2625.5     2654.0        6.0        6.0     2730.3         79
01:25:41                 2636.3     2654.0        6.0        6.0     2730.5         79
01:25:46                 2648.0     2658.0        6.0        6.0     2734.5         79
01:25:51                 2658.9     2666.0        6.0        6.0     2742.5         79
01:25:56                 1533.8     2678.2        5.8        5.8     2754.9         79
01:26:01                 1543.9     2678.2        5.8        5.8     2754.9         79
01:26:06                 1553.3     2678.2        5.8        5.8     2754.9         79
01:26:11                 1563.1     2678.2        5.8        5.8     2754.9         79
01:26:16                 1573.2     2678.2        5.8        5.8     2754.9         79
01:26:22                 1583.1     2678.2        5.8        5.8     2754.9         79
01:26:27                 1593.0     2678.2        5.8        5.8     2754.9         79
01:26:32                 1603.0     2678.2        5.8        5.8     2754.9         79
01:26:37                 1613.3     2678.2        5.8        5.8     2754.9         79
01:26:42                 1622.7     2678.2        5.8        5.8     2754.9         79
01:26:47                 1632.4     2678.2        5.8        5.8     2754.9         79
01:26:52                 1641.9     2678.2        5.8        5.8     2754.9         79
01:26:57                 1651.5     2678.2        5.8        5.8     2755.2         79
01:27:03                 1661.6     2678.2        5.8        5.8     2755.2         79
01:27:08                 1671.5     2678.3        5.7        5.7     2755.2         79
01:27:13                 1680.8     2678.2        5.8        5.8     2755.2         79
01:27:18                 1690.2     2678.3        5.7        5.7     2755.2         79
01:27:23                 1700.0     2678.3        5.7        5.7     2755.2         79
01:27:28                 1709.3     2678.3        5.7        5.7     2755.2         79
01:27:33                 1718.8     2678.3        5.7        5.7     2755.2         79
01:27:38                 1728.1     2678.2        5.8        5.8     2755.2         79
01:27:43                 1737.5     2678.3        5.7        5.7     2755.2         79
01:27:49                 1746.4     2678.2        5.8        5.8     2755.2         79
01:27:54                 1755.7     2678.3        5.7        5.7     2755.2         79
01:27:59                 1285.0     2678.3        5.7        5.7     2755.3         79
01:28:04                 1293.8     2678.3        5.7        5.7     2755.3         79
01:28:09                 1302.4     2678.3        5.7        5.7     2755.3         79
01:28:14                 1311.1     2678.4        5.6        5.6     2755.3         79
01:28:19                 1320.1     2678.4        5.6        5.6     2755.3         79
01:28:24                 1329.6     2678.4        5.6        5.6     2755.3         79
01:28:29                 1338.4     2678.4        5.6        5.6     2755.3         79
01:28:35                 1347.4     2678.4        5.6        5.6     2755.3         79
01:28:40                 1356.3     2678.4        5.6        5.6     2755.3         79
01:28:45                 1857.6     2678.4        5.6        5.6     2755.3         78
01:28:50                 1866.6     2678.4        5.6        5.6     2755.3         79
01:28:55                 1875.5     2678.5        5.5        5.5     2755.3         79
01:29:00                 1885.0     2678.5        5.5        5.5     2755.3         79
01:29:05                 1894.4     2678.5        5.5        5.5     2755.3         79
01:29:10                 1902.8     2678.5        5.5        5.5     2755.3         79
01:29:15                 1912.2     2678.5        5.5        5.5     2755.3         79
01:29:21                 1921.2     2678.5        5.5        5.5     2755.3         79
01:29:26                 1930.3     2678.5        5.5        5.5     2755.3         79
01:29:31                 1939.3     2678.5        5.5        5.5     2755.3         79
01:29:36                 1948.3     2678.5        5.5        5.5     2755.3         79
01:29:41                 1957.2     2678.5        5.5        5.5     2755.3         79
01:29:46                 1966.9     2678.5        5.5        5.5     2755.3         79
01:29:51                 1975.8     2678.5        5.5        5.5     2755.3         79
01:29:56                 1282.2     2678.5        5.5        5.5     2755.3       79
0
01:30:02                 1290.4     2678.5        5.5        5.5     2755.3         79
01:30:07                 1299.0     2678.5        5.5        5.5     2755.3         79
01:30:12                 1307.5     2678.5        5.5        5.5     2755.3         79
01:30:17                 1316.3     2678.5        5.5        5.5     2755.3       81
0
01:30:22                 1327.5     2678.5        5.5        5.5     2755.3         79
01:30:27                 1338.8     2678.5        5.5        5.5     2755.3         79
01:30:32                 1347.9     2678.5        5.5        5.5     2755.3         79
01:30:38                 1356.6     2678.5        5.5        5.5     2755.3         79
01:30:43                 1365.0     2678.5        5.5        5.5     2755.3         79
01:30:48                 1373.5     2678.5        5.5        5.5     2755.3         79
01:30:53                 1382.8     2678.5        5.5        5.5     2755.3         79
01:30:58                 1391.2     2678.5        5.5        5.5     2755.3       79
0
01:31:03                 1399.5     2678.5        5.5        5.5     2755.3         79
01:31:08                 1408.7     2678.5        5.5        5.5     2755.3         79
01:31:13                 1416.8     2678.5        5.5        5.5     2755.3         79
01:31:19                 1426.1     2678.5        5.5        5.5     2755.3         79
01:31:24                 1434.1     2678.5        5.5        5.5     2755.3         79
01:31:29                 1442.9     2678.5        5.5        5.5     2755.3         79
01:31:34                 1451.2     2678.5        5.5        5.5     2755.3         79
01:31:39                 1459.7     2678.5        5.5        5.5     2755.3         79
01:31:44                 1468.5     2678.5        5.5        5.5     2755.3         79
01:31:49                 1477.3     2678.5        5.5        5.5     2755.3         79
01:31:54                 1485.8     2678.5        5.5        5.5     2755.3         79
01:32:00                 1290.3     2678.6        5.4        5.4     2755.3         79
01:32:05                 1298.5     2678.6        5.4        5.4     2755.3         79
01:32:10                 1306.3     2678.6        5.4        5.4     2755.3         79
01:32:15                 1314.9     2678.6        5.4        5.4     2755.3         79
01:32:20                 1323.1     2678.6        5.4        5.4     2755.3         79
01:32:25                 1331.3     2678.6        5.4        5.4     2755.3         79
01:32:30                 1339.8     2678.6        5.4        5.4     2755.3         79
01:32:35                 1348.3     2678.6        5.4        5.4     2755.3         79
01:32:41                 1356.7     2678.6        5.4        5.4     2755.3         79
01:32:46                 1365.4     2678.6        5.4        5.4     2755.3         79
01:32:51                 1373.8     2678.6        5.4        5.4     2755.3         79
01:32:56                 1381.9     2678.6        5.4        5.4     2755.3         79
01:33:01                 1391.2     2678.6        5.4        5.4     2755.3         79
01:33:06                 1399.1     2678.6        5.4        5.4     2755.3         79
01:33:11                 1407.7     2678.6        5.4        5.4     2755.3         78
01:33:16                 1416.5     2678.6        5.4        5.4     2755.3         78
01:33:22                 1425.2     2678.6        5.4        5.4     2755.3         78
01:33:27                 1433.7     2678.6        5.4        5.4     2755.3         78
01:33:32                 1443.1     2678.6        5.4        5.4     2755.3         78
01:33:37                 1451.6     2678.6        5.4        5.4     2755.3         78
01:33:42                 1460.6     2678.6        5.4        5.4     2755.3         78
01:33:47                 1961.6     2678.6        5.4        5.4     2755.3         78
01:33:52                 1970.4     2678.6        5.4        5.4     2755.3         78
01:33:58                 1290.0     2678.7        5.3        5.3     2755.3         78
01:34:03                 1297.5     2678.7        5.3        5.3     2755.3         78
01:34:08                 1305.5     2678.7        5.3        5.3     2755.3         78
01:34:13                 1313.8     2678.7        5.3        5.3     2755.3         78
01:34:18                 1322.5     2678.7        5.3        5.3     2755.3         78
01:34:23                 1330.7     2678.7        5.3        5.3     2755.3         78
01:34:28                 1339.3     2678.7        5.3        5.3     2755.3         78
01:34:33                 1348.0     2678.7        5.3        5.3     2755.3         78
01:34:38                 1356.4     2678.7        5.3        5.3     2755.3         78
01:34:44                 1364.8     2678.7        5.3        5.3     2755.3         78
01:34:49                 1373.2     2678.7        5.3        5.3     2755.3         78
01:34:54                 1382.1     2678.7        5.3        5.3     2755.3         78
01:34:59                 1391.1     2678.7        5.3        5.3     2755.3         78
01:35:04                 1398.8     2678.7        5.3        5.3     2755.3         78
01:35:09                 1407.7     2678.7        5.3        5.3     2755.3         78
01:35:14                 1415.9     2678.7        5.3        5.3     2755.3         78
01:35:19                 1424.7     2678.7        5.3        5.3     2755.3         78
01:35:24                 1433.1     2678.7        5.3        5.3     2755.3         78
01:35:30                 1441.7     2678.7        5.3        5.3     2755.3         78
01:35:35                 1450.2     2678.7        5.3        5.3     2755.3         78
01:35:40                 1458.9     2678.7        5.3        5.3     2755.3         78
01:35:45                 1467.3     2678.7        5.3        5.3     2755.3         78
01:35:50                 1476.3     2678.7        5.3        5.3     2755.3         78
01:35:55                 1485.3     2678.7        5.3        5.3     2755.3         78
01:36:00                 1294.7     2678.7        5.3        5.3     2755.3         78
01:36:05                 1302.4     2678.7        5.3        5.3     2755.3         78
01:36:11                 1310.4     2678.7        5.3        5.3     2755.3         78
01:36:16                 1318.5     2678.7        5.3        5.3     2755.3         78
01:36:21                 1327.4     2678.7        5.3        5.3     2755.3         78
01:36:26                 1335.5     2678.7        5.3        5.3     2755.3         78
01:36:31                 1343.7     2678.7        5.3        5.3     2755.3         78
01:36:36                 1352.2     2678.7        5.3        5.3     2755.3         78
01:36:41                 1360.6     2678.7        5.3        5.3     2755.3         78
01:36:46                 1369.3     2678.7        5.3        5.3     2755.3         78
01:36:51                 1377.3     2678.7        5.3        5.3     2755.3         78
01:36:57                 1385.8     2678.7        5.3        5.3     2755.3         78
01:37:02                 1393.9     2678.7        5.3        5.3     2755.3         78
01:37:07                 1402.5     2678.7        5.3        5.3     2755.3         78
01:37:12                 1410.7     2678.7        5.3        5.3     2755.3         78
01:37:17                 1419.0     2678.7        5.3        5.3     2755.3         78
01:37:22                 1427.6     2678.7        5.3        5.3     2755.3         78
01:37:27                 1436.0     2678.7        5.3        5.3     2755.3         78
01:37:33                 1444.5     2678.7        5.3        5.3     2755.3         78
01:37:38                 1452.8     2678.7        5.3        5.3     2755.3         78
01:37:43                 1467.0     2678.7        5.3        5.3     2755.3         79
01:37:48                 1488.3     2678.7        5.3        5.3     2755.3         80
01:37:54                 1510.1     2678.7        5.3        5.3     2755.3         79
01:37:59                 1303.1     2678.8        5.2        5.2     2755.3         79
01:38:04                 1320.0     2678.7        5.3        5.3     2755.3         79
01:38:09                 1337.3     2678.7        5.3        5.3     2755.3         79
01:38:14                 1355.3     2678.8        5.2        5.2     2755.3         79
01:38:20                 1372.4     2678.8        5.2        5.2     2755.3       79
0
01:38:25                 1387.1     2678.8        5.2        5.2     2755.3         79
01:38:30                 1402.9     2678.8        5.2        5.2     2755.3       79
0
01:38:35                 1423.6     2678.8        5.2        5.2     2755.3         79
01:38:41                 1444.3     2678.8        5.2        5.2     2755.3         79
01:38:46                 1961.7     2678.8        5.2        5.2     2755.3         79
01:38:51                 1980.7     2678.8        5.2        5.2     2755.3         79
01:38:57                 2000.4     2678.8        5.2        5.2     2755.3         79
01:39:02                 2019.4     2678.8        5.2        5.2     2755.6         79
01:39:07                 2039.0     2678.8        5.2        5.2     2755.6         79
01:39:13                 2059.2     2678.8        5.2        5.2     2755.6         79
01:39:18                 2079.1     2678.8        5.2        5.2     2756.1         80
01:39:23                 2098.7     2678.8        5.2        5.2     2756.1         79
01:39:29                 2119.6     2678.8        5.2        5.2     2756.3         79
01:39:34                 2139.4     2678.8        5.2        5.2     2756.8         79
01:39:39                 2159.6     2678.8        5.2        5.2     2757.3         79
01:39:45                 2179.5     2678.8        5.2        5.2     2757.6         79
01:39:50                 2201.2     2678.8        5.2        5.2     2757.6         79
01:39:55                 2220.0     2678.8        5.2        5.2     2758.1         79
01:40:00                 1339.8     2679.0        5.0        5.0     2758.6         79
01:40:06                 1356.7     2679.0        5.0        5.0     2758.6         79
01:40:11                 1374.1     2679.0        5.0        5.0     2758.6         79
01:40:16                 1391.3     2679.0        5.0        5.0     2758.6         79
01:40:22                 1408.3     2679.1        4.9        4.9     2758.6         79
01:40:27                 1426.0     2679.1        4.9        4.9     2758.6         79
01:40:32                 1443.6     2679.1        4.9        4.9     2758.6         79
01:40:37                 1461.2     2679.1        4.9        4.9     2758.6         79
01:40:43                 1478.6     2679.1        4.9        4.9     2758.6         79
01:40:48                 1496.3     2679.1        4.9        4.9     2758.6         79
01:40:53                 1514.4     2679.1        4.9        4.9     2758.6         79
01:40:58                 1531.8     2679.1        4.9        4.9     2758.6         79
01:41:04                 1549.1     2679.2        4.8        4.8     2758.6         79
01:41:09                 1567.2     2679.2        4.8        4.8     2758.6         79
01:41:14                 1584.5     2679.2        4.8        4.8     2758.6         79
01:41:19                 1603.7     2679.2        4.8        4.8     2758.6         79
01:41:25                 1622.2     2679.2        4.8        4.8     2758.6         79
01:41:30                 1640.8     2679.2        4.8        4.8     2758.6         79
01:41:35                 1659.7     2679.2        4.8        4.8     2758.6         80
01:41:41                 1678.3     2679.2        4.8        4.8     2758.6         79
01:41:46                 1697.3     2679.2        4.8        4.8     2758.6         79
01:41:51                 1716.6     2679.2        4.8        4.8     2758.6         79
01:41:57                 1735.5     2679.3        4.7        4.7     2758.6         79
01:42:02                 1353.7     2679.4        4.6        4.6     2758.6       81
0
01:42:07                 1376.5     2679.4        4.6        4.6     2758.6         79
01:42:12                 1393.3     2679.4        4.6        4.6     2758.6         79
01:42:18                 1410.4     2679.4        4.6        4.6     2758.6         79
01:42:23                 1428.5     2679.4        4.6        4.6     2758.6         79
01:42:28                 1445.4     2679.5        4.5        4.5     2758.6         79
01:42:33                 1463.3     2679.4        4.6        4.6     2758.6         79
01:42:39                 1480.5     2679.5        4.5        4.5     2758.6         79
01:42:44                 1498.4     2679.5        4.5        4.5     2758.6         79
01:42:49                 1516.9     2679.5        4.5        4.5     2758.6         79
01:42:54                 1534.9     2679.5        4.5        4.5     2758.6         79
01:42:59                 1552.9     2679.5        4.5        4.5     2758.6         79
01:43:05                 1570.9     2679.5        4.5        4.5     2758.6         79
01:43:10                 1589.4     2679.5        4.5        4.5     2758.6         79
01:43:15                 1607.6     2679.6        4.4        4.4     2758.6         79
01:43:20                 1626.0     2679.6        4.4        4.4     2758.6       79
0
01:43:26                 1645.6     2679.6        4.4        4.4     2758.6         79
01:43:31                 1664.8     2679.6        4.4        4.4     2758.6         79
01:43:36                 1683.6     2679.6        4.4        4.4     2758.6         79
01:43:42                 1702.7     2679.6        4.4        4.4     2758.6         79
01:43:47                 2223.6     2679.6        4.4        4.4     2758.6         79
01:43:52                 2242.9     2679.7        4.3        4.3     2758.8         79
01:43:58                 1357.9     2679.7        4.3        4.3     2758.8         79
01:44:03                 1372.9     2679.7        4.3        4.3     2758.8         79
01:44:08                 1389.6     2679.7        4.3        4.3     2758.8         79
01:44:13                 1407.1     2679.7        4.3        4.3     2758.8         79
01:44:18                 1424.8     2679.7        4.3        4.3     2758.8         79
01:44:24                 1442.0     2679.7        4.3        4.3     2758.8         79
01:44:29                 1459.4     2679.7        4.3        4.3     2758.8       79
0
01:44:34                 1477.2     2679.7        4.3        4.3     2758.8         79
01:44:39                 1494.9     2679.7        4.3        4.3     2758.8       79
0
01:44:44                 1511.8     2679.7        4.3        4.3     2758.8         79
01:44:50                 1529.8     2679.8        4.2        4.2     2758.8       79
0
01:44:55                 1547.1     2679.8        4.2        4.2     2758.8         79
01:45:00                 1564.3     2679.8        4.2        4.2     2758.8         79
01:45:05                 1582.7     2679.8        4.2        4.2     2758.8         79
01:45:11                 1600.7     2679.8        4.2        4.2     2758.8         79
01:45:16                 1618.1     2679.8        4.2        4.2     2758.8         79
01:45:22                 1639.6     2679.8        4.2        4.2     2758.8         80
01:45:27                 1662.2     2679.8        4.2        4.2     2758.8         79
01:45:32                 1680.9     2679.8        4.2        4.2     2758.8         79
01:45:38                 1699.6     2679.8        4.2        4.2     2758.8         79
01:45:43                 1719.3     2679.9        4.1        4.1     2758.8         79
01:45:48                 1737.8     2679.8        4.2        4.2     2758.8         79
01:45:53                 1758.3     2679.9        4.1        4.1     2758.8       80
0
01:45:59                 1378.0     2679.9        4.1        4.1     2758.8         79
01:46:04                 1393.4     2679.9        4.1        4.1     2758.8         79
01:46:09                 1411.1     2679.9        4.1        4.1     2758.8         79
01:46:14                 1428.5     2679.9        4.1        4.1     2758.8         79
01:46:20                 1446.6     2679.9        4.1        4.1     2758.8         79
01:46:25                 1463.8     2679.9        4.1        4.1     2758.8         79
01:46:30                 1481.5     2679.9        4.1        4.1     2758.8         79
01:46:36                 1499.5     2679.9        4.1        4.1     2758.8         79
01:46:41                 1516.8     2679.9        4.1        4.1     2758.8         79
01:46:46                 1534.5     2679.8        4.2        4.2     2758.8         79
01:46:51                 1551.9     2679.9        4.1        4.1     2758.8         79
01:46:57                 1569.7     2679.9        4.1        4.1     2758.8         79
01:47:02                 1587.7     2679.9        4.1        4.1     2758.8         80
01:47:07                 1606.1     2679.9        4.1        4.1     2758.8         79
01:47:13                 1623.4     2679.9        4.1        4.1     2758.8         79
01:47:18                 1641.8     2679.9        4.1        4.1     2758.8         81
01:47:23                 1660.5     2679.9        4.1        4.1     2758.8         79
01:47:28                 1679.6     2679.9        4.1        4.1     2758.8         79
01:47:34                 1698.1     2679.8        4.2        4.2     2758.8         79
01:47:39                 1716.8     2679.9        4.1        4.1     2758.8         79
01:47:44                 1736.2     2679.9        4.1        4.1     2758.8         79
01:47:50                 1755.6     2679.9        4.1        4.1     2758.8         79
01:47:55                 1775.2     2679.9        4.1        4.1     2758.8         82
01:48:01                 1388.7     2680.0        4.0        4.0     2758.8         79
01:48:06                 1406.7     2680.0        4.0        4.0     2758.8         80
01:48:12                 1423.8     2680.0        4.0        4.0     2758.8         79
01:48:17                 1441.6     2680.0        4.0        4.0     2758.8         80
01:48:22                 1464.7     2680.0        4.0        4.0     2758.8         79
01:48:28                 1482.8     2680.1        3.9        3.9     2758.8         79
01:48:33                 1500.2     2680.1        3.9        3.9     2758.8         79
01:48:38                 1517.8     2680.0        4.0        4.0     2758.8         79
01:48:44                 1536.8     2680.0        4.0        4.0     2758.8         79
01:48:49                 2050.0     2680.0        4.0        4.0     2758.8         79
01:48:55                 2068.7     2680.0        4.0        4.0     2758.8         79
01:49:00                 2087.2     2680.1        3.9        3.9     2758.8         79
01:49:05                 2105.9     2680.0        4.0        4.0     2758.8         79
01:49:10                 2125.6     2680.1        3.9        3.9     2758.8         79
01:49:16                 2144.0     2680.1        3.9        3.9     2758.8         79
01:49:21                 2163.2     2680.1        3.9        3.9     2758.8         79
01:49:27                 2181.8     2680.1        3.9        3.9     2758.8         79
01:49:32                 2201.1     2680.1        3.9        3.9     2758.8         79
01:49:37                 2220.3     2680.1        3.9        3.9     2758.8         79
01:49:42                 2240.0     2680.1        3.9        3.9     2758.8         79
01:49:48                 2260.8     2680.1        3.9        3.9     2759.1         79
01:49:53                 2281.2     2680.1        3.9        3.9     2759.6         79
01:49:59                 1403.9     2680.2        3.8        3.8     2760.1         79
01:50:04                 1419.5     2680.1        3.9        3.9     2760.1         79
01:50:09                 1434.0     2680.2        3.8        3.8     2760.1         79
01:50:15                 1449.5     2680.2        3.8        3.8     2760.1         79
01:50:20                 1464.8     2680.2        3.8        3.8     2760.1         79
01:50:25                 1480.4     2680.2        3.8        3.8     2760.1         79
01:50:30                 1495.8     2680.1        3.9        3.9     2760.1         79
01:50:36                 1511.3     2680.2        3.8        3.8     2760.1         79
01:50:41                 1526.7     2680.2        3.8        3.8     2760.1         79
01:50:46                 1542.8     2680.2        3.8        3.8     2760.1         79
01:50:51                 1557.5     2680.2        3.8        3.8     2760.1         79
01:50:56                 1573.2     2680.2        3.8        3.8     2760.1         79
01:51:02                 1588.4     2680.2        3.8        3.8     2760.1         79
01:51:07                 1603.4     2680.2        3.8        3.8     2760.1         79
01:51:12                 1618.7     2680.2        3.8        3.8     2760.1         79
01:51:17                 1634.6     2680.2        3.8        3.8     2760.1         79
01:51:23                 1649.8     2680.2        3.8        3.8     2760.1         79
01:51:28                 1665.3     2680.1        3.9        3.9     2760.1         79
01:51:33                 1681.4     2680.1        3.9        3.9     2760.1         79
01:51:38                 1697.3     2680.2        3.8        3.8     2760.1         79
01:51:43                 1713.5     2680.2        3.8        3.8     2760.1         79
01:51:49                 1729.9     2680.2        3.8        3.8     2760.1         79
01:51:54                 1745.6     2680.2        3.8        3.8     2760.1       79
0
01:51:59                 1411.8     2680.2        3.8        3.8     2760.1         79
01:52:04                 1425.1     2680.2        3.8        3.8     2760.1         79
01:52:10                 1439.4     2680.2        3.8        3.8     2760.1         79
01:52:15                 1454.4     2680.2        3.8        3.8     2760.1         79
01:52:20                 1469.2     2680.2        3.8        3.8     2760.1         79
01:52:25                 1484.7     2680.2        3.8        3.8     2760.1         79
01:52:30                 1499.5     2680.2        3.8        3.8     2760.1         79
01:52:36                 1515.0     2680.2        3.8        3.8     2760.1       79
0
01:52:41                 1529.5     2680.2        3.8        3.8     2760.1         79
01:52:46                 1544.6     2680.2        3.8        3.8     2760.1         79
01:52:51                 1560.3     2680.2        3.8        3.8     2760.1         79
01:52:56                 1575.6     2680.2        3.8        3.8     2760.1         79
01:53:02                 1590.6     2680.2        3.8        3.8     2760.1         79
01:53:07                 1606.2     2680.2        3.8        3.8     2760.1         79
01:53:12                 1621.1     2680.2        3.8        3.8     2760.1         79
01:53:17                 1636.0     2680.2        3.8        3.8     2760.1         79
01:53:23                 1651.7     2680.2        3.8        3.8     2760.1         79
01:53:28                 1666.7     2680.2        3.8        3.8     2760.1       79
0
01:53:33                 1681.7     2680.2        3.8        3.8     2760.1         79
01:53:38                 1697.5     2680.2        3.8        3.8     2760.1         79
01:53:43                 1712.8     2680.2        3.8        3.8     2760.1         79
01:53:49                 2223.7     2680.2        3.8        3.8     2760.1         79
01:53:54                 2240.7     2680.2        3.8        3.8     2760.1         79
01:53:59                 1422.8     2680.2        3.8        3.8     2760.1         79
01:54:04                 1435.9     2680.2        3.8        3.8     2760.1         79
01:54:09                 1449.7     2680.2        3.8        3.8     2760.1         79
01:54:15                 1464.5     2680.2        3.8        3.8     2760.1         81
01:54:20                 1478.6     2680.2        3.8        3.8     2760.1         79
01:54:25                 1497.5     2680.2        3.8        3.8     2760.1         79
01:54:30                 1512.9     2680.2        3.8        3.8     2760.1         79
01:54:36                 1527.4     2680.2        3.8        3.8     2760.1         79
01:54:41                 1541.6     2680.2        3.8        3.8     2760.1         79
01:54:46                 1556.1     2680.2        3.8        3.8     2760.1         79
01:54:51                 1569.9     2680.2        3.8        3.8     2760.1         79
01:54:56                 1584.4     2680.2        3.8        3.8     2760.1         79
01:55:02                 1598.0     2680.2        3.8        3.8     2760.1         79
01:55:07                 1611.5     2680.2        3.8        3.8     2760.1         79
01:55:12                 1625.8     2680.2        3.8        3.8     2760.1         79
01:55:17                 1639.8     2680.2        3.8        3.8     2760.1         79
01:55:22                 1654.0     2680.2        3.8        3.8     2760.1         79
01:55:28                 1667.7     2680.2        3.8        3.8     2760.1         79
01:55:33                 1682.1     2680.2        3.8        3.8     2760.1         79
01:55:38                 1696.7     2680.2        3.8        3.8     2760.1         79
01:55:43                 1710.9     2680.2        3.8        3.8     2760.1         79
01:55:49                 1725.4     2680.2        3.8        3.8     2760.1         79
01:55:54                 1740.4     2680.2        3.8        3.8     2760.1         79
01:55:59                 1432.9     2680.2        3.8        3.8     2760.1         79
01:56:04                 1444.8     2680.2        3.8        3.8     2760.1         79
01:56:10                 1457.6     2680.2        3.8        3.8     2760.1         79
01:56:15                 1471.0     2680.2        3.8        3.8     2760.1         79
01:56:20                 1484.6     2680.2        3.8        3.8     2760.1         79
01:56:25                 1498.1     2680.2        3.8        3.8     2760.1         79
01:56:31                 1511.8     2680.2        3.8        3.8     2760.1         79
01:56:36                 1525.2     2680.2        3.8        3.8     2760.1         79
01:56:41                 1539.0     2680.2        3.8        3.8     2760.1         79
01:56:46                 1552.1     2680.2        3.8        3.8     2760.1         79
01:56:51                 1565.8     2680.2        3.8        3.8     2760.1         79
01:56:56                 1579.1     2680.2        3.8        3.8     2760.1         79
01:57:02                 1592.9     2680.2        3.8        3.8     2760.1         79
01:57:07                 1605.8     2680.2        3.8        3.8     2760.1         79
01:57:12                 1619.4     2680.2        3.8        3.8     2760.1         79
01:57:18                 1633.1     2680.2        3.8        3.8     2760.1         79
01:57:23                 1646.6     2680.2        3.8        3.8     2760.1         79
01:57:28                 1659.4     2680.2        3.8        3.8     2760.1         79
01:57:33                 1672.7     2680.2        3.8        3.8     2760.1         79
01:57:38                 1686.6     2680.2        3.8        3.8     2760.1         79
01:57:43                 1700.5     2680.2        3.8        3.8     2760.1         79
01:57:49                 1714.5     2680.2        3.8        3.8     2760.1         79
01:57:54                 1728.7     2680.2        3.8        3.8     2760.1         79
01:57:59                 1551.9     2680.2        3.7        3.7     2760.2         79
01:58:05                 1451.0     2680.3        3.7        3.7     2760.1         79
01:58:10                 1470.1     2680.3        3.7        3.7     2760.1         79
01:58:15                 1482.8     2680.3        3.7        3.7     2760.1         79
01:58:20                 1495.4     2680.3        3.7        3.7     2760.1         79
01:58:25                 1508.3     2680.3        3.7        3.7     2760.1         79
01:58:31                 1521.3     2680.3        3.7        3.7     2760.1         79
01:58:36                 1534.5     2680.3        3.7        3.7     2760.1         79
01:58:41                 1547.4     2680.3        3.7        3.7     2760.1         79
01:58:46                 2049.4     2680.3        3.7        3.7     2760.1         78
01:58:51                 2063.0     2680.3        3.7        3.7     2760.1         78
01:58:57                 2076.1     2680.3        3.7        3.7     2760.1         78
01:59:02                 2089.6     2680.3        3.7        3.7     2760.1         78
01:59:07                 2103.4     2680.3        3.7        3.7     2760.1         78
01:59:13                 2116.3     2680.3        3.7        3.7     2760.1         78
01:59:18                 2129.6     2680.3        3.7        3.7     2760.1         78
01:59:23                 2142.9     2680.3        3.7        3.7     2760.1         79
01:59:28                 2156.7     2680.3        3.7        3.7     2760.1         79
01:59:33                 2169.9     2680.3        3.7        3.7     2760.1         79
01:59:39                 2183.8     2680.3        3.7        3.7     2760.1         79
01:59:44                 2197.4     2680.3        3.7        3.7     2760.1         79
01:59:49                 2211.0     2680.3        3.7        3.7     2760.1         79
01:59:54                 2224.7     2680.3        3.7        3.7     2760.1         79
02:00:00                 1450.3     2680.3        3.7        3.7     2760.1         79
02:00:05                 1461.2     2680.3        3.7        3.7     2760.1         79
02:00:10                 1473.4     2680.3        3.7        3.7     2760.1         79
02:00:15                 1485.8     2680.3        3.7        3.7     2760.1         79
02:00:21                 1498.1     2680.3        3.7        3.7     2760.1         79
02:00:26                 1511.0     2680.3        3.7        3.7     2760.1         79
02:00:31                 1523.4     2680.3        3.7        3.7     2760.1         79
02:00:37                 1536.0     2680.3        3.7        3.7     2760.1         79
02:00:42                 1548.9     2680.3        3.7        3.7     2760.1         79
02:00:47                 1561.0     2680.3        3.7        3.7     2760.1         79
02:00:52                 1573.6     2680.3        3.7        3.7     2760.1         79
02:00:58                 1586.2     2680.3        3.7        3.7     2760.1         79
02:01:03                 1599.0     2680.3        3.7        3.7     2760.1         79
02:01:08                 1611.3     2680.3        3.7        3.7     2760.1         78
02:01:13                 1623.8     2680.3        3.7        3.7     2760.1         78
02:01:19                 1636.7     2680.3        3.7        3.7     2760.1         78
02:01:24                 1648.7     2680.3        3.7        3.7     2760.1         78
02:01:29                 1661.8     2680.3        3.7        3.7     2760.1         79
02:01:34                 1673.9     2680.3        3.7        3.7     2760.1         79
02:01:40                 1686.7     2680.3        3.7        3.7     2760.1         79
02:01:45                 1699.7     2680.3        3.7        3.7     2760.1         79
02:01:50                 1712.7     2680.3        3.7        3.7     2760.1         79
02:01:56                 1725.9     2680.3        3.7        3.7     2760.1         79
02:02:01                 1454.5     2680.3        3.7        3.7     2760.1         78
02:02:06                 1467.4     2680.3        3.7        3.7     2760.1         78
02:02:11                 1482.6     2680.3        3.7        3.7     2760.1         78
02:02:17                 1494.5     2680.3        3.7        3.7     2760.1         79
02:02:22                 1506.7     2680.3        3.7        3.7     2760.1         79
02:02:27                 1518.6     2680.3        3.7        3.7     2760.1         79
02:02:32                 1530.9     2680.3        3.7        3.7     2760.1         79
02:02:38                 1542.9     2680.3        3.7        3.7     2760.1         79
02:02:43                 1555.2     2680.3        3.7        3.7     2760.1         79
02:02:48                 1566.8     2680.3        3.7        3.7     2760.1         78
02:02:54                 1579.0     2680.3        3.7        3.7     2760.1         78
02:02:59                 1591.2     2680.3        3.7        3.7     2760.1         78
02:03:04                 1602.8     2680.3        3.7        3.7     2760.1         78
02:03:09                 1614.5     2680.3        3.7        3.7     2760.1         78
02:03:14                 1626.7     2680.3        3.7        3.7     2760.1         78
02:03:20                 1638.6     2680.3        3.7        3.7     2760.1         78
