# timestamp=sample time  heapMiB=HeapInuse(live)  heapSysMiB=HeapSys(from OS)  stackMiB/stackSysMiB=goroutine stacks  sysMiB=Sys(total from OS)  numGoroutine=live goroutines
timestamp               heapMiB heapSysMiB   stackMiB stackSysMiB     sysMiB numGoroutine
11:31:50                    9.7       18.7        1.3        1.3       28.7       77
0
11:31:56                  514.2      564.4       55.6       55.6      649.8    18214
0
11:32:01                 1025.2     1155.4        8.6        8.6     1204.7      187
0
11:32:06                 1242.4     1272.5        7.5        7.5     1322.3      188
0
11:32:11                 1256.5     1272.5        7.5        7.5     1322.3      188
0
11:32:16                 1271.8     1280.5        7.5        7.5     1330.6      188
0
11:32:21                 1286.7     1296.5        7.5        7.5     1346.6      188
0
11:32:26                 1300.5     1308.5        7.5        7.5     1359.2      183
0
11:32:31                 1313.9     1320.5        7.5        7.5     1371.4      183
0
11:32:36                 1327.8     1336.5        7.5        7.5     1387.5      183
0
11:32:41                 1340.4     1348.6        7.4        7.4     1399.6      184
0
11:32:46                 1353.1     1360.6        7.4        7.4     1411.9      183
0
11:32:51                 1365.7     1372.5        7.5        7.5     1424.1      183
0
11:32:56                 1377.8     1384.5        7.5        7.5     1436.4      183
0
11:33:01                 1390.2     1396.5        7.5        7.5     1448.9      183
0
11:33:06                 1402.2     1412.6        7.4        7.4     1465.1      183
0
11:33:11                 1414.2     1424.6        7.4        7.4     1477.1      183
0
11:33:16                 1426.0     1436.6        7.4        7.4     1489.4      183
0
11:33:22                 1438.1     1448.6        7.4        7.4     1501.4      178
0
11:33:27                 1449.6     1456.5        7.5        7.5     1509.7      178
0
11:33:32                 1462.7     1469.4        6.6        6.6     1521.8       79
0
11:33:37                 1472.5     1481.4        6.6        6.6     1534.1       79
0
11:33:42                 1483.6     1489.4        6.6        6.6     1542.3       78
0
11:33:47                  794.2     1501.4        6.6        6.6     1554.9       78
0
11:33:52                  803.7     1501.4        6.6        6.6     1555.2       78
0
11:33:57                  812.6     1501.4        6.6        6.6     1555.2       78
0
11:34:02                  822.3     1501.4        6.6        6.6     1555.2       78
0
11:34:07                  832.1     1501.4        6.6        6.6     1555.2       78
0
11:34:12                  842.2     1501.4        6.6        6.6     1555.2       78
0
11:34:17                  852.0     1501.3        6.7        6.7     1555.2       78
0
11:34:22                  861.9     1501.3        6.7        6.7     1555.2       78
0
11:34:27                  871.5     1501.3        6.7        6.7     1555.2       78
0
11:34:32                  881.9     1501.3        6.7        6.7     1555.2       80
0
11:34:37                  891.4     1501.3        6.7        6.7     1555.2       78
0
11:34:42                  900.9     1501.3        6.7        6.7     1555.2       78
0
11:34:47                  911.2     1501.3        6.7        6.7     1555.2       78
0
11:34:53                  920.4     1501.2        6.8        6.8     1555.2       78
0
11:34:58                  929.9     1501.2        6.8        6.8     1555.2       78
0
11:35:03                  940.1     1501.2        6.8        6.8     1555.2       78
0
11:35:08                  949.9     1501.2        6.8        6.8     1555.2       78
0
11:35:13                  959.7     1501.2        6.8        6.8     1555.2       78
0
11:35:18                  970.1     1501.2        6.8        6.8     1555.2       78
0
11:35:23                  980.0     1501.2        6.8        6.8     1555.2       78
0
11:35:28                  998.2     1501.2        6.8        6.8     1555.2       79
0
11:35:33                 1015.5     1501.2        6.8        6.8     1555.2       79
0
11:35:38                 1033.7     1501.2        6.8        6.8     1555.2       79
0
11:35:43                 1051.0     1501.2        6.8        6.8     1555.2       79
0
11:35:48                  678.4     1501.2        6.8        6.8     1555.5       79
0
11:35:53                  694.0     1501.2        6.8        6.8     1555.5       79
0
11:35:58                  710.8     1501.2        6.8        6.8     1555.5       79
0
11:36:03                  727.4     1501.2        6.8        6.8     1555.5       79
0
11:36:08                  745.3     1501.2        6.8        6.8     1555.5       79
0
11:36:14                  762.7     1501.1        6.9        6.9     1555.5       79
0
11:36:19                  779.6     1501.1        6.9        6.9     1555.5       79
0
11:36:24                  796.8     1501.1        6.9        6.9     1555.5       79
0
11:36:29                  814.8     1501.1        6.9        6.9     1555.5       79
0
11:36:34                  831.5     1501.1        6.9        6.9     1555.5       79
0
11:36:39                  848.5     1501.1        6.9        6.9     1555.5       79
0
11:36:44                  865.8     1501.1        6.9        6.9     1555.5       79
0
11:36:49                  884.3     1501.1        6.9        6.9     1555.5       79
0
11:36:54                  904.4     1500.9        7.1        7.1     1555.5       79
0
11:36:59                 1177.7     1501.0        7.0        7.0     1556.6       79
0
11:37:04                 1434.6     1500.9        7.1        7.1     1562.5       79
0
11:37:09                 1453.1     1500.9        7.1        7.1     1562.5       80
0
11:37:14                 1472.4     1500.9        7.1        7.1     1563.3       79
0
11:37:19                 1491.8     1501.0        7.0        7.0     1563.4       79
0
11:37:24                 1511.4     1517.0        7.0        7.0     1580.0       79
0
11:37:30                 1530.8     1537.0        7.0        7.0     1600.6       80
0
11:37:35                 1550.5     1556.9        7.1        7.1     1620.9         79
11:37:40                 1569.8     1576.9        7.1        7.1     1641.2       79
0
11:37:45                 1590.2     1597.0        7.0        7.0     1661.8       79
0
11:37:50                 1609.7     1617.0        7.0        7.0     1682.2         79
11:37:55                 1629.2     1632.9        7.1        7.1     1698.5       79
0
11:38:00                 1649.1     1652.9        7.1        7.1     1718.5       79
0
11:38:05                 1669.1     1672.9        7.1        7.1     1739.4       79
0
11:38:10                 1689.1     1692.9        7.1        7.1     1760.0       79
0
11:38:15                 1708.7     1712.9        7.1        7.1     1780.3       79
0
11:38:20                  729.4     1732.9        7.1        7.1     1800.7       79
0
11:38:25                  744.2     1732.9        7.1        7.1     1800.7       79
0
11:38:30                  760.8     1733.0        7.0        7.0     1800.8       80
0
11:38:35                  778.3     1732.9        7.1        7.1     1800.8       79
0
11:38:40                  795.1     1732.9        7.1        7.1     1800.9       79
0
11:38:46                  812.7     1732.9        7.1        7.1     1800.9       79
0
11:38:51                  829.7     1732.9        7.1        7.1     1800.9       79
0
11:38:56                  847.0     1732.9        7.1        7.1     1801.0         79
11:39:01                  864.2     1732.9        7.1        7.1     1801.1       79
0
11:39:06                  881.1     1732.9        7.1        7.1     1801.1       79
0
11:39:11                  898.8     1732.9        7.1        7.1     1801.1       79
0
11:39:16                  916.6     1732.9        7.1        7.1     1801.2       79
0
11:39:21                  933.9     1732.9        7.1        7.1     1801.2       79
0
11:39:26                  951.7     1733.0        7.0        7.0     1801.2       79
0
11:39:31                  969.2     1732.9        7.1        7.1     1801.3       79
0
11:39:36                  987.6     1733.0        7.0        7.0     1801.4       79
0
11:39:41                 1005.4     1732.9        7.1        7.1     1801.4       79
0
11:39:46                 1023.3     1732.9        7.1        7.1     1801.4       79
0
11:39:51                 1041.7     1732.9        7.1        7.1     1801.5       79
0
11:39:57                 1060.0     1732.9        7.1        7.1     1801.6       80
0
11:40:02                 1078.4     1732.9        7.1        7.1     1801.6       79
0
11:40:07                 1096.6     1732.9        7.1        7.1     1801.7       79
0
11:40:12                 1115.5     1733.0        7.0        7.0     1801.7       79
0
11:40:17                 1133.4     1732.9        7.1        7.1     1801.7       79
0
11:40:22                  744.7     1732.9        7.1        7.1     1801.8       79
0
11:40:27                  760.8     1732.9        7.1        7.1     1801.8       79
0
11:40:32                  777.4     1732.9        7.1        7.1     1801.8       79
0
11:40:37                  793.8     1732.9        7.1        7.1     1801.8       79
0
11:40:42                  811.5     1732.9        7.1        7.1     1801.8       79
0
11:40:47                  828.4     1732.9        7.1        7.1     1801.8       79
0
11:40:52                  845.7     1732.9        7.1        7.1     1801.8       79
0
11:40:57                  863.0     1732.9        7.1        7.1     1801.8       79
0
11:41:02                  880.6     1732.9        7.1        7.1     1801.8         79
11:41:08                  897.5     1732.9        7.1        7.1     1801.8       79
0
11:41:13                  915.1     1732.9        7.1        7.1     1801.8       79
0
11:41:18                  932.0     1732.9        7.1        7.1     1801.8       79
0
11:41:23                  949.6     1732.9        7.1        7.1     1801.8       79
0
11:41:28                  967.2     1732.9        7.1        7.1     1801.8       79
0
11:41:33                  984.9     1732.9        7.1        7.1     1801.8       79
0
11:41:38                 1002.5     1732.9        7.1        7.1     1801.8       79
0
11:41:43                 1020.4     1732.9        7.1        7.1     1801.8       79
0
11:41:48                 1039.1     1732.9        7.1        7.1     1801.8       79
0
11:41:53                 1059.1     1732.8        7.2        7.2     1801.9       79
0
11:41:58                 1076.2     1732.7        7.3        7.3     1802.0       79
0
11:42:03                 1094.2     1732.8        7.2        7.2     1802.0       78
0
11:42:08                 1427.2     1732.7        7.3        7.3     1802.3       79
0
11:42:13                 1495.7     1732.7        7.3        7.3     1802.3       79
0
11:42:18                 1514.7     1732.8        7.2        7.2     1802.3       79
0
11:42:24                 1532.7     1732.7        7.3        7.3     1802.3       83
0
11:42:29                 1551.7     1732.8        7.2        7.2     1802.3       79
0
11:42:34                 1571.4     1732.7        7.3        7.3     1802.3       79
0
11:42:39                 1590.7     1732.7        7.3        7.3     1802.3       79
0
11:42:44                  768.0     1732.8        7.2        7.2     1802.3       79
0
11:42:49                  783.2     1732.7        7.3        7.3     1802.3       79
0
11:42:54                  800.0     1732.7        7.3        7.3     1802.3       79
0
11:42:59                  817.6     1732.7        7.3        7.3     1802.3       79
0
11:43:04                  834.8     1732.7        7.3        7.3     1802.3       79
0
11:43:09                  852.3     1732.7        7.3        7.3     1802.3       79
0
11:43:14                  870.9     1732.8        7.2        7.2     1802.3       79
0
11:43:19                  888.1     1732.8        7.2        7.2     1802.3       79
0
11:43:24                  906.1     1732.8        7.2        7.2     1802.3       79
0
11:43:29                  924.4     1732.8        7.2        7.2     1802.3       79
0
11:43:35                  941.9     1732.8        7.2        7.2     1802.3       79
0
11:43:40                  959.6     1732.8        7.2        7.2     1802.3       79
0
11:43:45                  977.9     1732.8        7.2        7.2     1802.3       79
0
11:43:50                  995.6     1732.8        7.2        7.2     1802.3       79
0
11:43:55                 1013.5     1732.8        7.2        7.2     1802.3       79
0
11:44:00                 1031.2     1732.8        7.2        7.2     1802.3       79
0
11:44:05                 1050.0     1732.8        7.2        7.2     1802.3       79
0
11:44:10                 1068.4     1732.7        7.3        7.3     1802.3       79
0
11:44:15                 1087.2     1732.7        7.3        7.3     1802.3       79
0
11:44:20                 1105.3     1732.7        7.3        7.3     1802.3       79
0
11:44:25                 1124.0     1732.7        7.3        7.3     1802.3       79
0
11:44:30                 1142.5     1732.7        7.3        7.3     1802.3       79
0
11:44:36                 1161.2     1732.7        7.3        7.3     1802.3       79
0
11:44:41                  771.8     1732.8        7.2        7.2     1802.4       79
0
11:44:46                  786.9     1732.8        7.2        7.2     1802.4       80
0
11:44:51                  807.4     1732.7        7.3        7.3     1802.4       79
0
11:44:56                  825.1     1732.7        7.3        7.3     1802.4       79
0
11:45:01                  842.5     1732.8        7.2        7.2     1802.4       79
0
11:45:06                  859.3     1732.8        7.2        7.2     1802.4       79
0
11:45:11                  876.8     1732.7        7.3        7.3     1802.4       79
0
11:45:16                  893.8     1732.7        7.3        7.3     1802.4       79
0
11:45:21                  911.1     1732.7        7.3        7.3     1802.4       79
0
11:45:26                  929.0     1732.7        7.3        7.3     1802.4       79
0
11:45:31                  946.0     1732.8        7.2        7.2     1802.4       79
0
11:45:36                  963.2     1732.7        7.3        7.3     1802.4       79
0
11:45:41                  981.2     1732.7        7.3        7.3     1802.4       79
0
11:45:46                  998.4     1732.7        7.3        7.3     1802.4       79
0
11:45:52                 1016.1     1732.7        7.3        7.3     1802.4       79
0
11:45:57                 1034.5     1732.7        7.3        7.3     1802.4       79
0
11:46:02                 1052.1     1732.7        7.3        7.3     1802.4       79
0
11:46:07                 1070.7     1732.7        7.3        7.3     1802.4       79
0
11:46:12                 1089.0     1732.7        7.3        7.3     1802.4       79
0
11:46:17                 1107.9     1732.7        7.3        7.3     1802.4       79
0
11:46:22                 1126.0     1732.7        7.3        7.3     1802.4       79
0
11:46:27                 1144.7     1732.7        7.3        7.3     1802.4       79
0
11:46:32                 1163.0     1732.7        7.3        7.3     1802.4       79
0
11:46:37                 1182.7     1732.7        7.3        7.3     1802.4       81
0
11:46:42                  791.5     1732.7        7.3        7.3     1802.4       79
0
11:46:47                  806.3     1732.7        7.3        7.3     1802.4       79
0
11:46:53                  824.1     1732.7        7.3        7.3     1802.4       79
0
11:46:58                  840.5     1732.7        7.3        7.3     1802.4       79
0
11:47:03                  857.6     1732.7        7.3        7.3     1802.4       79
0
11:47:08                  874.9     1732.7        7.3        7.3     1802.4       79
0
11:47:13                 1043.4     1732.8        7.2        7.2     1802.4         79
11:47:18                 1207.1     1732.8        7.2        7.2     1802.4       79
0
11:47:23                 1225.0     1732.7        7.3        7.3     1802.4       79
0
11:47:28                 1243.2     1732.8        7.2        7.2     1802.4       80
0
11:47:33                 1261.4     1732.8        7.2        7.2     1802.4       79
0
11:47:38                 1279.2     1732.8        7.2        7.2     1802.4       79
0
11:47:43                 1297.2     1732.8        7.2        7.2     1802.4       79
0
11:47:48                 1315.9     1732.8        7.2        7.2     1802.4       80
0
11:47:53                 1334.1     1732.8        7.2        7.2     1802.4       79
0
11:47:59                 1352.8     1732.8        7.2        7.2     1802.4       79
0
11:48:04                 1371.6     1732.8        7.2        7.2     1802.4       79
0
11:48:09                 1391.3     1732.8        7.2        7.2     1802.4       79
0
11:48:14                 1410.8     1732.8        7.2        7.2     1802.4       79
0
11:48:19                 1430.1     1732.8        7.2        7.2     1802.4       79
0
11:48:24                 1449.6     1732.8        7.2        7.2     1802.4       79
0
11:48:29                 1468.9     1732.8        7.2        7.2     1802.4       79
0
11:48:34                 1489.1     1732.7        7.3        7.3     1802.4       79
0
11:48:39                 1508.4     1732.7        7.3        7.3     1802.4       79
0
11:48:44                 1528.9     1732.7        7.3        7.3     1802.4       79
0
11:48:49                 1548.1     1732.8        7.2        7.2     1802.4       79
0
11:48:54                 1568.0     1732.8        7.2        7.2     1802.4       79
0
11:48:59                 1587.8     1732.8        7.2        7.2     1802.4       79
0
11:49:04                 1607.1     1732.8        7.2        7.2     1802.4         79
11:49:10                 1626.8     1732.8        7.2        7.2     1802.4         79
11:49:15                  833.9     1732.8        7.2        7.2     1802.4       79
0
11:49:20                  849.5     1732.8        7.2        7.2     1802.4       79
0
11:49:25                  866.1     1732.8        7.2        7.2     1802.4       79
0
11:49:30                  883.6     1732.8        7.2        7.2     1802.4       79
0
11:49:35                  896.6     1732.8        7.2        7.2     1802.4       79
0
11:49:40                  905.3     1732.8        7.2        7.2     1802.4       79
0
11:49:45                  913.6     1732.8        7.2        7.2     1802.4       79
0
11:49:50                  922.0     1732.8        7.2        7.2     1802.4       79
0
11:49:55                  930.8     1732.8        7.2        7.2     1802.4       79
0
11:50:00                  939.3     1732.8        7.2        7.2     1802.4       79
0
11:50:05                  947.8     1732.8        7.2        7.2     1802.4       79
0
11:50:10                  956.5     1732.8        7.2        7.2     1802.4       79
0
11:50:16                  965.2     1732.8        7.2        7.2     1802.4       79
0
11:50:21                  973.5     1732.8        7.2        7.2     1802.4       79
0
11:50:26                  982.2     1732.8        7.2        7.2     1802.4       79
0
11:50:31                  991.0     1732.8        7.2        7.2     1802.4       79
0
11:50:36                  999.2     1732.8        7.2        7.2     1802.4       79
0
11:50:41                 1008.0     1732.8        7.2        7.2     1802.4       79
0
11:50:46                 1016.4     1732.8        7.2        7.2     1802.4       79
0
11:50:51                 1025.1     1732.8        7.2        7.2     1802.4       79
0
11:50:56                 1033.7     1732.8        7.2        7.2     1802.4       79
0
11:51:01                 1042.4     1732.8        7.2        7.2     1802.4       79
0
11:51:06                 1051.2     1732.8        7.2        7.2     1802.4       78
0
11:51:11                  821.3     1732.8        7.2        7.2     1802.4         80
11:51:16                  829.1     1732.8        7.2        7.2     1802.4       78
0
11:51:22                  836.6     1732.8        7.2        7.2     1802.4       78
0
11:51:27                  844.5     1732.8        7.2        7.2     1802.4       78
0
11:51:32                  852.9     1732.8        7.2        7.2     1802.4         78
11:51:37                  861.6     1732.8        7.2        7.2     1802.4       78
0
11:51:42                  869.2     1732.8        7.2        7.2     1802.4       78
0
11:51:47                  877.8     1732.8        7.2        7.2     1802.4       78
0
