# timestamp=sample time  heapMiB=HeapInuse(live)  heapSysMiB=HeapSys(from OS)  stackMiB/stackSysMiB=goroutine stacks  sysMiB=Sys(total from OS)  numGoroutine=live goroutines
timestamp               heapMiB heapSysMiB   stackMiB stackSysMiB     sysMiB numGoroutine
11:08:47                    9.8       18.6        1.4        1.4       30.2       77
0
11:08:52                  128.8      168.2        7.8        7.8      191.9      184
0
11:08:57                  146.7      168.1        7.9        7.9      192.1      184
0
11:09:02                  165.0      168.0        8.0        8.0      192.9      184
0
11:09:07                  183.9      188.0        8.0        8.0      213.2      184
0
11:09:12                  101.3      199.8        8.2        8.2      225.3      184
0
11:09:17                  117.0      199.8        8.2        8.2      225.3      184
0
11:09:22                  133.7      199.7        8.3        8.3      225.3      180
0
11:09:27                   88.4      199.7        8.3        8.3      225.3      180
0
11:09:32                  103.4      199.8        8.2        8.2      225.3      180
0
11:09:37                  119.4      199.8        8.2        8.2      225.4      180
0
11:09:42                  136.5      199.8        8.2        8.2      225.5      180
0
11:09:47                   97.6      199.8        8.2        8.2      225.5      180
0
11:09:52                  113.0      199.8        8.2        8.2      225.7      180
0
11:09:57                  129.8      199.8        8.2        8.2      225.7      180
0
11:10:02                   95.5      199.8        8.2        8.2      225.7      180
0
11:10:08                  109.4      199.8        8.2        8.2      225.7      180
0
11:10:13                  125.8      199.8        8.2        8.2      225.7      180
0
11:10:18                  142.8      199.8        8.2        8.2      225.7      178
0
11:10:23                  101.6      200.4        7.6        7.6      225.7       79
0
11:10:28                  114.9      200.4        7.6        7.6      225.7       77
0
11:10:33                  120.5      200.4        7.6        7.6      225.7       77
0
11:10:38                  126.0      200.4        7.6        7.6      225.7       77
0
11:10:43                  131.8      200.4        7.6        7.6      225.7       77
0
