# timestamp=sample time  cpu%=% of one core (may exceed 100)  rss_MiB=resident RAM (whole process)
timestamp                cpu%      rss_MiB
21:01:55                  0.3           34
21:02:00                  0.0           39
21:02:05                313.4          535
21:02:10                340.3          986
21:02:15                  6.8         1461
21:02:20                  7.1         1475
21:02:25                  6.0         1483
21:02:30                  6.7         1483
21:02:35                  5.6         1483
21:02:40                  6.1         1256
21:02:45                  5.4         1256
21:02:50                  5.2         1256
21:02:55                  6.9         1252
21:03:00                  4.3         1253
21:03:05                  4.2         1253
21:03:10                  3.9         1253
21:03:15                  4.7         1253
21:03:20                  4.4         1253
21:03:25                  3.9         1253
21:03:30                  4.2         1248
21:03:35                  4.0         1229
21:03:40                  4.0         1230
21:03:45                  3.9         1230
21:03:50                  3.9         1230
21:03:55                  3.5         1230
21:04:01                  3.9         1230
21:04:06                  3.4         1229
21:04:11                  3.5         1229
21:04:16                  5.6         1229
21:04:21                  5.7         1229
21:04:26                  5.2         1230
21:04:31                  5.4         1231
21:04:36                  4.3         1231
21:04:41                  4.7         1231
21:04:46                  5.3         1231
21:04:51                  5.1         1231
21:04:56                  4.8         1231
21:05:01                  4.6         1231
21:05:06                  4.7         1231
21:05:11                  4.6         1231
21:05:16                  9.4         1231
21:05:21                  8.6         1231
21:05:26                  7.8         1231
21:05:31                  7.8         1231
21:05:36                  9.0         1231
21:05:41                  8.8         1231
21:05:46                  9.8         1231
21:05:51                 13.2         1231
21:05:57                 15.8         1231
21:06:02                  8.4         1231
21:06:07                  7.9         1231
21:06:12                  8.9         1233
21:06:17                  8.6         1233
21:06:22                  8.4         1233
21:06:27                  8.0         1234
21:06:32                  8.3         1234
21:06:37                  8.1         1234
21:06:42                  8.4         1234
21:06:47                  8.5         1234
21:06:52                  7.7         1234
21:06:57                  7.8         1234
21:07:02                  8.5         1234
21:07:07                  9.0         1232
21:07:12                  7.8         1240
21:07:17                  8.7         1247
21:07:22                  9.5         1249
21:07:27                 11.4         1250
21:07:32                 10.2         1250
21:07:38                  9.6         1250
21:07:43                  8.4         1250
21:07:48                  9.5         1250
21:07:53                  8.7         1250
21:07:58                  9.0         1250
21:08:03                  8.5         1250
21:08:08                  9.1         1250
21:08:13                  9.1         1250
21:08:18                  8.0         1250
21:08:23                  8.1         1250
21:08:28                  9.3         1250
21:08:33                  8.5         1250
21:08:38                  8.6         1250
21:08:43                  9.5         1250
21:08:48                 11.7         1250
21:08:54                 12.5         1250
21:08:59                 17.1         1250
21:09:04                  7.2         1250
21:09:09                  8.5         1250
21:09:14                  8.2         1250
21:09:19                  7.6         1250
21:09:24                  8.9         1251
21:09:29                 10.5         1251
21:09:34                  8.2         1251
21:09:39                  8.3         1251
21:09:44                  9.3         1251
21:09:49                  9.8         1251
21:09:54                 10.4         1251
21:09:59                 14.0         1251
21:10:04                 13.5         1251
21:10:09                  8.8         1251
21:10:14                  8.5         1251
21:10:20                  7.5         1251
21:10:25                  8.2         1251
21:10:30                  9.3         1251
21:10:35                  8.9         1251
21:10:40                  8.3         1251
21:10:45                  8.4         1251
21:10:50                  8.9         1251
21:10:55                  8.5         1251
21:11:00                  8.3         1251
21:11:05                  8.1         1251
21:11:10                  7.8         1251
21:11:15                  8.0         1251
21:11:20                  8.7         1252
21:11:25                 19.3         1252
21:11:30                  8.7         1252
21:11:36                  7.2         1252
21:11:41                  9.3         1252
21:11:46                  8.2         1252
21:11:51                 10.1         1252
21:11:56                 10.5         1252
21:12:01                 13.3         1252
21:12:06                 17.5         1252
21:12:11                  9.4         1252
21:12:16                  8.9         1253
21:12:21                 10.2         1272
21:12:26                 10.5         1291
21:12:31                 10.1         1309
21:12:36                  9.5         1328
21:12:42                  9.3         1348
21:12:47                  9.8         1367
21:12:52                  8.5         1387
21:12:57                176.3         1407
21:13:02                  9.5         1407
21:13:07                  9.0         1407
21:13:12                  9.4         1407
21:13:17                  9.4         1407
21:13:22                  8.7         1407
21:13:27                  8.6         1407
21:13:32                  8.2         1408
21:13:37                  8.7         1408
21:13:42                  8.6         1408
21:13:48                  8.4         1408
21:13:53                  8.0         1408
21:13:58                  7.1         1408
21:14:03                 10.2         1408
21:14:08                  9.3         1408
21:14:13                 10.4         1408
21:14:18                 11.4         1408
21:14:23                 15.8         1408
21:14:28                 14.9         1408
21:14:33                  7.8         1408
21:14:38                  8.1         1408
21:14:44                  7.5         1408
21:14:49                  8.4         1408
21:14:54                  9.0         1408
21:14:59                  7.6         1408
21:15:04                  8.8         1408
21:15:09                  7.4         1408
21:15:14                  8.1         1255
21:15:20                  8.7         1256
21:15:25                  8.3         1258
21:15:30                  8.9         1258
21:15:35                  8.9         1258
21:15:40                  8.2         1258
21:15:45                  8.6         1258
21:15:50                  8.8         1258
21:15:55                  8.9         1259
21:16:00                  8.5         1260
21:16:05                  9.1         1260
21:16:11                  9.9         1260
21:16:16                  8.7         1260
21:16:21                 12.2         1260
21:16:26                 11.1         1260
21:16:31                 11.3         1260
21:16:36                 12.1         1260
21:16:41                 13.8         1260
21:16:46                 10.7         1262
21:16:51                 10.5         1264
21:16:56                 10.0         1266
21:17:01                 12.8         1304
21:17:06                 15.8         1304
21:17:11                 11.6         1304
21:17:16                 18.5         1304
21:17:21                  8.7         1304
21:17:26                  7.5         1304
21:17:32                  8.3         1304
21:17:37                  7.6         1304
21:17:42                  6.5         1304
21:17:47                  8.1         1308
21:17:52                  7.7         1324
21:17:57                  8.3         1339
21:18:02                  8.0         1355
21:18:07                  7.5         1371
21:18:12                  7.5         1387
21:18:17                  7.9         1403
21:18:22                 10.9         1419
21:18:27                  7.5         1436
21:18:33                  9.3         1456
21:18:38                 11.4         1476
21:18:43                  8.5         1482
21:18:48                  9.1         1482
21:18:53                  9.5         1482
21:18:58                  8.9         1482
21:19:03                 10.2         1482
21:19:08                 10.0         1482
21:19:13                 11.2         1482
21:19:18                  6.0         1482
21:19:24                 14.0         1482
21:19:29                 15.0         1482
21:19:34                  2.0         1482
21:19:39                  1.8         1482
21:19:44                  1.8         1482
21:19:49                  1.9         1482
21:19:54                  5.7         1482
21:19:59                  2.1         1482
21:20:04                  3.3         1482
21:20:09                  5.1         1482
21:20:14                  2.6         1482
21:20:19                  2.4         1482
21:20:25                  4.2         1482
21:20:30                  2.6         1482
21:20:35                  2.6         1482
21:20:40                 92.9         1482
21:20:45                  2.6         1482
21:20:50                  2.5         1482
21:20:55                  2.7         1482
21:21:00                  2.3         1482
21:21:05                  2.7         1482
21:21:10                  2.7         1482
21:21:15                  2.6         1482
21:21:20                  2.3         1482
21:21:26                  2.9         1482
21:21:31                  2.7         1482
21:21:36                  2.8         1482
21:21:41                  3.6         1482
21:21:46                  5.2         1482
21:21:51                  4.5         1482
21:21:56                  8.6         1482
21:22:01                  6.9         1482
21:22:06                 11.7         1482
21:22:11                  5.0         1482
