# timestamp=sample time  cpu%=% of one core (may exceed 100)  rss_MiB=resident RAM
timestamp                cpu%      rss_MiB
12:31:14                  9.5           60
12:31:19                 83.3          221
12:31:24                  107          412
12:31:29                  117          556
12:31:34                  124          675
12:31:39                  125          892
12:31:44                  130          937
12:31:49                  145         1926
12:31:54                  169         2067
12:31:59                  194         2315
12:32:04                  213         2591
12:32:09                  228         2881
12:32:14                  242         3151
12:32:20                  255         3467
12:32:25                  262         3665
12:32:30                  273         4015
12:32:35                  289         4249
12:32:40                  302         4252
12:32:45                  318         4347
12:32:50                  329         4348
12:32:55                  338         4426
12:33:00                  348         4486
12:33:05                  355         4561
12:33:10                  363         4668
12:33:15                  369         4687
12:33:20                  375         4778
12:33:25                  381         4834
12:33:30                  383         4853
12:33:35                  388         4958
12:33:40                  393         5039
12:33:45                  395         5084
12:33:50                  398         5160
12:33:56                  403         5211
12:34:01                  404         5233
12:34:06                  407         5330
12:34:11                  409         5398
12:34:16                  412         5413
12:34:21                  414         5481
12:34:26                  415         5575
12:34:31                  418         5601
12:34:36                  419         5636
12:34:41                  421         5788
12:34:46                  421         5824
12:34:51                  422         5882
12:34:56                  424         5923
12:35:01                  425         5963
12:35:06                  425         5996
12:35:11                  427         6090
12:35:16                  427         6132
12:35:21                  427         6245
12:35:27                  430         6305
12:35:32                  430         6375
12:35:37                  430         6413
12:35:42                  429         6496
12:35:47                  429         6514
12:35:52                  428         6546
12:35:57                  428         6616
12:36:02                  427         6681
12:36:07                  427         6816
12:36:12                  426         7002
12:36:17                  426         7094
12:36:22                  426         7192
12:36:27                  425         7299
12:36:32                  424         7371
12:36:37                  422         7371
12:36:43                  422         7498
12:36:48                  422         7679
12:36:53                  422         7695
12:36:58                  421         7697
12:37:03                  421         7828
12:37:08                  419         7828
12:37:13                  419         7998
12:37:18                  418         8081
12:37:23                  418         8227
12:37:29                  416         8227
12:37:34                  416         8357
12:37:39                  415         8483
12:37:44                  414         8483
12:37:49                  414         8675
12:37:54                  414         8735
12:37:59                  414         8748
12:38:04                  412         8748
12:38:09                  412         8879
12:38:14                  412         8989
12:38:19                  410         8989
12:38:25                  410         9118
12:38:30                  411         9363
12:38:35                  409         9363
12:38:40                  410         9485
12:38:45                  410         9565
12:38:50                  409         9565
12:38:55                  409         9613
12:39:00                  409         9678
12:39:05                  408         9678
12:39:10                  408         9783
12:39:15                  408         9873
12:39:20                  407         9873
12:39:25                  407        10039
12:39:30                  406        10039
12:39:36                  406        10073
12:39:41                  406        10114
12:39:46                  405        10114
12:39:51                  405        10198
12:39:56                  404        10198
12:40:01                  404        10360
12:40:06                  404        10438
12:40:11                  403        10438
12:40:16                  404        10540
12:40:21                  403        10540
12:40:26                  403        10641
12:40:31                  402        10652
12:40:36                  403        10740
12:40:41                  403        10943
12:40:46                  402        10943
12:40:52                  402        11014
12:40:57                  401        11014
12:41:02                  401        11094
12:41:07                  400        11095
12:41:12                  401        11202
12:41:17                  400        11202
12:41:22                  400        11324
12:41:27                  401        11345
12:41:32                  400        11345
12:41:37                  401        11376
12:41:42                  400        11397
12:41:48                  400        11491
12:41:53                  401        11580
12:41:58                  400        11580
12:42:03                  400        11671
12:42:08                  399        11671
12:42:13                  400        11744
12:42:18                  399        11744
12:42:23                  399        11890
12:42:28                  398        11890
12:42:33                  399        12056
12:42:38                  398        12056
12:42:44                  399        12232
12:42:49                  398        12232
12:42:54                  398        12331
12:42:59                  398        12331
12:43:04                  398        12394
12:43:09                  397        12394
12:43:14                  398        12486
12:43:19                  397        12488
12:43:24                  397        12612
12:43:29                  397        12612
12:43:34                  397        12641
12:43:40                  396        12641
12:43:45                  397        12789
12:43:50                  396        12789
12:43:55                  397        12850
12:44:00                  396        12850
12:44:05                  397        13044
12:44:10                  396        13044
12:44:15                  397        13109
12:44:20                  396        13109
12:44:25                  396        13184
12:44:30                  396        13184
12:44:35                  396        13365
12:44:41                  396        13375
12:44:46                  395        13414
12:44:51                  396        13438
12:44:56                  395        13461
12:45:01                  396        13711
12:45:06                  395        13715
12:45:11                  396        13926
12:45:16                  395        13926
12:45:21                  396        13934
12:45:26                  396        13934
12:45:31                  396        13962
12:45:37                  396        13962
12:45:42                  396        14042
12:45:47                  396        14042
12:45:52                  397        14116
12:45:57                  396        14116
12:46:02                  397        14181
12:46:07                  396        14182
12:46:12                  396        14254
12:46:17                  396        14296
12:46:22                  396        14301
12:46:27                  396        14452
12:46:33                  396        14452
12:46:38                  396        14458
12:46:43                  395        14458
12:46:48                  396        14470
12:46:53                  395        14470
12:46:58                  395        14470
12:47:03                  395        14530
12:47:08                  394        14530
12:47:13                  393        14530
12:47:18                  393        14535
12:47:23                  392        14535
12:47:28                  391        14535
12:47:33                  390        14535
12:47:38                  390        14557
12:47:43                  389        14557
12:47:48                  388        14557
12:47:53                  387        14557
12:47:58                  387        14576
12:48:03                  386        14575
12:48:08                  385        14575
12:48:13                  384        14602
12:48:18                  384        14607
12:48:23                  383        14607
12:48:29                  382        14607
12:48:34                  382        14613
12:48:39                  382        14612
12:48:44                  381        14612
12:48:49                  381        14630
12:48:54                  380        14630
12:48:59                  380        14630
12:49:04                  379        14631
12:49:09                  379        14668
12:49:14                  379        14668
12:49:19                  379        14715
12:49:24                  378        14715
12:49:29                  378        14715
12:49:34                  378        14721
12:49:39                  378        14721
12:49:44                  377        14721
12:49:49                  377        14741
12:49:54                  377        14741
12:49:59                  377        14741
12:50:05                  376        14741
12:50:10                  376        14741
12:50:15                  376        14741
12:50:20                  376        14741
12:50:25                  375        14741
12:50:30                  376        14805
12:50:35                  375        14805
12:50:40                  376        14864
12:50:45                  376        14864
12:50:50                  375        14864
12:50:55                  376        14880
12:51:00                  375        14880
12:51:05                  375        14880
12:51:10                  375        14942
12:51:15                  374        14942
12:51:20                  374        14943
12:51:26                  374        15117
12:51:31                  374        15117
12:51:36                  374        15151
12:51:41                  374        15179
12:51:46                  374        15184
12:51:51                  374        15360
12:51:56                  374        15360
12:52:01                  374        15366
12:52:06                  374        15366
12:52:11                  373        15366
12:52:16                  374        15390
12:52:21                  373        15390
12:52:26                  373        15390
12:52:31                  373        15410
12:52:36                  373        15410
12:52:41                  373        15410
12:52:46                  374        15292
12:52:51                  374        15324
12:52:56                  375        14528
12:53:01                  375        14148
12:53:06                  376        13516
12:53:11                  376        12796
12:53:17                  377        12126
12:53:22                  379        11559
12:53:27                  382        11294
12:53:32                  385        11069
12:53:37                  388        10853
12:53:42                  392        10605
12:53:47                  395        10385
12:53:52                  398        10270
12:53:57                  401        10173
12:54:02                  405        10197
12:54:07                  407        10203
12:54:12                  410        10075
12:54:17                  414         9976
12:54:22                  417        10043
12:54:27                  420         9977
12:54:32                  422         9978
12:54:37                  425        10061
12:54:42                  427        10065
12:54:48                  428        10064
12:54:53                  430        10045
12:54:58                  431         9989
12:55:03                  432        10005
12:55:08                  433         9759
12:55:13                  434         9858
12:55:18                  436         9750
12:55:23                  436         9830
12:55:28                  437         9738
12:55:33                  439         9766
12:55:38                  440         9514
12:55:44                  441         9644
12:55:49                  442         9601
12:55:54                  443         9604
12:55:59                  444         9551
12:56:04                  445         9455
12:56:09                  446         9434
12:56:14                  447         9377
12:56:19                  448         9453
12:56:24                  451         9305
12:56:29                  454         9220
12:56:34                  456         9284
12:56:39                  459         9209
12:56:44                  461         9197
12:56:49                  463         9109
12:56:54                  466         9134
12:57:00                  468         9139
12:57:05                  471         9134
12:57:10                  473         9137
12:57:15                  476         9140
12:57:20                  478         9143
12:57:25                  481         8964
12:57:30                  483         9108
12:57:35                  485         9125
12:57:40                  488         9138
12:57:45                  490         9138
12:57:50                  493         9138
12:57:55                  495         9138
12:58:00                  497         9141
12:58:05                  500         9141
12:58:10                  502         9142
12:58:15                  504         9142
12:58:20                  506         9142
12:58:25                  509         9142
12:58:31                  511         9142
12:58:36                  514         9142
12:58:41                  516         9142
12:58:46                  518         9142
12:58:51                  520         9142
12:58:56                  523         9143
12:59:01                  525         9143
12:59:06                  527         9144
12:59:11                  529         9144
12:59:16                  532         9144
12:59:21                  534         9144
12:59:26                  536         9144
12:59:31                  538         9144
12:59:36                  540         9144
12:59:41                  542         9144
12:59:46                  544         9144
12:59:51                  547         9144
12:59:56                  549         9144
13:00:01                  551         9144
13:00:06                  553         9144
13:00:11                  555         9144
13:00:16                  557         9144
13:00:21                  559         9144
13:00:26                  561         9144
13:00:31                  563         9144
13:00:36                  565         9144
13:00:41                  567         9144
13:00:47                  568         9145
13:00:52                  570         9145
13:00:57                  571         9145
13:01:02                  573         9145
13:01:07                  574         9145
13:01:12                  576         9146
13:01:17                  577         9148
13:01:22                  579         9148
13:01:27                  581         9148
13:01:32                  582         9148
13:01:37                  584         9148
13:01:42                  586         9149
13:01:47                  587         9149
13:01:52                  589         9094
13:01:57                  591         8989
13:02:02                  592         9053
13:02:07                  594         9057
13:02:12                  596         9037
13:02:17                  597         9041
13:02:22                  598         9037
13:02:27                  600         8970
13:02:32                  601         8966
13:02:37                  602         8978
13:02:43                  604         8680
13:02:48                  605         8708
13:02:53                  606         8744
13:02:58                  608         8747
13:03:03                  609         8748
13:03:08                  610         8750
13:03:13                  612         8720
13:03:18                  613         8710
13:03:23                  614         8730
13:03:28                  615         8731
13:03:33                  616         8732
13:03:38                  618         8699
13:03:43                  619         8654
13:03:48                  620         8711
13:03:53                  621         8662
13:03:58                  622         8611
13:04:03                  623         8692
13:04:08                  624         8689
13:04:13                  624         8590
13:04:18                  626         8589
13:04:24                  626         8582
13:04:29                  627         8407
13:04:34                  628         8449
13:04:39                  629         8456
13:04:44                  630         8457
13:04:49                  631         8458
13:04:54                  632         8450
13:04:59                  633         8403
13:05:04                  634         8426
13:05:09                  635         8439
13:05:14                  636         8409
13:05:19                  636         8303
13:05:24                  637         8314
13:05:29                  638         8326
13:05:34                  639         8332
13:05:39                  640         8332
13:05:44                  641         8332
13:05:50                  642         8278
13:05:55                  643         8302
13:06:00                  643         8303
13:06:05                  644         8311
13:06:10                  645         8313
13:06:15                  646         8313
13:06:20                  647         8312
13:06:25                  648         8302
13:06:30                  649         8306
13:06:35                  649         8308
13:06:40                  650         8284
13:06:45                  651         8277
13:06:50                  652         8241
13:06:56                  652         8270
13:07:01                  653         8293
13:07:06                  654         8189
13:07:11                  655         8166
13:07:16                  656         8125
13:07:21                  656         8115
13:07:26                  657         8140
13:07:31                  658         8109
13:07:36                  658         8119
13:07:41                  659         8112
13:07:46                  660         8125
13:07:51                  660         8109
13:07:56                  661         8116
13:08:01                  661         8115
13:08:06                  662         8120
13:08:11                  663         7980
13:08:16                  663         7999
13:08:22                  664         8017
13:08:27                  665         8007
13:08:32                  666         7910
13:08:37                  666         7891
13:08:42                  667         7872
13:08:47                  668         7926
13:08:52                  668         7919
13:08:57                  669         7852
13:09:02                  669         7893
13:09:07                  670         7884
13:09:12                  671         7839
13:09:17                  671         7761
13:09:22                  672         7861
13:09:27                  673         7859
13:09:32                  673         7847
13:09:37                  674         7856
13:09:42                  675         7831
13:09:48                  675         7807
13:09:53                  676         7683
13:09:58                  676         7748
13:10:03                  677         7753
13:10:08                  678         7766
13:10:13                  678         7675
13:10:18                  679         7744
13:10:23                  679         7686
13:10:28                  680         7685
13:10:33                  680         7740
13:10:38                  681         7676
13:10:43                  682         7542
13:10:48                  682         7567
13:10:53                  683         7602
13:10:58                  683         7604
13:11:03                  684         7604
13:11:08                  685         7587
13:11:13                  685         7587
