# timestamp=sample time  cpu%=% of one core (may exceed 100)  rss_MiB=resident RAM
timestamp                cpu%      rss_MiB
12:31:14                  2.2           55
12:31:19                 48.0          196
12:31:24                 49.6          198
12:31:29                 49.8          215
12:31:34                 49.6          229
12:31:39                 49.0          229
12:31:44                 46.5          238
12:31:49                 47.6          383
12:31:54                 64.0         1236
12:31:59                 60.6         1328
12:32:04                 62.2         1406
12:32:09                 60.8         1406
12:32:14                 59.6         1406
12:32:20                 58.6         1517
12:32:25                 57.7         1664
12:32:30                 57.1         1824
12:32:35                 59.9         1900
12:32:40                 59.3         1900
12:32:45                 59.1         1900
12:32:50                 58.9         1900
12:32:55                 60.7         1929
12:33:00                 60.6         1929
12:33:05                 60.3         1929
12:33:10                 60.2         1929
12:33:15                 60.0         1945
12:33:20                 61.5         1967
12:33:25                 61.3         1967
12:33:30                 61.2         1967
12:33:35                 61.0         1967
12:33:40                 62.5         2008
12:33:45                 62.4         2008
12:33:50                 62.2         2008
12:33:56                 62.1         2008
12:34:01                 63.5         2102
12:34:06                 63.3         2102
12:34:11                 63.2         2102
12:34:16                 63.1         2102
12:34:21                 62.9         2102
12:34:26                 64.2         2148
12:34:31                 64.0         2148
12:34:36                 64.0         2148
12:34:41                 63.9         2148
12:34:46                 65.0         2191
12:34:51                 64.9         2191
12:34:56                 64.9         2193
12:35:01                 64.8         2197
12:35:06                 65.9         2238
12:35:11                 65.8         2238
12:35:16                 65.7         2238
12:35:21                 65.6         2238
12:35:27                 66.7         2294
12:35:32                 66.6         2294
12:35:37                 66.5         2294
12:35:42                 66.9         2335
12:35:47                 68.3         2356
12:35:52                 68.8         2393
12:35:57                 70.3         2416
12:36:02                 71.8         2453
12:36:07                 72.3         2453
12:36:12                 73.9         2494
12:36:17                 74.4         2494
12:36:22                 76.0         2529
12:36:27                 77.4         2556
12:36:32                 77.9         2556
12:36:37                 79.4         2580
12:36:43                 79.7         2580
12:36:48                 81.0         2607
12:36:53                 81.4         2607
12:36:58                 82.7         2634
12:37:03                 84.1         2665
12:37:08                 84.5         2665
12:37:13                 85.3         2698
12:37:18                 85.2         2698
12:37:23                 85.1         2712
12:37:29                 86.0         2768
12:37:34                 86.0         2768
12:37:39                 86.9         2768
12:37:44                 86.8         2768
12:37:49                 87.5         2770
12:37:54                 87.4         2779
12:37:59                 87.4         2779
12:38:04                 88.1         2783
12:38:09                 88.0         2783
12:38:14                 88.8         2797
12:38:19                 88.7         2797
12:38:25                 88.2         2797
12:38:30                 87.6         2797
12:38:35                 87.1         2797
12:38:40                 86.5         2864
12:38:45                 86.8         2925
12:38:50                 86.3         2925
12:38:55                 87.8         2925
12:39:00                 89.9         3142
12:39:05                 92.4         3550
12:39:10                 93.7         3891
12:39:15                 93.5         3891
12:39:20                 93.4         3892
12:39:25                 94.2         3972
12:39:30                 94.2         3972
12:39:36                 94.2         3972
12:39:41                 95.6         3973
12:39:46                 96.9         4068
12:39:51                 97.4         4068
12:39:56                 98.7         4068
12:40:01                 99.1         4068
12:40:06                  100         4270
12:40:11                  101         4270
12:40:16                  102         4295
12:40:21                  105         4295
12:40:26                  108         4295
12:40:31                  110         4295
12:40:36                  112         4538
12:40:41                  113         4571
12:40:46                  114         4857
12:40:52                  114         4921
12:40:57                  115         5323
12:41:02                  116         5323
12:41:07                  117         5325
12:41:12                  117         5326
12:41:17                  119         5326
12:41:22                  120         5326
12:41:27                  121         5326
12:41:32                  123         5326
12:41:37                  124         5327
12:41:42                  124         5333
12:41:48                  125         5448
12:41:53                  126         5448
12:41:58                  128         5448
12:42:03                  129         5448
12:42:08                  129         5448
12:42:13                  131         5480
12:42:18                  133         5481
12:42:23                  133         5492
12:42:28                  134         5518
12:42:33                  133         5518
12:42:38                  133         5518
12:42:44                  134         5554
12:42:49                  135         5554
12:42:54                  136         5571
12:42:59                  138         5570
12:43:04                  139         5570
12:43:09                  139         5570
12:43:14                  140         5628
12:43:19                  140         5628
12:43:24                  141         5628
12:43:29                  143         5628
12:43:34                  143         5628
12:43:40                  144         5682
12:43:45                  146         5683
12:43:50                  147         5683
12:43:55                  147         5683
12:44:00                  148         5800
12:44:05                  148         5812
12:44:10                  150         5812
12:44:15                  150         5812
12:44:20                  151         5816
12:44:25                  152         5818
12:44:30                  153         5819
12:44:35                  154         5818
12:44:41                  153         5818
12:44:46                  154         6073
12:44:51                  154         6073
12:44:56                  155         6074
12:45:01                  156         6074
12:45:06                  157         6074
12:45:11                  157         6101
12:45:16                  158         6101
12:45:21                  159         6101
12:45:26                  159         6101
12:45:31                  160         6318
12:45:37                  161         6319
12:45:42                  161         6319
12:45:47                  162         6319
12:45:52                  162         6319
12:45:57                  163         6320
12:46:02                  164         6320
12:46:07                  164         6320
12:46:12                  164         6320
12:46:17                  165         6633
12:46:22                  165         6634
12:46:27                  166         6635
12:46:33                  166         6635
12:46:38                  167         6636
12:46:43                  168         6636
12:46:48                  169         6636
12:46:53                  169         6637
12:46:58                  170         6640
12:47:03                  170         6646
12:47:08                  171         6784
12:47:13                  171         6783
12:47:18                  171         6784
12:47:23                  171         6784
12:47:28                  172         6802
12:47:33                  172         6802
12:47:38                  172         6802
12:47:43                  172         6802
12:47:48                  173         6802
12:47:53                  173         6802
12:47:58                  174         6802
12:48:03                  173         6802
12:48:08                  174         6802
12:48:13                  174         6802
12:48:18                  175         6802
12:48:23                  175         6802
12:48:29                  175         6802
12:48:34                  175         6802
12:48:39                  176         6802
12:48:44                  176         6802
12:48:49                  176         6818
12:48:54                  176         6818
12:48:59                  177         6818
12:49:04                  177         6818
12:49:09                  177         6818
12:49:14                  177         6818
12:49:19                  178         6818
12:49:24                  178         6818
12:49:29                  178         6822
12:49:34                  178         6822
12:49:39                  179         6824
12:49:44                  179         6829
12:49:49                  179         6829
12:49:54                  179         6833
12:49:59                  179         6833
12:50:05                  180         6879
12:50:10                  180         6879
12:50:15                  180         6879
12:50:20                  180         6879
12:50:25                  180         6879
12:50:30                  180         6879
12:50:35                  180         6879
12:50:40                  180         6879
12:50:45                  180         6879
12:50:50                  180         6879
12:50:55                  180         6879
12:51:00                  180         6879
12:51:05                  180         6879
12:51:10                  180         6879
12:51:15                  180         6879
12:51:20                  181         6899
12:51:26                  181         6899
12:51:31                  181         7049
12:51:36                  181         7049
12:51:41                  182         7171
12:51:46                  182         7171
12:51:51                  182         7171
12:51:56                  182         7171
12:52:01                  182         7199
12:52:06                  182         7199
12:52:11                  183         7216
12:52:16                  183         7216
12:52:21                  183         7227
12:52:26                  183         7227
12:52:31                  183         7311
12:52:36                  184         7322
12:52:41                  183         7322
12:52:46                  184         7325
12:52:51                  184         7325
12:52:56                  184         7366
12:53:01                  184         7366
12:53:06                  185         7376
12:53:11                  185         7376
12:53:17                  185         7376
12:53:22                  185         7376
12:53:27                  185         7376
12:53:32                  185         7376
12:53:37                  185         7376
12:53:42                  185         7376
12:53:47                  185         7376
12:53:52                  185         7376
12:53:57                  185         7376
12:54:02                  185         7376
12:54:07                  186         7382
12:54:12                  185         7382
12:54:17                  186         7403
12:54:22                  186         7403
12:54:27                  186         7435
12:54:32                  186         7435
12:54:37                  186         7436
12:54:42                  186         7436
12:54:48                  186         7436
12:54:53                  186         7438
12:54:58                  186         7596
12:55:03                  185         7597
12:55:08                  185         7597
12:55:13                  185         7597
12:55:18                  184         7597
12:55:23                  185         7832
12:55:28                  185         7833
12:55:33                  185         7835
12:55:38                  185         7835
12:55:44                  185         7835
12:55:49                  185         7835
12:55:54                  185         7835
12:55:59                  185         7835
12:56:04                  185         7835
12:56:09                  185         7835
12:56:14                  185         7835
12:56:19                  185         7870
12:56:24                  186         7870
12:56:29                  186         7870
12:56:34                  186         7870
12:56:39                  186         8205
12:56:44                  186         8205
12:56:49                  186         8205
12:56:54                  186         8372
12:57:00                  186         8372
12:57:05                  187         8426
12:57:10                  186         8438
12:57:15                  186         8438
12:57:20                  187         8465
12:57:25                  187         8465
12:57:30                  186         8465
12:57:35                  187         8605
12:57:40                  187         8605
12:57:45                  186         8605
12:57:50                  186         8605
12:57:55                  185         8605
12:58:00                  185         8605
12:58:05                  184         8605
12:58:10                  184         8605
12:58:15                  183         8605
12:58:20                  183         8606
12:58:25                  182         8607
12:58:31                  181         8607
12:58:36                  181         8607
12:58:41                  180         8608
12:58:46                  180         8609
12:58:51                  180         8610
12:58:56                  179         8610
12:59:01                  179         8610
12:59:06                  178         8610
12:59:11                  178         8610
12:59:16                  177         8610
12:59:21                  177         8610
12:59:26                  176         8610
12:59:31                  176         8610
12:59:36                  175         8610
12:59:41                  175         8610
12:59:46                  174         8610
12:59:51                  174         8610
12:59:56                  173         8610
13:00:01                  173         8610
13:00:06                  172         8610
13:00:11                  172         8610
13:00:16                  171         8610
13:00:21                  171         8610
13:00:26                  170         8610
13:00:31                  170         8610
13:00:36                  169         8610
13:00:41                  169         8610
13:00:47                  169         8610
13:00:52                  169         8610
13:00:57                  169         8610
13:01:02                  169         8610
13:01:07                  169         8611
13:01:12                  169         8931
13:01:17                  169         9304
13:01:22                  169         9304
13:01:27                  168         9304
13:01:32                  168         9304
13:01:37                  168         9304
13:01:42                  167         9304
13:01:47                  167         9304
13:01:52                  167         9304
13:01:57                  166         9304
13:02:02                  166         9304
13:02:07                  165         9304
13:02:12                  165         9305
13:02:17                  165         9306
13:02:22                  165         9309
13:02:27                  165         9309
13:02:32                  165         9309
13:02:37                  165         9310
13:02:43                  165         9313
13:02:48                  165         9313
13:02:53                  165         9313
13:02:58                  165         9313
13:03:03                  165         9313
13:03:08                  165         9313
13:03:13                  165         9314
13:03:18                  165         9314
13:03:23                  165         9314
13:03:28                  164         9314
13:03:33                  164         9314
13:03:38                  165         9314
13:03:43                  165         9314
13:03:48                  166         9314
13:03:53                  166         9314
13:03:58                  166         9314
13:04:03                  167         9314
13:04:08                  167         9314
13:04:13                  168         9314
13:04:18                  168         9314
13:04:24                  169         9314
13:04:29                  169         9314
13:04:34                  170         9314
13:04:39                  170         9314
13:04:44                  171         9314
13:04:49                  171         9314
13:04:54                  172         9314
13:04:59                  172         9314
13:05:04                  173         9314
13:05:09                  173         9314
13:05:14                  174         9314
13:05:19                  174         9314
13:05:24                  175         9314
13:05:29                  175         9314
13:05:34                  176         9314
13:05:39                  176         9314
13:05:44                  177         9314
13:05:50                  177         9314
13:05:55                  178         9314
13:06:00                  178         9314
13:06:05                  179         9314
13:06:10                  179         9314
13:06:15                  180         9314
13:06:20                  180         9314
13:06:25                  181         9314
13:06:30                  181         9314
13:06:35                  182         9314
13:06:40                  182         9314
13:06:45                  183         9314
13:06:50                  183         9314
13:06:56                  183         9314
13:07:01                  184         9314
13:07:06                  184         9314
13:07:11                  185         9314
13:07:16                  185         9315
13:07:21                  185         9315
13:07:26                  186         9315
13:07:31                  186         9315
13:07:36                  187         9315
13:07:41                  187         9315
13:07:46                  188         9315
13:07:51                  188         9315
13:07:56                  188         9315
13:08:01                  189         9315
13:08:06                  189         9315
13:08:11                  190         9315
13:08:16                  191         9315
13:08:22                  191         9315
13:08:27                  191         9315
13:08:32                  192         9315
13:08:37                  192         9315
13:08:42                  193         9315
13:08:47                  194         9372
13:08:52                  194         9372
13:08:57                  194         9372
13:09:02                  195         9372
13:09:07                  195         9372
13:09:12                  196         9372
13:09:17                  196         9372
13:09:22                  197         9372
13:09:27                  197         9372
13:09:32                  198         9372
13:09:37                  198         9372
13:09:42                  199         9372
13:09:48                  199         9372
13:09:53                  200         9372
13:09:58                  200         9372
13:10:03                  201         9372
13:10:08                  201         9372
13:10:13                  201         9372
13:10:18                  202         9372
13:10:23                  202         9372
13:10:28                  203         9372
13:10:33                  203         9372
13:10:38                  204         9372
13:10:43                  204         9372
13:10:48                  204         9372
13:10:53                  205         9372
13:10:58                  205         9372
13:11:03                  206         9372
13:11:08                  206         9372
13:11:13                  206         9372
