# timestamp=sample time  heapMiB=HeapInuse(live)  heapSysMiB=HeapSys(from OS)  stackMiB/stackSysMiB=goroutine stacks  sysMiB=Sys(total from OS)  numGoroutine=live goroutines
timestamp               heapMiB heapSysMiB   stackMiB stackSysMiB     sysMiB numGoroutine
20:12:03                    5.5       10.8        1.2        1.2       19.0         73
20:12:08                  265.1      359.3        4.7        4.7      380.4        252
20:12:13                  285.6      359.3        4.7        4.7      380.7        252
20:12:18                  301.1      359.3        4.7        4.7      380.9        252
20:12:24                  322.2      359.2        4.8        4.8      381.4        252
20:12:29                  341.4      359.3        4.7        4.7      381.9        252
20:12:34                  361.9      371.3        4.7        4.7      394.2        252
20:12:39                  202.3      383.3        4.7        4.7      406.5        193
20:12:44                  218.7      383.2        4.8        4.8      406.5        193
20:12:49                  235.1      383.3        4.7        4.7      406.5      194
0
20:12:55                  252.4      383.3        4.7        4.7      406.5        193
20:13:00                  270.0      383.3        4.7        4.7      406.5        193
20:13:05                  289.1      383.4        4.6        4.6      406.5        193
20:13:10                  203.8      383.4        4.6        4.6      406.5      193
0
20:13:16                  219.9      383.4        4.6        4.6      406.5        193
20:13:21                  238.0      383.4        4.6        4.6      406.5        193
20:13:26                  255.1      383.4        4.6        4.6      406.8        193
20:13:31                  272.6      383.5        4.5        4.5      406.9        193
20:13:36                  291.1      384.0        4.0        4.0      406.9         79
20:13:41                  308.8      384.5        3.5        3.5      407.0         79
20:13:46                  199.5      384.6        3.4        3.4      407.0         79
20:13:52                  215.9      384.6        3.4        3.4      407.0         79
20:13:57                  233.0      384.6        3.4        3.4      407.0         79
20:14:02                  250.2      384.6        3.4        3.4      407.0         79
20:14:07                  267.0      384.6        3.4        3.4      407.0         79
20:14:12                  284.6      384.6        3.4        3.4      407.0         79
20:14:17                  202.8      384.6        3.4        3.4      407.0         79
20:14:22                  219.4      384.6        3.4        3.4      407.0         79
20:14:27                  237.3      384.6        3.4        3.4      407.0         79
20:14:32                  254.9      384.6        3.4        3.4      407.0         79
20:14:38                  272.2      384.6        3.4        3.4      407.0         79
20:14:43                  192.5      384.6        3.4        3.4      407.0         79
20:14:48                  208.8      384.6        3.4        3.4      407.0         79
20:14:53                  225.6      384.6        3.4        3.4      407.0         79
20:14:58                  242.7      384.6        3.4        3.4      407.0         79
20:15:03                  260.0      384.7        3.3        3.3      407.0         79
20:15:08                  277.7      384.7        3.3        3.3      407.0         79
20:15:13                  296.6      384.7        3.3        3.3      407.0         79
20:15:18                  315.7      384.7        3.3        3.3      407.0         79
20:15:23                  334.7      384.7        3.3        3.3      407.2         79
20:15:29                  213.7      384.7        3.3        3.3      407.2         79
20:15:34                  230.4      384.7        3.3        3.3      407.2         79
20:15:39                  248.0      384.6        3.4        3.4      407.2         79
20:15:44                  265.2      384.6        3.4        3.4      407.2         79
20:15:49                  282.2      384.6        3.4        3.4      407.3         79
20:15:54                  299.4      384.6        3.4        3.4      407.4         79
20:15:59                  317.5      384.6        3.4        3.4      407.4         79
20:16:04                  336.0      384.6        3.4        3.4      407.4         79
20:16:10                  213.5      384.6        3.4        3.4      407.5         79
20:16:15                  230.4      384.6        3.4        3.4      407.5         77
20:16:20                  235.8      384.7        3.3        3.3      407.5         77
20:16:25                  241.3      384.7        3.3        3.3      407.5         77
20:16:30                  247.1      384.7        3.3        3.3      407.5         77
20:16:35                  252.8      384.7        3.3        3.3      407.5         77
20:16:40                  259.1      384.7        3.3        3.3      407.5         77
20:16:45                  264.9      384.7        3.3        3.3      407.5         77
20:16:51                  270.9      384.7        3.3        3.3      407.5         77
20:16:56                  277.1      384.7        3.3        3.3      407.5         77
20:17:01                  282.8      384.7        3.3        3.3      407.5         77
20:17:06                  351.3      384.8        3.2        3.2      407.9         75
20:17:11                  357.1      384.8        3.2        3.2      407.9         75
20:17:16                  362.8      384.8        3.2        3.2      407.9         75
20:17:21                  211.1      384.8        3.2        3.2      407.9         75
20:17:26                  216.7      384.8        3.2        3.2      407.9         75
20:17:32                  222.4      384.8        3.2        3.2      407.9         75
20:17:37                  228.0      384.8        3.2        3.2      407.9         75
20:17:42                  233.7      384.8        3.2        3.2      407.9         75
20:17:47                  240.2      384.8        3.2        3.2      407.9         75
20:17:52                  245.9      384.8        3.2        3.2      407.9         75
20:17:57                  251.5      384.8        3.2        3.2      407.9         75
20:18:02                  257.8      384.8        3.2        3.2      407.9         75
20:18:08                  263.4      384.8        3.2        3.2      407.9         75
20:18:13                  269.4      384.8        3.2        3.2      407.9         75
20:18:18                  275.7      384.8        3.2        3.2      407.9         75
20:18:23                  282.0      384.8        3.2        3.2      407.9         75
20:18:28                  288.3      384.8        3.2        3.2      407.9         75
20:18:33                  294.9      384.8        3.2        3.2      407.9         75
20:18:38                  300.8      384.8        3.2        3.2      407.9         75
20:18:44                  307.3      388.8        3.2        3.2      411.9         75
20:18:49                  314.0      392.8        3.2        3.2      415.9         75
20:18:54                  319.8      392.8        3.2        3.2      415.9         75
20:18:59                  325.9      396.8        3.2        3.2      420.0         75
