# timestamp=sample time  heapMiB=HeapInuse(live)  heapSysMiB=HeapSys(from OS)  stackMiB/stackSysMiB=goroutine stacks  sysMiB=Sys(total from OS)  numGoroutine=live goroutines
timestamp               heapMiB heapSysMiB   stackMiB stackSysMiB     sysMiB numGoroutine
12:25:53                    9.9       18.7        1.3        1.3       28.7       75
0
12:25:58                  466.8      630.2       69.8       69.8      731.1    30842
0
12:26:04                  918.0     1175.1      132.9      132.9     1356.4    56522
0
12:26:09                 1314.0     1611.5       48.5       48.5     1720.3      182
0
12:26:14                 2066.3     2297.2       10.8       10.8     2376.1      180
0
12:26:19                 1951.1     2526.0       10.0       10.0     2604.4      180
0
12:26:24                 2467.1     2526.0       10.0       10.0     2606.2      181
0
12:26:29                 2478.1     2526.0       10.0       10.0     2606.7      181
0
12:26:34                 2491.8     2526.0       10.0       10.0     2606.8      181
0
12:26:39                 2504.6     2526.0       10.0       10.0     2606.8      181
0
12:26:44                 2517.1     2530.0       10.0       10.0     2611.1      181
0
12:26:49                 2529.3     2542.2        9.8        9.8     2623.3      181
0
12:26:54                 2541.4     2554.2        9.8        9.8     2635.4      181
0
12:26:59                 2553.8     2566.2        9.8        9.8     2647.9      181
0
12:27:04                 2565.7     2578.2        9.8        9.8     2660.0      182
0
12:27:09                 2577.8     2590.2        9.8        9.8     2672.2      181
0
12:27:14                 2589.2     2602.2        9.8        9.8     2684.3      181
0
12:27:20                 2601.1     2614.2        9.8        9.8     2696.6      181
0
12:27:25                 2612.3     2626.2        9.8        9.8     2708.6      178
0
12:27:30                 2623.8     2638.2        9.8        9.8     2721.2      178
0
12:27:35                 2635.4     2646.2        9.8        9.8     2729.2      178
0
12:27:40                 2646.7     2658.2        9.8        9.8     2741.5      178
0
12:27:45                 2658.0     2671.1        8.9        8.9     2753.8       79
0
12:27:50                 2668.6     2679.1        8.9        8.9     2761.8       79
0
12:27:55                 2679.5     2691.1        8.9        8.9     2773.9       78
0
12:28:00                 2689.9     2703.1        8.9        8.9     2786.2       78
0
12:28:05                 2701.1     2715.1        8.9        8.9     2798.2       78
0
12:28:10                 2711.6     2723.1        8.9        8.9     2806.8       78
0
12:28:15                 2722.7     2735.1        8.9        8.9     2819.0       78
0
12:28:20                 1559.4     2739.2        8.8        8.8     2823.1       78
0
12:28:25                 1568.0     2739.2        8.8        8.8     2823.1       78
0
12:28:30                 1576.9     2739.2        8.8        8.8     2823.1       78
0
12:28:35                 1586.9     2739.2        8.8        8.8     2823.1       78
0
12:28:41                 1596.6     2739.2        8.8        8.8     2823.1       78
0
12:28:46                 1606.1     2739.2        8.8        8.8     2823.1       78
0
12:28:51                 1616.0     2739.2        8.8        8.8     2823.1       78
0
12:28:56                 1625.3     2739.2        8.8        8.8     2823.1       78
0
12:29:01                 1634.7     2739.1        8.9        8.9     2823.1       78
0
12:29:06                 1644.5     2739.1        8.9        8.9     2823.1       78
0
12:29:11                 1654.5     2739.1        8.9        8.9     2823.1       78
0
12:29:16                 1663.5     2739.1        8.9        8.9     2823.1       78
0
12:29:21                 1673.4     2739.1        8.9        8.9     2823.1       78
0
12:29:26                 1682.9     2739.1        8.9        8.9     2823.1       78
0
12:29:31                 1692.0     2739.1        8.9        8.9     2823.1       78
0
12:29:36                 1701.8     2739.1        8.9        8.9     2823.1       78
0
12:29:41                 1710.7     2739.1        8.9        8.9     2823.1       78
0
12:29:46                 1720.8     2739.1        8.9        8.9     2823.1       78
0
12:29:51                 1729.7     2739.1        8.9        8.9     2823.1       78
0
12:29:56                 1739.2     2739.1        8.9        8.9     2823.1       78
0
12:30:01                 1748.8     2739.1        8.9        8.9     2823.1       78
0
12:30:07                 1757.7     2739.1        8.9        8.9     2823.1       78
0
12:30:12                 1766.8     2739.1        8.9        8.9     2823.1       78
0
12:30:17                 1776.3     2739.1        8.9        8.9     2823.1       78
0
12:30:22                 1304.5     2739.1        8.9        8.9     2823.2       78
0
12:30:27                 1312.6     2739.1        8.9        8.9     2823.2       78
0
12:30:32                 1321.1     2739.1        8.9        8.9     2823.2       78
0
12:30:37                 1329.9     2739.1        8.9        8.9     2823.2       78
0
12:30:42                 1339.2     2739.0        9.0        9.0     2823.2       78
0
12:30:47                 1347.7     2739.0        9.0        9.0     2823.2       78
0
12:30:52                 1356.8     2739.0        9.0        9.0     2823.2       78
0
12:30:57                 1366.6     2739.0        9.0        9.0     2823.2       78
0
12:31:02                 1375.5     2739.0        9.0        9.0     2823.2       78
0
12:31:07                 1384.5     2739.0        9.0        9.0     2823.2       78
0
12:31:12                 2302.6     2739.0        9.0        9.0     2827.7       78
0
12:31:17                 1888.6     2739.0        9.0        9.0     2828.5       78
0
12:31:22                 2133.0     2739.0        9.0        9.0     2828.5       78
0
12:31:28                 2142.0     2739.0        9.0        9.0     2828.5       78
0
12:31:33                 2151.7     2739.0        9.0        9.0     2828.5       78
0
12:31:38                 2161.4     2739.0        9.0        9.0     2828.5       78
0
12:31:43                 2170.9     2739.0        9.0        9.0     2828.5       78
0
12:31:48                 2180.7     2739.0        9.0        9.0     2828.5       78
0
12:31:53                 2190.4     2739.0        9.0        9.0     2828.5       78
0
12:31:58                 2200.0     2739.0        9.0        9.0     2828.5       78
0
12:32:03                 2209.6     2739.0        9.0        9.0     2828.5       78
0
12:32:08                 2219.5     2739.0        9.0        9.0     2828.5       78
0
12:32:13                 2228.6     2739.0        9.0        9.0     2828.5       78
0
12:32:18                 2238.6     2739.0        9.0        9.0     2828.5       78
0
12:32:23                 2248.3     2739.0        9.0        9.0     2828.5       78
0
12:32:28                 2257.8     2739.0        9.0        9.0     2828.5       78
0
12:32:33                 2267.1     2739.0        9.0        9.0     2828.5       78
0
12:32:38                 2276.9     2739.0        9.0        9.0     2828.5       78
0
12:32:44                 2286.6     2739.0        9.0        9.0     2828.5       78
0
12:32:49                 2296.1     2739.0        9.0        9.0     2828.5       78
0
12:32:54                 2306.2     2739.0        9.0        9.0     2828.5       78
0
12:32:59                 2315.3     2739.0        9.0        9.0     2828.5       78
0
12:33:04                 2325.6     2739.0        9.0        9.0     2828.5       78
0
12:33:09                 2335.3     2739.0        9.0        9.0     2828.5       78
0
12:33:14                 1316.8     2739.0        9.0        9.0     2828.6       78
0
12:33:19                 1324.5     2739.0        9.0        9.0     2828.6       78
0
12:33:24                 1332.6     2739.0        9.0        9.0     2828.6       78
0
12:33:29                 1340.5     2739.0        9.0        9.0     2828.6       78
0
12:33:34                 1349.1     2739.0        9.0        9.0     2828.6       78
0
12:33:39                 1358.0     2739.0        9.0        9.0     2828.6       78
0
12:33:44                 1366.2     2739.0        9.0        9.0     2828.6       78
0
12:33:49                 1375.4     2739.0        9.0        9.0     2828.6       78
0
12:33:55                 1384.0     2739.0        9.0        9.0     2828.6       78
0
12:34:00                 1392.5     2739.0        9.0        9.0     2828.6       78
0
12:34:05                 1401.2     2739.0        9.0        9.0     2828.6       78
0
12:34:10                 1409.9     2738.9        9.1        9.1     2828.7       78
0
12:34:15                 1418.7     2738.9        9.1        9.1     2828.7       78
0
12:34:20                 1427.2     2738.9        9.1        9.1     2828.7       78
0
12:34:25                 1435.8     2738.9        9.1        9.1     2828.7       78
0
12:34:30                 1444.4     2738.9        9.1        9.1     2828.8       78
0
12:34:35                 1453.2     2738.9        9.1        9.1     2828.8       78
0
12:34:40                 1461.6     2738.9        9.1        9.1     2828.8       78
0
12:34:45                 1470.1     2738.9        9.1        9.1     2828.8       78
0
12:34:50                 1479.2     2738.9        9.1        9.1     2828.8       78
0
12:34:55                 1487.6     2738.9        9.1        9.1     2828.8       78
0
12:35:00                 1496.2     2738.9        9.1        9.1     2828.8       78
0
12:35:05                 1505.2     2738.9        9.1        9.1     2828.9       78
0
12:35:10                 1513.9     2738.9        9.1        9.1     2828.9       78
0
12:35:16                 1319.2     2738.9        9.1        9.1     2828.9       78
0
12:35:21                 1327.5     2738.9        9.1        9.1     2828.9       78
0
12:35:26                 1334.9     2738.9        9.1        9.1     2828.9       78
0
12:35:31                 1343.0     2738.9        9.1        9.1     2828.9       78
0
12:35:36                 1351.3     2738.9        9.1        9.1     2828.9       78
0
12:35:41                 1360.0     2738.9        9.1        9.1     2828.9       78
0
12:35:46                 1368.3     2738.9        9.1        9.1     2828.9       78
0
12:35:51                 1376.9     2738.9        9.1        9.1     2828.9       78
0
12:35:56                 1385.9     2738.8        9.2        9.2     2828.9       78
0
12:36:01                 1393.9     2738.8        9.2        9.2     2828.9       78
0
12:36:06                 1402.9     2738.8        9.2        9.2     2828.9       78
0
12:36:11                 1411.2     2738.8        9.2        9.2     2828.9       78
0
12:36:16                 1419.5     2738.8        9.2        9.2     2828.9       78
0
12:36:21                 1871.2     2738.8        9.2        9.2     2828.9       78
0
12:36:27                 1677.9     2738.8        9.2        9.2     2829.4       78
0
12:36:32                 2009.2     2738.8        9.2        9.2     2829.4       78
0
12:36:37                 2148.1     2738.8        9.2        9.2     2829.4       78
0
12:36:42                 2156.4     2738.8        9.2        9.2     2829.4       78
0
12:36:47                 2165.4     2738.8        9.2        9.2     2829.4       78
0
12:36:52                 2174.5     2738.8        9.2        9.2     2829.4       78
0
12:36:57                 2183.1     2738.8        9.2        9.2     2829.4       78
0
12:37:02                 2192.2     2738.8        9.2        9.2     2829.4       78
0
12:37:07                 2201.7     2738.8        9.2        9.2     2829.4       78
0
12:37:12                 2211.0     2738.8        9.2        9.2     2829.4       78
0
12:37:17                 2220.3     2738.8        9.2        9.2     2829.4       78
0
12:37:22                 2229.4     2738.8        9.2        9.2     2829.4       78
0
12:37:27                 2238.6     2738.8        9.2        9.2     2829.4       78
0
12:37:32                 2248.0     2738.8        9.2        9.2     2829.4       78
0
12:37:38                 2257.3     2738.8        9.2        9.2     2829.4       78
0
12:37:43                 2266.4     2738.8        9.2        9.2     2829.4       78
0
12:37:48                 2275.9     2738.8        9.2        9.2     2829.4       78
0
12:37:53                 2285.0     2738.8        9.2        9.2     2829.4       78
0
12:37:58                 2294.2     2738.9        9.1        9.1     2829.4       78
0
12:38:03                 2303.3     2738.9        9.1        9.1     2829.4       78
0
12:38:08                 2312.5     2738.9        9.1        9.1     2829.4       78
0
12:38:13                 2322.0     2738.9        9.1        9.1     2829.4       78
0
12:38:18                 2330.6     2738.9        9.1        9.1     2829.4       78
0
12:38:23                 2340.1     2738.9        9.1        9.1     2829.4       78
0
12:38:28                 1328.7     2738.9        9.1        9.1     2829.4       78
0
12:38:33                 1336.2     2738.9        9.1        9.1     2829.4       78
0
12:38:38                 1343.7     2738.9        9.1        9.1     2829.4       78
0
12:38:43                 1352.2     2738.9        9.1        9.1     2829.4       78
0
12:38:49                 1360.1     2738.9        9.1        9.1     2829.4       78
0
12:38:54                 1368.3     2738.9        9.1        9.1     2829.4       78
0
12:38:59                 1376.8     2738.9        9.1        9.1     2829.4       80
0
12:39:04                 1389.1     2738.9        9.1        9.1     2829.4       78
0
12:39:09                 1398.8     2738.9        9.1        9.1     2829.4       78
0
12:39:14                 1407.3     2738.9        9.1        9.1     2829.4       78
0
12:39:19                 1415.4     2738.9        9.1        9.1     2829.4       78
0
12:39:24                 1424.4     2738.9        9.1        9.1     2829.4       78
0
12:39:29                 1433.1     2738.9        9.1        9.1     2829.4       78
0
12:39:34                 1441.4     2738.9        9.1        9.1     2829.4       78
0
12:39:39                 1449.7     2738.9        9.1        9.1     2829.4       78
0
12:39:44                 1458.4     2738.9        9.1        9.1     2829.4       78
0
12:39:49                 1466.4     2738.9        9.1        9.1     2829.4       78
0
12:39:54                 1474.7     2738.9        9.1        9.1     2829.4       78
0
12:40:00                 1483.4     2738.9        9.1        9.1     2829.4       78
0
12:40:05                 1491.9     2738.9        9.1        9.1     2829.4       78
0
12:40:10                 1500.0     2738.9        9.1        9.1     2829.4       78
0
12:40:15                 1508.5     2738.9        9.1        9.1     2829.4       78
0
12:40:20                 1516.9     2738.9        9.1        9.1     2829.4       78
0
12:40:25                 1525.3     2738.9        9.1        9.1     2829.4       78
0
12:40:30                 1336.0     2738.9        9.1        9.1     2829.4       78
0
12:40:35                 1343.0     2739.0        9.0        9.0     2829.4       78
0
12:40:40                 1350.7     2739.0        9.0        9.0     2829.4       78
0
12:40:45                 1358.9     2739.0        9.0        9.0     2829.4       78
0
12:40:50                 1367.1     2739.0        9.0        9.0     2829.4       78
0
12:40:55                 1375.4     2739.0        9.0        9.0     2829.4       79
0
12:41:00                 1383.7     2739.0        9.0        9.0     2829.4       79
0
12:41:05                 1392.0     2739.0        9.0        9.0     2829.4       79
0
12:41:11                 1400.3     2739.0        9.0        9.0     2829.4       79
0
12:41:16                 1408.7     2739.0        9.0        9.0     2829.4       79
0
12:41:21                 1417.3     2739.0        9.0        9.0     2829.4       79
0
12:41:26                 1425.3     2739.0        9.0        9.0     2829.4       78
0
12:41:31                 1433.8     2739.0        9.0        9.0     2829.4       78
0
12:41:36                 2210.4     2739.0        9.0        9.0     2829.4       78
0
12:41:41                 1773.8     2739.0        9.0        9.0     2829.7       78
0
12:41:46                 2132.0     2739.0        9.0        9.0     2829.7       78
0
12:41:51                 2140.3     2739.0        9.0        9.0     2829.7       78
0
12:41:56                 2148.3     2739.0        9.0        9.0     2829.7       78
0
12:42:01                 2157.4     2739.0        9.0        9.0     2829.7       78
0
12:42:06                 2165.7     2739.0        9.0        9.0     2829.7       78
0
12:42:11                 2174.0     2739.0        9.0        9.0     2829.7       78
0
12:42:16                 2182.5     2739.0        9.0        9.0     2829.7       78
0
12:42:21                 2191.3     2739.0        9.0        9.0     2829.7       78
0
12:42:27                 2200.3     2739.0        9.0        9.0     2829.7       78
0
12:42:32                 2209.4     2739.0        9.0        9.0     2829.7       78
0
12:42:37                 2217.9     2739.0        9.0        9.0     2829.7       78
0
12:42:42                 2227.4     2739.0        9.0        9.0     2829.7       78
0
12:42:47                 2236.2     2739.0        9.0        9.0     2829.7       78
0
12:42:52                 2244.8     2739.1        8.9        8.9     2829.7       78
0
12:42:57                 2254.3     2739.1        8.9        8.9     2829.7       78
0
12:43:02                 2263.3     2739.1        8.9        8.9     2829.7       78
0
12:43:07                 2272.1     2739.1        8.9        8.9     2829.7       78
0
12:43:12                 2281.2     2739.1        8.9        8.9     2829.7       78
0
12:43:17                 2290.2     2739.1        8.9        8.9     2829.7       78
0
12:43:22                 2299.0     2739.1        8.9        8.9     2829.7       78
0
12:43:27                 2308.2     2739.1        8.9        8.9     2829.7       78
0
12:43:32                 2316.9     2739.1        8.9        8.9     2829.7       78
0
12:43:38                 2326.0     2739.1        8.9        8.9     2829.7         78
12:43:43                 1344.0     2739.1        8.9        8.9     2829.7       78
0
12:43:48                 1351.1     2739.1        8.9        8.9     2829.7       78
0
12:43:53                 1358.6     2739.1        8.9        8.9     2829.7       78
0
12:43:58                 1366.8     2739.1        8.9        8.9     2829.7       78
0
12:44:03                 1374.9     2739.1        8.9        8.9     2829.7       78
0
12:44:08                 1383.1     2739.1        8.9        8.9     2829.7       78
0
12:44:13                 1391.3     2739.1        8.9        8.9     2829.7       78
0
12:44:18                 1399.4     2739.1        8.9        8.9     2829.7       78
0
12:44:23                 1407.8     2739.1        8.9        8.9     2829.7       78
0
12:44:28                 1415.7     2739.1        8.9        8.9     2829.7       78
0
12:44:33                 1424.0     2739.1        8.9        8.9     2829.7       78
0
12:44:38                 1432.3     2739.1        8.9        8.9     2829.7       78
0
12:44:43                 1440.5     2739.1        8.9        8.9     2829.7       78
0
12:44:49                 1449.1     2739.1        8.9        8.9     2829.7         78
12:44:54                 1457.0     2739.1        8.9        8.9     2829.7       79
0
12:44:59                 1465.1     2739.1        8.9        8.9     2829.7       78
0
12:45:04                 1473.5     2739.1        8.9        8.9     2829.7       78
0
12:45:09                 1482.5     2739.1        8.9        8.9     2829.7       78
0
12:45:14                 1490.2     2739.1        8.9        8.9     2829.7       78
0
12:45:19                 1498.4     2739.1        8.9        8.9     2829.7       78
0
12:45:24                 1506.9     2739.1        8.9        8.9     2829.7       78
0
12:45:29                 1515.2     2739.1        8.9        8.9     2829.7       78
0
12:45:34                 1523.2     2739.1        8.9        8.9     2829.7       78
0
12:45:39                 1338.5     2739.1        8.9        8.9     2829.8       78
0
12:45:44                 1346.0     2739.1        8.9        8.9     2829.8       78
0
12:45:49                 1353.7     2739.1        8.9        8.9     2829.8       78
0
12:45:54                 1361.5     2739.1        8.9        8.9     2829.8       78
0
12:46:00                 1369.6     2739.1        8.9        8.9     2829.8       78
0
12:46:05                 1377.6     2739.1        8.9        8.9     2829.8       78
0
12:46:10                 1385.4     2739.1        8.9        8.9     2829.8       78
0
12:46:15                 1393.8     2739.1        8.9        8.9     2829.8       78
0
12:46:20                 1402.3     2739.1        8.9        8.9     2829.8       78
0
12:46:25                 1410.4     2739.1        8.9        8.9     2829.8       78
0
12:46:30                 1420.3     2739.1        8.9        8.9     2829.8       78
0
12:46:35                 1438.7     2739.1        8.9        8.9     2829.8         79
12:46:40                 1456.8     2739.1        8.9        8.9     2829.8       79
0
12:46:45                 1474.1     2739.1        8.9        8.9     2829.8       79
0
12:46:50                 2368.9     2739.2        8.8        8.8     2829.8       80
0
12:46:56                 1870.7     2739.2        8.8        8.8     2830.3       79
0
12:47:01                 2153.3     2739.2        8.8        8.8     2830.3       80
0
12:47:06                 2241.2     2739.2        8.8        8.8     2830.3       79
0
12:47:11                 2259.9     2739.2        8.8        8.8     2830.3       79
0
12:47:16                 2278.8     2739.2        8.8        8.8     2830.3       80
0
12:47:21                 2298.1     2739.1        8.9        8.9     2830.3       79
0
12:47:26                 2317.2     2739.1        8.9        8.9     2830.3       79
0
12:47:31                 2337.2     2739.2        8.8        8.8     2830.3       79
0
12:47:36                 2357.1     2739.1        8.9        8.9     2830.9       79
0
12:47:41                 2377.2     2739.1        8.9        8.9     2831.4       79
0
12:47:46                 2397.7     2739.1        8.9        8.9     2831.7       79
0
12:47:52                 2417.8     2739.1        8.9        8.9     2831.8       79
0
12:47:57                 2438.0     2739.2        8.8        8.8     2832.4       79
0
12:48:02                 2457.8     2739.1        8.9        8.9     2832.7       79
0
12:48:07                 2478.3     2739.2        8.8        8.8     2833.2       79
0
12:48:12                 2498.4     2739.2        8.8        8.8     2833.8       79
0
12:48:17                 2519.2     2739.1        8.9        8.9     2834.4       79
0
12:48:22                 2539.4     2739.1        8.9        8.9     2834.7       79
0
12:48:27                 2559.7     2739.1        8.9        8.9     2836.4       79
0
12:48:32                 2579.9     2739.1        8.9        8.9     2836.5       79
0
12:48:37                 2600.6     2739.1        8.9        8.9     2837.1       79
0
12:48:42                 2620.8     2739.1        8.9        8.9     2837.4       79
0
12:48:48                 2641.0     2739.1        8.9        8.9     2837.9       79
0
12:48:53                 1394.6     2739.1        8.9        8.9     2838.2       79
0
12:48:58                 1410.3     2739.1        8.9        8.9     2838.2       79
0
12:49:03                 1427.1     2739.1        8.9        8.9     2838.2       79
0
12:49:08                 1443.8     2739.1        8.9        8.9     2838.3       79
0
12:49:13                 1461.5     2739.1        8.9        8.9     2838.3       81
0
12:49:18                 1478.9     2739.2        8.8        8.8     2838.4       79
0
12:49:23                 1496.2     2739.1        8.9        8.9     2838.4       79
0
12:49:28                 1513.5     2739.2        8.8        8.8     2838.5       79
0
12:49:33                 1531.1     2739.2        8.8        8.8     2838.5       81
0
12:49:38                 1552.5     2739.1        8.9        8.9     2838.6       79
0
12:49:43                 1572.0     2739.2        8.8        8.8     2838.6       79
0
12:49:49                 1589.9     2739.1        8.9        8.9     2838.6       79
0
12:49:54                 1607.4     2739.2        8.8        8.8     2838.7       79
0
12:49:59                 1625.2     2739.2        8.8        8.8     2838.8       79
0
12:50:04                 1642.5     2739.1        8.9        8.9     2838.8       79
0
12:50:09                 1660.7     2739.2        8.8        8.8     2838.8         79
12:50:14                 1678.2     2739.1        8.9        8.9     2838.9       79
0
12:50:19                 1695.9     2739.2        8.8        8.8     2838.9       79
0
12:50:24                 1714.1     2739.2        8.8        8.8     2839.0       79
0
12:50:29                 1732.1     2739.2        8.8        8.8     2839.0       79
0
12:50:34                 1750.1     2739.2        8.8        8.8     2839.1       79
0
12:50:39                 1767.8     2739.1        8.9        8.9     2839.1       79
0
12:50:45                 1786.3     2739.2        8.8        8.8     2839.2       79
0
12:50:50                 1804.5     2739.2        8.8        8.8     2839.2       79
0
12:50:55                 1413.6     2739.2        8.8        8.8     2839.3       79
0
12:51:00                 1429.4     2739.2        8.8        8.8     2839.3       79
0
12:51:05                 1447.8     2739.2        8.8        8.8     2839.3         79
12:51:10                 1465.2     2739.2        8.8        8.8     2839.3       79
0
12:51:15                 1483.2     2739.2        8.8        8.8     2839.3       79
0
12:51:20                 1501.9     2739.2        8.8        8.8     2839.3       79
0
12:51:25                 1519.7     2739.2        8.8        8.8     2839.3       79
0
12:51:30                 1537.4     2739.2        8.8        8.8     2839.3       79
0
12:51:36                 1554.8     2739.2        8.8        8.8     2839.3       79
0
12:51:41                 1573.5     2739.2        8.8        8.8     2839.3       79
0
12:51:46                 1591.3     2739.2        8.8        8.8     2839.3       79
0
12:51:51                 1609.1     2739.2        8.8        8.8     2839.3       79
0
12:51:56                 1626.8     2739.2        8.8        8.8     2839.3       79
0
12:52:01                 1644.5     2739.2        8.8        8.8     2839.3       79
0
12:52:06                 1828.1     2755.2        8.8        8.8     2855.8       79
0
12:52:11                 2110.2     2755.2        8.8        8.8     2855.8       79
0
12:52:16                 2416.7     2755.2        8.8        8.8     2855.8       79
0
12:52:21                 2435.4     2755.2        8.8        8.8     2855.8       79
0
12:52:26                 2454.6     2755.2        8.8        8.8     2855.8         80
12:52:32                 2473.4     2755.2        8.8        8.8     2855.8         79
12:52:37                 2492.4     2755.2        8.8        8.8     2855.8       79
0
12:52:42                 2511.9     2755.2        8.8        8.8     2855.8       79
0
12:52:47                 2531.5     2755.2        8.8        8.8     2855.8       79
0
12:52:52                 2550.8     2755.2        8.8        8.8     2855.8       79
0
12:52:57                 2571.0     2755.2        8.8        8.8     2855.8       79
0
12:53:02                 2591.2     2755.2        8.8        8.8     2855.8       79
0
12:53:07                 2610.9     2755.2        8.8        8.8     2855.8       79
0
12:53:12                 2631.4     2755.2        8.8        8.8     2856.0       79
0
12:53:17                 2651.5     2755.2        8.8        8.8     2856.3       79
0
12:53:23                 2671.7     2755.2        8.8        8.8     2856.8       79
0
12:53:28                 2692.6     2755.2        8.8        8.8     2857.3       79
0
12:53:33                 2712.7     2755.2        8.8        8.8     2857.8       79
0
12:53:38                 2733.2     2755.2        8.8        8.8     2858.3       79
0
12:53:43                 2753.7     2763.2        8.8        8.8     2866.4       79
0
12:53:48                 2774.1     2783.2        8.8        8.8     2886.5       79
0
12:53:53                 2794.4     2803.2        8.8        8.8     2907.9         79
12:53:58                 2814.9     2823.2        8.8        8.8     2927.9       79
0
12:54:03                 2835.7     2843.2        8.8        8.8     2948.0       79
0
12:54:08                 1465.6     2851.2        8.8        8.8     2956.3       79
0
12:54:13                 1481.6     2851.2        8.8        8.8     2956.3       79
0
12:54:19                 1499.0     2851.2        8.8        8.8     2956.3       79
0
12:54:24                 1516.5     2851.2        8.8        8.8     2956.3         79
12:54:29                 1533.7     2851.2        8.8        8.8     2956.3       79
0
12:54:34                 1551.3     2851.2        8.8        8.8     2956.3       79
0
12:54:39                 1569.2     2851.2        8.8        8.8     2956.3       79
0
12:54:44                 1586.4     2851.2        8.8        8.8     2956.3       79
0
12:54:49                 1604.1     2851.2        8.8        8.8     2956.3       79
0
12:54:54                 1621.5     2851.2        8.8        8.8     2956.3         79
12:54:59                 1639.3     2851.2        8.8        8.8     2956.3       79
0
12:55:04                 1656.6     2851.2        8.8        8.8     2956.3       79
0
12:55:09                 1674.7     2851.2        8.8        8.8     2956.3       79
0
12:55:15                 1692.1     2851.2        8.8        8.8     2956.3         79
12:55:20                 1710.1     2851.2        8.8        8.8     2956.3       79
0
12:55:25                 1728.5     2851.2        8.8        8.8     2956.3       79
0
12:55:30                 1746.1     2851.2        8.8        8.8     2956.3         79
12:55:35                 1764.6     2851.2        8.8        8.8     2956.4       79
0
12:55:40                 1782.3     2851.2        8.8        8.8     2956.4       79
0
12:55:45                 1800.4     2851.2        8.8        8.8     2956.4       79
0
12:55:50                 1818.2     2851.2        8.8        8.8     2956.5       79
0
12:55:55                 1836.8     2851.2        8.8        8.8     2956.5       79
0
12:56:00                 1854.2     2851.2        8.8        8.8     2956.5       79
0
12:56:06                 1872.6     2851.1        8.8        8.8     2956.7         79
12:56:11                 1479.6     2851.2        8.8        8.8     2956.6       79
0
12:56:16                 1496.2     2851.2        8.8        8.8     2956.6         79
12:56:21                 1513.6     2851.2        8.8        8.8     2956.6       79
0
12:56:26                 1531.5     2851.2        8.8        8.8     2956.6       79
0
12:56:31                 1548.8     2851.2        8.8        8.8     2956.6       79
0
12:56:36                 1566.8     2851.2        8.8        8.8     2956.6       79
0
12:56:41                 1583.8     2851.2        8.8        8.8     2956.6         79
12:56:46                 1601.9     2851.2        8.8        8.8     2956.6       79
0
12:56:51                 1619.4     2851.2        8.8        8.8     2956.6       79
0
12:56:56                 1636.8     2851.2        8.8        8.8     2956.6       79
0
12:57:02                 1654.4     2851.2        8.8        8.8     2956.6       79
0
12:57:07                 1672.8     2851.2        8.8        8.8     2956.6       79
0
12:57:12                 1690.4     2851.2        8.8        8.8     2956.6       80
0
12:57:17                 2255.4     2875.2        8.8        8.8     2980.6       79
0
12:57:22                 1935.9     2875.2        8.8        8.8     2980.9       79
0
12:57:27                 2229.8     2875.2        8.8        8.8     2980.9       79
0
12:57:32                 2423.0     2875.2        8.8        8.8     2980.9       79
0
12:57:37                 2441.0     2875.2        8.8        8.8     2980.9       79
0
12:57:42                 2460.0     2875.2        8.8        8.8     2980.9       79
0
12:57:47                 2477.8     2875.2        8.8        8.8     2980.9       79
0
12:57:52                 2496.6     2875.2        8.8        8.8     2980.9       80
0
12:57:58                 2517.4     2875.2        8.8        8.8     2980.9       79
0
12:58:03                 2539.8     2875.2        8.8        8.8     2980.9       79
0
12:58:08                 2559.1     2875.2        8.8        8.8     2980.9       79
0
12:58:13                 2578.6     2875.2        8.8        8.8     2980.9         79
12:58:18                 2597.5     2875.2        8.8        8.8     2980.9       79
0
12:58:23                 2616.8     2875.2        8.8        8.8     2980.9       79
0
12:58:28                 2636.6     2875.2        8.8        8.8     2980.9       79
0
12:58:33                 2656.4     2875.2        8.8        8.8     2980.9       79
0
12:58:38                 2675.8     2875.2        8.8        8.8     2980.9       79
0
12:58:43                 2695.6     2875.2        8.8        8.8     2980.9       79
0
12:58:48                 2715.0     2875.2        8.8        8.8     2980.9       79
0
12:58:54                 2734.9     2875.2        8.8        8.8     2980.9       79
0
12:58:59                 2755.0     2875.2        8.8        8.8     2980.9       79
0
12:59:04                 2774.8     2875.2        8.8        8.8     2980.9       79
0
12:59:09                 2795.6     2875.2        8.8        8.8     2980.9         79
12:59:14                 2815.2     2875.2        8.8        8.8     2980.9       79
0
12:59:19                 2835.2     2875.2        8.8        8.8     2980.9         79
12:59:24                 1514.1     2875.2        8.8        8.8     2980.9       79
0
12:59:29                 1530.1     2875.2        8.8        8.8     2980.9       79
0
12:59:34                 1547.2     2875.2        8.8        8.8     2980.9       79
0
12:59:39                 1564.9     2875.2        8.8        8.8     2980.9       80
0
12:59:44                 1582.7     2875.2        8.8        8.8     2980.9       79
0
12:59:50                 1600.1     2875.2        8.8        8.8     2980.9         79
12:59:55                 1618.1     2875.2        8.8        8.8     2980.9       79
0
13:00:00                 1635.7     2875.2        8.8        8.8     2980.9       79
0
13:00:05                 1653.7     2875.2        8.8        8.8     2980.9       79
0
13:00:10                 1671.3     2875.2        8.8        8.8     2980.9       79
0
13:00:15                 1689.5     2875.2        8.8        8.8     2980.9       79
0
13:00:20                 1707.4     2875.2        8.8        8.8     2980.9       79
0
13:00:25                 1724.3     2875.2        8.8        8.8     2980.9       79
0
13:00:30                 1739.2     2875.2        8.8        8.8     2980.9       79
0
13:00:35                 1754.2     2875.2        8.8        8.8     2980.9       79
0
13:00:40                 1769.8     2875.2        8.8        8.8     2980.9       79
0
13:00:45                 1784.3     2875.2        8.8        8.8     2980.9       79
0
13:00:51                 1799.3     2875.2        8.8        8.8     2980.9       79
0
13:00:56                 1815.8     2875.2        8.8        8.8     2980.9       79
0
13:01:01                 1829.3     2875.2        8.8        8.8     2980.9       79
0
13:01:06                 1844.2     2875.2        8.8        8.8     2980.9       79
0
13:01:11                 1858.9     2875.2        8.8        8.8     2980.9       79
0
13:01:16                 1873.7     2875.2        8.8        8.8     2980.9       79
0
13:01:21                 1512.6     2875.2        8.8        8.8     2980.9       79
0
13:01:26                 1525.0     2875.2        8.8        8.8     2980.9       78
0
13:01:31                 1538.3     2875.2        8.8        8.8     2980.9       78
0
13:01:36                 1551.9     2875.2        8.8        8.8     2980.9       78
0
13:01:41                 1565.7     2875.2        8.8        8.8     2980.9       78
0
13:01:47                 1580.3     2875.2        8.8        8.8     2980.9       78
0
13:01:52                 1593.9     2875.2        8.8        8.8     2980.9       78
0
13:01:57                 1608.5     2875.2        8.8        8.8     2980.9       79
0
13:02:02                 1622.4     2875.2        8.8        8.8     2980.9       79
0
13:02:07                 1636.1     2875.2        8.8        8.8     2980.9       79
0
13:02:12                 1650.4     2875.2        8.8        8.8     2980.9       79
0
13:02:17                 1664.1     2875.2        8.8        8.8     2980.9       80
0
13:02:22                 1677.9     2875.2        8.8        8.8     2980.9       79
0
13:02:27                 1691.4     2875.2        8.8        8.8     2980.9       79
0
13:02:32                 2460.7     2883.3        8.7        8.7     2988.9       78
0
13:02:37                 1890.9     2883.3        8.7        8.7     2989.0         79
13:02:43                 2176.4     2883.2        8.8        8.8     2989.0       79
0
13:02:48                 2290.5     2883.3        8.7        8.7     2989.0       79
0
13:02:53                 2304.3     2883.2        8.8        8.8     2989.0       79
0
13:02:58                 2318.8     2883.2        8.8        8.8     2989.0       79
0
13:03:03                 2332.7     2883.3        8.7        8.7     2989.0       79
0
13:03:08                 2346.6     2883.2        8.8        8.8     2989.0       79
0
13:03:13                 2361.1     2883.3        8.7        8.7     2989.0       79
0
13:03:18                 2374.7     2883.2        8.8        8.8     2989.0       79
0
13:03:23                 2388.2     2883.2        8.8        8.8     2989.0       79
0
13:03:28                 2402.8     2883.2        8.8        8.8     2989.0       79
0
13:03:33                 2416.6     2883.3        8.7        8.7     2989.0       79
0
13:03:39                 2430.2     2883.2        8.8        8.8     2989.0       79
0
13:03:44                 2445.1     2883.2        8.8        8.8     2989.0       79
0
13:03:49                 2459.8     2883.3        8.7        8.7     2989.0       79
0
13:03:54                 2474.4     2883.3        8.7        8.7     2989.0       79
0
13:03:59                 2489.1     2883.3        8.7        8.7     2989.0       79
0
13:04:04                 2503.8     2883.2        8.8        8.8     2989.0       79
0
13:04:09                 2518.8     2883.2        8.8        8.8     2989.0       78
0
13:04:14                 2533.6     2883.3        8.7        8.7     2989.0       78
0
13:04:19                 2548.4     2883.2        8.8        8.8     2989.0       78
0
13:04:24                 2563.4     2883.3        8.7        8.7     2989.0       78
0
13:04:29                 2577.8     2883.2        8.8        8.8     2989.0       78
0
13:04:35                 2592.1     2883.2        8.8        8.8     2989.0       78
0
13:04:40                 1541.5     2883.3        8.7        8.7     2989.0       78
0
13:04:45                 1553.4     2883.2        8.8        8.8     2989.0       78
0
13:04:50                 1566.2     2883.2        8.8        8.8     2989.0       78
0
13:04:55                 1579.3     2883.3        8.7        8.7     2989.0       78
0
13:05:00                 1592.4     2883.2        8.8        8.8     2989.0       78
0
13:05:05                 1605.8     2883.2        8.8        8.8     2989.0       78
0
13:05:10                 1619.1     2883.2        8.8        8.8     2989.0       78
0
13:05:15                 1632.0     2883.3        8.7        8.7     2989.0       80
0
13:05:20                 1645.6     2883.3        8.7        8.7     2989.0       78
0
13:05:25                 1658.7     2883.2        8.8        8.8     2989.0       78
0
13:05:30                 1672.0     2883.2        8.8        8.8     2989.0       78
0
13:05:36                 1684.8     2883.3        8.7        8.7     2989.0       78
0
13:05:41                 1698.2     2883.2        8.8        8.8     2989.0       78
0
13:05:46                 1711.1     2883.3        8.7        8.7     2989.0       78
0
13:05:51                 1724.5     2883.2        8.8        8.8     2989.0       78
0
