# timestamp=sample time  cpu%=% of one core (may exceed 100)  rss_MiB=resident RAM
timestamp                cpu%      rss_MiB
13:13:17                  7.8           64
13:13:22                 80.9          238
13:13:27                  106          383
13:13:32                  117          517
13:13:37                  124          702
13:13:42                  125          837
13:13:47                  130         1056
13:13:52                  131         1073
13:13:57                  131         1310
13:14:03                  150         2353
13:14:08                  172         2640
13:14:13                  191         2796
13:14:18                  207         3047
13:14:23                  222         3348
13:14:28                  236         3511
13:14:33                  244         3692
13:14:38                  255         4189
13:14:43                  263         4343
13:14:48                  271         4678
13:14:53                  280         4935
13:14:58                  293         5282
13:15:03                  307         5408
13:15:08                  314         5409
13:15:13                  325         5411
13:15:18                  334         5432
13:15:23                  343         5573
13:15:29                  348         5619
13:15:34                  357         5732
13:15:39                  363         5737
13:15:44                  367         5745
13:15:49                  374         5792
13:15:54                  377         5911
13:15:59                  383         6003
13:16:04                  385         6065
13:16:09                  388         6126
13:16:14                  392         6159
13:16:19                  394         6199
13:16:24                  399         6217
13:16:29                  401         6360
13:16:34                  402         6421
13:16:39                  406         6516
13:16:44                  408         6563
13:16:50                  410         6588
13:16:55                  413         6679
13:17:00                  414         6694
13:17:05                  415         6772
13:17:10                  416         6852
13:17:15                  418         6935
13:17:20                  420         7005
13:17:25                  421         7077
13:17:30                  422         7084
13:17:35                  423         7084
13:17:40                  423         7135
13:17:45                  424         7168
13:17:50                  427         7375
13:17:55                  428         7486
13:18:00                  428         7489
13:18:05                  428         7490
13:18:10                  426         7490
13:18:16                  425         7500
13:18:21                  425         7633
13:18:26                  425         7711
13:18:31                  425         7769
13:18:36                  425         8040
13:18:41                  425         8156
13:18:46                  423         8156
13:18:51                  423         8325
13:18:56                  423         8394
13:19:01                  423         8448
13:19:06                  421         8448
13:19:11                  421         8495
13:19:16                  421         8598
13:19:21                  421         8747
13:19:26                  419         8747
13:19:31                  419         8922
13:19:36                  419         9038
13:19:42                  417         9039
13:19:47                  417         9113
13:19:52                  417         9210
13:19:57                  416         9210
13:20:02                  416         9364
13:20:07                  416         9459
13:20:12                  414         9459
13:20:17                  414         9464
13:20:22                  415         9542
13:20:27                  414         9670
13:20:32                  413         9735
13:20:38                  414         9888
13:20:43                  412         9891
13:20:48                  413         9961
13:20:53                  413        10061
13:20:58                  412        10061
13:21:03                  412        10120
13:21:09                  412        10196
13:21:14                  411        10196
13:21:19                  412        10426
13:21:24                  412        10505
13:21:29                  411        10505
13:21:34                  411        10678
13:21:39                  410        10678
13:21:44                  410        10810
13:21:50                  411        10891
13:21:55                  409        10892
13:22:00                  410        11023
13:22:05                  409        11023
13:22:10                  409        11179
13:22:15                  408        11179
13:22:20                  408        11272
13:22:25                  407        11272
13:22:30                  407        11365
13:22:35                  406        11387
13:22:40                  406        11472
13:22:46                  406        11669
13:22:51                  406        11681
13:22:56                  406        11940
13:23:01                  405        11940
13:23:06                  406        12044
13:23:11                  405        12044
13:23:16                  405        12136
13:23:21                  404        12136
13:23:26                  405        12304
13:23:31                  404        12304
13:23:36                  405        12387
13:23:42                  404        12387
13:23:47                  405        12406
13:23:52                  404        12410
13:23:57                  404        12462
13:24:02                  405        12594
13:24:07                  404        12596
13:24:12                  403        12631
13:24:18                  403        12646
13:24:23                  403        12649
13:24:28                  403        12649
13:24:33                  402        12674
13:24:38                  403        12796
13:24:43                  402        12800
13:24:48                  403        12822
13:24:53                  402        12822
13:24:59                  402        12925
13:25:04                  401        12925
13:25:09                  402        13141
13:25:14                  401        13142
13:25:19                  401        13248
13:25:24                  400        13248
13:25:29                  400        13251
13:25:34                  400        13510
13:25:39                  399        13510
13:25:45                  400        13649
13:25:50                  399        13650
13:25:55                  400        13786
13:26:00                  399        13786
13:26:05                  399        13815
13:26:10                  400        13850
13:26:15                  399        13859
13:26:20                  400        13912
13:26:25                  399        13912
13:26:30                  400        14082
13:26:36                  399        14082
13:26:41                  400        14129
13:26:46                  399        14129
13:26:51                  400        14188
13:26:56                  399        14188
13:27:01                  400        14328
13:27:06                  399        14328
13:27:11                  399        14334
13:27:17                  398        14355
13:27:27                  284        14356
13:35:01                  283        14357
13:35:06                  282        14363
13:35:12                  282        13457
13:35:17                  283        12574
13:35:22                  283        14052
13:35:27                  282        14604
13:35:32                  282        14604
13:35:37                  281        14649
13:35:42                  280        14650
13:35:47                  280        14652
13:35:52                  279        14652
13:35:57                  278        14654
13:36:02                  278        14654
13:36:07                  277        14696
13:36:12                  276        14698
13:36:17                  276        14698
13:36:22                  275        14700
13:36:27                  274        14700
13:36:32                  274        14700
13:36:37                  273        14745
13:36:42                  273        14745
13:36:47                  274        15146
13:36:52                  273        15157
13:36:57                  273        15372
13:37:02                  273        16872
13:37:07                  273        17735
13:37:12                  272        18456
13:37:18                  272        18885
13:37:23                  272        19786
13:37:28                  272        19786
13:37:33                  272        19786
13:37:38                  271        19786
13:37:43                  271        19786
13:37:48                  271        19797
13:37:53                  270        19827
13:37:58                  270        19854
13:38:03                  270        19880
13:38:08                  269        19914
13:38:13                  270        19924
13:38:18                  270        19929
13:38:23                  270        19933
13:38:28                  269        19939
13:38:33                  269        19947
13:38:38                  270        19963
13:38:43                  270        19963
13:38:48                  270        19963
13:38:53                  270        19965
13:38:58                  271        19975
13:39:03                  271        19975
13:39:08                  271        19975
13:39:13                  271        19975
13:39:18                  272        19975
13:39:23                  272        19975
13:39:28                  273        20228
13:39:33                  273        20229
13:39:38                  274        20229
13:39:44                  275        20232
13:39:49                  275        20232
13:39:54                  275        20233
13:39:59                  276        20237
13:40:04                  276        20237
13:40:09                  277        20247
13:40:14                  277        20247
13:40:19                  277        20247
13:40:24                  278        20247
13:40:29                  279        20254
13:40:34                  279        20254
13:40:39                  280        20255
13:40:44                  280        20255
13:40:49                  281        20255
13:40:54                  282        20255
13:40:59                  283        20255
13:41:04                  283        20255
13:41:09                  284        20256
13:41:14                  284        20259
13:41:19                  284        20259
13:41:24                  285        20259
13:41:29                  286        20259
13:41:34                  286        20259
13:41:39                  286        20259
13:41:45                  286        20259
13:41:50                  287        20259
13:41:55                  288        20263
13:42:00                  288        20263
13:42:05                  289        20307
13:42:10                  289        20307
13:42:15                  290        20313
13:42:20                  290        20313
13:42:25                  290        20313
13:42:30                  291        20316
13:42:35                  291        20316
13:42:40                  291        20316
13:42:45                  292        20328
13:42:50                  292        20328
13:42:55                  293        20328
13:43:00                  293        20328
13:43:05                  293        20328
13:43:10                  294        20331
13:43:15                  294        20331
13:43:20                  294        20331
13:43:25                  295        20347
13:43:30                  295        20347
13:43:35                  295        20347
13:43:40                  296        20347
13:43:45                  296        20347
13:43:51                  296        20347
13:43:56                  297        20354
13:44:01                  297        20355
13:44:06                  297        20356
13:44:11                  298        20356
13:44:16                  298        20356
13:44:21                  298        20356
13:44:26                  299        20233
13:44:31                  299        18832
13:44:36                  299        18859
13:44:41                  300        18348
13:44:46                  301        17536
13:44:51                  304        17344
13:44:56                  306        17046
13:45:01                  309        15932
13:45:06                  311        15370
13:45:11                  314        15008
13:45:16                  317        14979
13:45:21                  319        14622
13:45:26                  322        14411
13:45:31                  325        14039
13:45:36                  327        13555
13:45:41                  330        12958
13:45:46                  332        12504
13:45:52                  335        12189
13:45:57                  338        11812
13:46:02                  340        11255
13:46:07                  343        11127
13:46:12                  345        11125
13:46:17                  347        11055
13:46:22                  350        10944
13:46:27                  352        11090
13:46:32                  354        11100
13:46:37                  357        11115
13:46:42                  359        11115
13:46:47                  362        11087
13:46:52                  364        10858
13:46:57                  367        10838
13:47:02                  369        10915
13:47:07                  371        10929
13:47:12                  374        10940
13:47:17                  376        10899
13:47:22                  378        10867
13:47:27                  381        10903
13:47:32                  383        10911
13:47:37                  385        10914
13:47:42                  388        10915
13:47:48                  390        10917
13:47:53                  392        10804
13:47:58                  395        10845
13:48:03                  397        10825
13:48:08                  399        10780
13:48:13                  401        10837
13:48:18                  403        10842
13:48:23                  405        10842
13:48:28                  407        10845
13:48:33                  410        10799
13:48:38                  412        10700
13:48:43                  414        10597
13:48:48                  416        10638
13:48:53                  418        10640
13:48:58                  420        10640
13:49:03                  422        10641
13:49:08                  425        10643
13:49:13                  427        10643
13:49:18                  428        10643
13:49:23                  431        10644
13:49:28                  433        10644
13:49:34                  435        10644
13:49:39                  437        10644
13:49:44                  439        10645
13:49:49                  441        10645
13:49:54                  443        10647
13:49:59                  445        10648
13:50:04                  447        10648
13:50:09                  449        10648
13:50:14                  451        10648
13:50:19                  453        10648
13:50:24                  454        10649
13:50:29                  456        10650
13:50:34                  458        10650
13:50:39                  460        10650
13:50:44                  462        10650
13:50:49                  464        10650
13:50:54                  466        10650
13:50:59                  467        10650
13:51:05                  469        10650
13:51:10                  471        10650
13:51:15                  473        10651
13:51:20                  475        10651
13:51:25                  476        10651
13:51:30                  478        10651
13:51:35                  480        10651
13:51:40                  482        10639
13:51:45                  483        10639
13:51:50                  485        10639
13:51:55                  487        10640
13:52:00                  489        10640
13:52:05                  490        10640
13:52:10                  492        10640
13:52:15                  493        10640
13:52:20                  495        10640
13:52:25                  496        10640
13:52:30                  497        10640
13:52:35                  499        10600
13:52:41                  500        10605
13:52:46                  501        10622
13:52:51                  502        10613
13:52:56                  503        10613
13:53:01                  504        10616
13:53:06                  506        10620
13:53:11                  507        10621
13:53:16                  508        10596
13:53:21                  509        10596
13:53:27                  510        10596
13:53:32                  511        10596
13:53:37                  512        10568
13:53:42                  514        10569
13:53:47                  515        10571
13:53:52                  516        10574
13:53:57                  517        10574
13:54:02                  518        10578
13:54:07                  519        10579
13:54:12                  520        10579
13:54:17                  522        10579
13:54:22                  523        10580
13:54:27                  524        10580
13:54:32                  525        10580
13:54:37                  526        10580
13:54:43                  527        10580
13:54:48                  528        10580
13:54:53                  529        10580
13:54:58                  531        10580
13:55:03                  532        10580
13:55:08                  533        10580
13:55:13                  534        10580
13:55:18                  535        10580
13:55:23                  536        10580
13:55:28                  537        10580
13:55:33                  539        10580
13:55:38                  540        10581
13:55:43                  541        10581
13:55:48                  543        10581
13:55:53                  544        10581
13:55:58                  546        10581
13:56:03                  547        10581
13:56:08                  549        10581
13:56:14                  550        10581
13:56:19                  551        10581
13:56:24                  553        10581
13:56:29                  554        10581
13:56:34                  556        10581
13:56:39                  557        10581
13:56:44                  558        10581
13:56:49                  560        10581
13:56:54                  561        10581
13:56:59                  562        10581
13:57:04                  564        10581
13:57:09                  565        10581
13:57:14                  566        10578
13:57:19                  568        10578
13:57:24                  569        10578
13:57:29                  570        10578
13:57:34                  571        10578
13:57:39                  572        10578
13:57:44                  574        10578
13:57:49                  575        10578
13:57:54                  576        10578
13:57:59                  577        10577
13:58:05                  578        10577
13:58:10                  579        10577
13:58:15                  580        10577
13:58:20                  581        10577
13:58:25                  582        10577
13:58:30                  584        10577
13:58:35                  585        10578
13:58:40                  586        10578
13:58:45                  587        10578
13:58:50                  588        10578
13:58:55                  589        10578
13:59:00                  590        10578
13:59:05                  591        10578
13:59:10                  592        10578
13:59:15                  594        10578
13:59:20                  595        10578
13:59:25                  596        10578
13:59:30                  597        10578
13:59:36                  598        10578
13:59:41                  599        10578
13:59:46                  600        10578
13:59:51                  601        10578
13:59:56                  602        10578
14:00:01                  603        10578
14:00:06                  604        10578
14:00:11                  605        10578
14:00:16                  606        10578
14:00:21                  607        10578
14:00:26                  608        10578
14:00:31                  609        10578
14:00:36                  610        10578
14:00:41                  611        10578
14:00:46                  612        10578
14:00:51                  613        10578
14:00:57                  614        10578
14:01:02                  615        10578
14:01:07                  616        10578
14:01:12                  617        10518
14:01:17                  618        10518
14:01:22                  619        10518
14:01:27                  620        10518
14:01:32                  621        10518
14:01:37                  622        10518
14:01:42                  623        10518
14:01:47                  624        10518
14:01:52                  625        10518
14:01:57                  626        10518
14:02:02                  627        10518
14:02:07                  628        10518
14:02:12                  629        10518
14:02:17                  630        10518
14:02:22                  631        10518
14:02:27                  632        10518
14:02:33                  633        10518
14:02:38                  634        10518
14:02:43                  635        10518
14:02:48                  636        10518
14:02:53                  637        10518
14:02:58                  638        10518
14:03:03                  639        10518
14:03:08                  640        10518
14:03:13                  641        10518
