# timestamp=sample time  heapMiB=HeapInuse(live)  heapSysMiB=HeapSys(from OS)  stackMiB/stackSysMiB=goroutine stacks  sysMiB=Sys(total from OS)  numGoroutine=live goroutines
timestamp               heapMiB heapSysMiB   stackMiB stackSysMiB     sysMiB numGoroutine
21:01:55                    5.5       10.9        1.1        1.1       19.0         73
21:02:00                   12.9       18.9        1.1        1.1       28.3         77
21:02:05                  415.5      427.9       68.1       68.1      518.0    33778
0
21:02:10                  886.3     1039.4        8.6        8.6     1085.3        214
21:02:15                 1399.5     1404.9        7.1        7.1     1450.9        210
21:02:20                 1414.9     1420.9        7.1        7.1     1467.4        210
21:02:26                  789.3     1424.9        7.1        7.1     1471.4      210
0
21:02:31                  802.8     1424.9        7.1        7.1     1471.4        210
21:02:36                  816.7     1424.9        7.1        7.1     1471.4        197
21:02:41                  830.6     1424.9        7.1        7.1     1471.4        197
21:02:46                  843.2     1424.9        7.1        7.1     1471.4        197
21:02:51                  857.1     1424.9        7.1        7.1     1471.4        197
21:02:56                  870.0     1424.9        7.1        7.1     1471.4        197
21:03:01                  883.1     1424.9        7.1        7.1     1471.4        197
21:03:07                  896.4     1424.9        7.1        7.1     1471.4        197
21:03:12                  909.4     1425.1        6.9        6.9     1471.4        197
21:03:17                  922.6     1425.3        6.7        6.7     1471.4        197
21:03:22                  935.7     1425.2        6.8        6.8     1471.4        197
21:03:27                  948.6     1425.3        6.7        6.7     1471.4        197
21:03:32                  960.9     1425.3        6.7        6.7     1471.6        178
21:03:37                  973.5     1425.3        6.7        6.7     1471.6        178
21:03:43                  986.1     1426.2        5.8        5.8     1471.6         79
21:03:48                  998.5     1426.2        5.8        5.8     1471.6         79
21:03:53                 1010.5     1426.2        5.8        5.8     1471.6         79
21:03:58                 1023.5     1426.2        5.8        5.8     1471.6         79
21:04:03                 1035.4     1426.2        5.8        5.8     1471.6         79
21:04:08                 1046.9     1426.2        5.8        5.8     1471.6         79
21:04:13                 1059.8     1426.2        5.8        5.8     1471.6         79
21:04:19                 1071.9     1426.2        5.8        5.8     1471.6         79
21:04:24                  734.6     1426.4        5.6        5.6     1471.7         79
21:04:29                  745.1     1426.4        5.6        5.6     1471.7         79
21:04:34                  755.7     1426.4        5.6        5.6     1471.7         79
21:04:39                  767.0     1426.4        5.6        5.6     1471.7         79
21:04:44                  777.9     1426.3        5.7        5.7     1471.7         79
21:04:49                  789.0     1426.4        5.6        5.6     1471.7         79
21:04:54                  800.5     1426.4        5.6        5.6     1471.7         79
21:04:59                  811.4     1426.4        5.6        5.6     1471.7         79
21:05:05                  822.8     1426.4        5.6        5.6     1471.7         79
21:05:10                  833.6     1426.4        5.6        5.6     1471.7         79
21:05:15                  848.1     1426.4        5.6        5.6     1471.7         79
21:05:20                  864.8     1426.5        5.5        5.5     1471.7         79
21:05:25                  882.6     1426.5        5.5        5.5     1471.7         79
21:05:31                  900.1     1426.5        5.5        5.5     1471.7         79
21:05:36                  917.9     1426.4        5.6        5.6     1471.7       79
0
21:05:41                  936.0     1426.5        5.5        5.5     1471.7         79
21:05:46                  954.4     1426.5        5.5        5.5     1471.7         79
21:05:51                  973.7     1426.5        5.5        5.5     1471.7         79
21:05:56                  991.8     1426.6        5.4        5.4     1471.7         79
21:06:02                 1010.2     1426.6        5.4        5.4     1471.7       79
0
21:06:07                 1028.9     1426.6        5.4        5.4     1471.7         79
21:06:12                 1048.5     1426.6        5.4        5.4     1471.7         79
21:06:17                 1067.2     1426.6        5.4        5.4     1471.7         79
21:06:22                  682.4     1426.8        5.2        5.2     1471.7         79
21:06:28                  697.7     1426.8        5.2        5.2     1471.7         79
21:06:33                  714.5     1426.8        5.2        5.2     1471.7         79
21:06:38                  731.2     1426.8        5.2        5.2     1471.7         79
21:06:43                  748.2     1426.8        5.2        5.2     1471.7         79
21:06:48                  765.3     1426.8        5.2        5.2     1471.7         79
21:06:54                  782.2     1426.8        5.2        5.2     1471.7         79
21:06:59                  799.8     1426.9        5.1        5.1     1471.7         79
21:07:04                  817.3     1426.9        5.1        5.1     1471.7         79
21:07:09                 1087.0     1427.0        5.0        5.0     1473.7         79
21:07:14                 1105.7     1427.0        5.0        5.0     1473.7         79
21:07:19                 1123.9     1427.0        5.0        5.0     1474.2       79
0
21:07:25                  690.0     1427.1        4.9        4.9     1474.2         79
21:07:30                  704.9     1427.1        4.9        4.9     1474.2         79
21:07:35                  721.4     1427.1        4.9        4.9     1474.2         79
21:07:40                  738.4     1427.1        4.9        4.9     1474.2         79
21:07:45                  755.5     1427.2        4.8        4.8     1474.2         79
21:07:51                  772.7     1427.2        4.8        4.8     1474.2         79
21:07:56                  790.1     1427.2        4.8        4.8     1474.2         79
21:08:01                  808.0     1427.2        4.8        4.8     1474.2         79
21:08:06                  826.3     1427.2        4.8        4.8     1474.2         79
21:08:11                  843.9     1427.2        4.8        4.8     1474.2         79
21:08:17                  861.8     1427.2        4.8        4.8     1474.2         79
21:08:22                  879.9     1427.2        4.8        4.8     1474.2         79
21:08:27                  898.4     1427.2        4.8        4.8     1474.2         79
21:08:32                  922.0     1427.2        4.8        4.8     1474.2         79
21:08:38                  939.9     1427.2        4.8        4.8     1474.2         79
21:08:43                  958.2     1427.2        4.8        4.8     1474.2         79
21:08:48                  976.3     1427.2        4.8        4.8     1474.2         79
21:08:53                  995.6     1427.2        4.8        4.8     1474.2         79
21:08:58                 1014.4     1427.2        4.8        4.8     1474.3         79
21:09:04                 1033.2     1427.2        4.8        4.8     1474.4         79
21:09:09                 1052.4     1427.2        4.8        4.8     1474.4         79
21:09:14                 1072.4     1427.2        4.8        4.8     1474.5         79
21:09:19                 1092.0     1427.2        4.8        4.8     1474.6         79
21:09:24                 1111.4     1427.2        4.8        4.8     1474.6         79
21:09:30                  726.3     1427.3        4.7        4.7     1474.7         79
21:09:35                  742.7     1427.4        4.6        4.6     1474.7         79
21:09:40                  759.8     1427.3        4.7        4.7     1474.7         79
21:09:45                  777.0     1427.4        4.6        4.6     1474.7         79
21:09:50                  793.7     1427.4        4.6        4.6     1474.7         79
21:09:56                  811.1     1427.3        4.7        4.7     1474.7         79
21:10:01                  828.4     1427.3        4.7        4.7     1474.7         79
21:10:06                  845.6     1427.4        4.6        4.6     1474.7         79
21:10:11                  863.2     1427.4        4.6        4.6     1474.7         79
21:10:16                  880.6     1427.5        4.5        4.5     1474.7         79
21:10:22                  897.7     1427.5        4.5        4.5     1474.7         79
21:10:27                  915.5     1427.5        4.5        4.5     1474.7         79
21:10:32                  932.6     1427.6        4.4        4.4     1474.7         79
21:10:37                  950.3     1427.5        4.5        4.5     1474.7         79
21:10:43                  968.3     1427.5        4.5        4.5     1474.7         79
21:10:48                  986.5     1427.5        4.5        4.5     1474.8         79
21:10:53                 1004.7     1427.5        4.5        4.5     1474.9         79
21:10:58                 1023.3     1427.5        4.5        4.5     1474.9         79
21:11:03                 1041.8     1427.6        4.4        4.4     1474.9         79
21:11:09                 1060.2     1427.6        4.4        4.4     1475.0         79
21:11:14                 1080.1     1427.6        4.4        4.4     1475.0         79
21:11:19                 1099.2     1427.5        4.5        4.5     1475.1         79
21:11:24                 1118.6     1427.6        4.4        4.4     1475.2         79
21:11:29                  742.7     1427.6        4.4        4.4     1475.2         79
21:11:34                  759.0     1427.6        4.4        4.4     1475.2         79
21:11:40                  776.0     1427.6        4.4        4.4     1475.2         79
21:11:45                  793.3     1427.6        4.4        4.4     1475.2         79
21:11:50                  810.4     1427.6        4.4        4.4     1475.2         79
21:11:56                  827.6     1427.6        4.4        4.4     1475.2         79
21:12:01                  845.1     1427.6        4.4        4.4     1475.2       79
0
21:12:06                  862.8     1427.6        4.4        4.4     1475.2         81
21:12:11                 1129.7     1427.7        4.3        4.3     1475.2         79
21:12:17                 1148.1     1427.6        4.4        4.4     1476.0         79
21:12:22                 1167.0     1427.7        4.3        4.3     1477.1         79
21:12:27                 1186.3     1427.6        4.4        4.4     1477.1         79
21:12:32                 1204.8     1427.7        4.3        4.3     1477.4         79
21:12:37                 1224.0     1427.7        4.3        4.3     1478.2         79
21:12:43                 1243.5     1427.7        4.3        4.3     1478.3         79
21:12:48                 1263.4     1427.7        4.3        4.3     1478.4         79
21:12:53                 1283.2     1427.7        4.3        4.3     1479.2         79
21:12:58                  748.2     1427.7        4.3        4.3     1479.5         79
21:13:04                  765.7     1427.7        4.3        4.3     1479.5         79
21:13:09                  782.6     1427.7        4.3        4.3     1479.5         79
21:13:14                  806.2     1427.7        4.3        4.3     1479.5         79
21:13:20                  824.1     1427.7        4.3        4.3     1479.5         79
21:13:25                  842.3     1427.7        4.3        4.3     1479.5         79
21:13:30                  859.0     1427.7        4.3        4.3     1479.5         79
21:13:35                  877.1     1427.7        4.3        4.3     1479.5         79
21:13:41                  894.1     1427.7        4.3        4.3     1479.5         79
21:13:46                  912.1     1427.7        4.3        4.3     1479.5       79
0
21:13:51                  929.5     1427.7        4.3        4.3     1479.5         79
21:13:56                  947.9     1427.7        4.3        4.3     1479.5         79
21:14:02                  965.1     1427.7        4.3        4.3     1479.5         79
21:14:07                  983.1     1427.7        4.3        4.3     1479.5         79
21:14:13                 1001.9     1427.7        4.3        4.3     1479.5         79
21:14:18                 1019.9     1427.7        4.3        4.3     1479.5         79
21:14:23                 1038.8     1427.7        4.3        4.3     1479.5         79
21:14:28                 1057.4     1427.7        4.3        4.3     1479.5         79
21:14:33                 1076.0     1427.7        4.3        4.3     1479.5         79
21:14:39                 1094.6     1427.7        4.3        4.3     1479.5         79
21:14:44                 1114.1     1427.7        4.3        4.3     1479.5         79
21:14:49                 1133.0     1427.8        4.2        4.2     1479.6         79
21:14:54                 1152.8     1427.8        4.2        4.2     1479.6         79
21:15:00                  774.6     1427.8        4.2        4.2     1479.7         79
21:15:05                  790.0     1427.7        4.3        4.3     1479.7         79
21:15:10                  807.5     1427.8        4.2        4.2     1479.7         79
21:15:15                  825.1     1427.8        4.2        4.2     1479.7         79
21:15:21                  842.6     1427.8        4.2        4.2     1479.7         79
21:15:26                  860.1     1427.8        4.2        4.2     1479.7         79
21:15:31                  877.4     1427.8        4.2        4.2     1479.7         82
21:15:37                  895.0     1427.8        4.2        4.2     1479.7         79
21:15:42                  913.4     1427.8        4.2        4.2     1479.7         79
21:15:47                  930.6     1427.8        4.2        4.2     1479.7         79
21:15:52                  948.2     1427.8        4.2        4.2     1479.7         79
21:15:58                  965.9     1427.8        4.2        4.2     1479.7         79
21:16:03                  983.2     1427.8        4.2        4.2     1479.7         79
21:16:08                 1000.9     1427.8        4.2        4.2     1479.7         79
21:16:13                 1019.0     1427.8        4.2        4.2     1479.7         79
21:16:19                 1037.2     1427.8        4.2        4.2     1479.7         79
21:16:24                 1055.2     1427.8        4.2        4.2     1479.7         79
21:16:29                 1074.1     1427.8        4.2        4.2     1479.7         79
21:16:34                 1092.8     1427.8        4.2        4.2     1479.7         79
21:16:40                 1111.5     1427.8        4.2        4.2     1479.7         79
21:16:45                 1130.4     1427.8        4.2        4.2     1479.7         79
21:16:50                 1149.7     1427.8        4.2        4.2     1479.8         79
21:16:55                 1169.6     1427.8        4.2        4.2     1479.9         79
21:17:01                  783.6     1427.8        4.2        4.2     1479.9         79
21:17:06                  800.7     1427.9        4.1        4.1     1479.9         79
21:17:11                 1058.9     1427.9        4.1        4.1     1479.9         79
21:17:16                 1076.8     1427.9        4.1        4.1     1479.9         79
21:17:22                 1095.3     1427.9        4.1        4.1     1479.9         79
21:17:27                 1113.4     1427.9        4.1        4.1     1479.9         79
21:17:32                 1134.7     1427.9        4.1        4.1     1479.9         81
21:17:37                 1154.4     1427.9        4.1        4.1     1479.9         79
21:17:43                 1174.5     1427.9        4.1        4.1     1479.9         79
21:17:48                 1193.5     1427.9        4.1        4.1     1479.9         79
21:17:53                 1211.8     1427.9        4.1        4.1     1479.9         79
21:17:59                 1230.5     1427.9        4.1        4.1     1479.9         79
21:18:04                 1249.1     1427.9        4.1        4.1     1479.9         79
21:18:09                 1268.1     1427.9        4.1        4.1     1479.9       84
0
21:18:15                 1288.8     1427.9        4.1        4.1     1479.9         79
21:18:20                 1307.3     1427.9        4.1        4.1     1480.1         79
21:18:25                 1326.8     1428.0        4.0        4.0     1480.4         79
21:18:31                 1347.8     1428.0        4.0        4.0     1480.7         79
21:18:36                 1366.9     1428.0        4.0        4.0     1481.3         79
21:18:41                  804.9     1428.2        3.8        3.8     1481.6         79
21:18:46                  820.9     1428.1        3.9        3.9     1481.6         79
21:18:52                  837.8     1428.2        3.8        3.8     1481.6         79
21:18:57                  855.4     1428.2        3.8        3.8     1481.6         79
21:19:02                  873.1     1428.2        3.8        3.8     1481.6         79
21:19:08                  890.7     1428.2        3.8        3.8     1481.6         79
21:19:13                  908.2     1428.3        3.7        3.7     1481.6         79
21:19:18                  921.4     1428.3        3.7        3.7     1481.6         79
21:19:23                  929.7     1428.3        3.7        3.7     1481.6         79
21:19:29                  938.5     1428.3        3.7        3.7     1481.6         79
21:19:34                  947.3     1428.3        3.7        3.7     1481.6         79
21:19:39                  956.4     1428.3        3.7        3.7     1481.6         79
21:19:44                  965.2     1428.3        3.7        3.7     1481.6         79
21:19:50                  974.1     1428.2        3.8        3.8     1481.6         79
21:19:55                  982.8     1428.3        3.7        3.7     1481.6         79
21:20:00                  991.6     1428.3        3.7        3.7     1481.6         79
21:20:05                 1000.7     1428.3        3.7        3.7     1481.6         79
21:20:10                 1009.5     1428.3        3.7        3.7     1481.6         79
21:20:16                 1018.4     1428.3        3.7        3.7     1481.6         79
21:20:21                 1027.5     1428.3        3.7        3.7     1481.6         79
21:20:26                 1037.5     1428.3        3.7        3.7     1481.6         79
21:20:32                 1046.3     1428.3        3.7        3.7     1481.6         79
21:20:37                 1055.6     1428.3        3.7        3.7     1481.6         79
21:20:42                  802.6     1428.3        3.7        3.7     1481.6         79
21:20:47                  810.9     1428.3        3.7        3.7     1481.6         79
21:20:52                  818.7     1428.3        3.7        3.7     1481.6         79
21:20:58                  827.2     1428.3        3.7        3.7     1481.6         79
21:21:03                  835.9     1428.3        3.7        3.7     1481.6         79
21:21:08                  844.8     1428.3        3.7        3.7     1481.6         79
21:21:13                  853.3     1428.3        3.7        3.7     1481.6         79
21:21:19                  862.6     1428.3        3.7        3.7     1481.6         79
21:21:24                  871.1     1428.3        3.7        3.7     1481.6         79
21:21:29                  880.1     1428.4        3.6        3.6     1481.6         78
21:21:34                  888.9     1428.4        3.6        3.6     1481.6         78
21:21:40                  897.5     1428.4        3.6        3.6     1481.6         78
21:21:45                  906.4     1428.4        3.6        3.6     1481.6         78
21:21:50                  915.7     1428.4        3.6        3.6     1481.6         78
21:21:55                  924.9     1428.4        3.6        3.6     1481.6         78
21:22:01                  933.5     1428.4        3.6        3.6     1481.6         78
21:22:06                  942.3     1428.4        3.6        3.6     1481.6         78
21:22:11                 1191.5     1428.4        3.6        3.6     1481.6         79
