# timestamp=sample time  heapMiB=HeapInuse(live)  heapSysMiB=HeapSys(from OS)  stackMiB/stackSysMiB=goroutine stacks  sysMiB=Sys(total from OS)  numGoroutine=live goroutines
timestamp               heapMiB heapSysMiB   stackMiB stackSysMiB     sysMiB numGoroutine
11:00:44                   10.0       18.6        1.4        1.4       29.8       75
0
11:00:49                   27.1       43.5        4.5        4.5       62.9      184
0
11:00:55                   25.0       44.2        3.8        3.8       62.9       77
0
11:01:00                   29.8       44.2        3.8        3.8       62.9       77
0
11:01:05                   34.3       44.2        3.8        3.8       62.9       77
0
11:01:10                   23.7       48.2        3.8        3.8       66.9       77
0
11:01:15                   28.6       48.2        3.8        3.8       66.9       77
0
11:01:20                   33.2       48.2        3.8        3.8       66.9       77
0
11:01:25                   25.0       48.2        3.8        3.8       66.9       77
0
11:01:30                   29.8       48.2        3.8        3.8       66.9       77
0
11:01:35                   21.7       48.2        3.8        3.8       66.9       77
0
11:01:40                   27.1       48.2        3.8        3.8       66.9       77
0
11:01:45                   31.5       48.2        3.8        3.8       66.9       77
0
11:01:50                   23.3       48.2        3.8        3.8       66.9       77
0
11:01:55                   28.5       48.2        3.8        3.8       66.9       77
0
11:02:00                   33.2       48.2        3.8        3.8       66.9       77
0
11:02:05                   25.1       48.2        3.8        3.8       66.9       77
0
11:02:10                   30.0       48.2        3.8        3.8       66.9       77
0
11:02:15                   21.8       48.2        3.8        3.8       66.9       76
0
11:02:20                   27.0       48.2        3.8        3.8       66.9       76
0
11:02:25                   31.7       48.2        3.8        3.8       66.9       75
0
11:02:30                   23.4       48.2        3.8        3.8       66.9       75
0
11:02:35                   28.6       48.2        3.8        3.8       66.9       75
0
11:02:40                   33.2       48.2        3.8        3.8       66.9       75
0
