# timestamp=sample time  cpu%=% of one core (may exceed 100)  rss_MiB=resident RAM (whole process)
timestamp                cpu%      rss_MiB
13:07:55                 43.4           66
13:08:00                  213          313
13:08:05                  235          577
13:08:10                  318         1400
13:08:15                  395         2243
13:08:20                  431         3164
13:08:25                  411         3480
13:08:30                  403         3535
13:08:35                  389         3561
13:08:40                  383         3607
13:08:45                  373         3607
13:08:50                  365         3613
13:08:55                  363         3620
13:09:00                  356         3644
13:09:05                  351         3652
13:09:10                  350         3656
13:09:15                  346         3658
13:09:20                  341         3658
13:09:25                  341         3664
13:09:30                  338         3664
13:09:35                  335         3664
13:09:40                  335         3666
13:09:45                  332         3690
13:09:50                  329         3692
13:09:55                  327         3702
13:10:00                  325         3703
13:10:05                  325         3703
13:10:10                  323         3703
13:10:15                  321         3703
13:10:20                  319         3703
13:10:25                  320         3703
13:10:30                  318         3703
13:10:35                  317         3703
13:10:41                  316         3707
13:10:46                  316         3707
13:10:51                  315         3713
13:10:56                  314         3719
13:11:01                  312         3719
13:11:06                  313         3720
13:11:11                  312         3720
13:11:16                  311         3728
13:11:21                  310         3728
13:11:26                  310         3752
13:11:31                  309         3752
13:11:36                  309         3754
13:11:41                  308         3754
13:11:46                  308         3754
13:11:51                  308         3756
13:11:56                  307         3772
13:12:01                  306         3772
13:12:06                  305         3772
13:12:11                  306         3778
13:12:16                  305         3778
13:12:21                  305         3778
13:12:26                  304         3778
13:12:31                  303         3778
13:12:36                  303         3782
13:12:41                  303         3797
13:12:46                  303         3797
13:12:51                  302         3797
13:12:56                  301         3797
13:13:01                  301         3797
13:13:06                  301         3797
13:13:11                  301         3797
13:13:16                  301         3797
13:13:21                  303         3802
13:13:26                  305         4296
13:13:31                  307         4671
13:13:36                  306         4975
13:13:41                  306         5062
13:13:46                  306         5193
13:13:51                  305         5250
13:13:56                  305         5280
13:14:01                  304         5280
13:14:06                  304         5284
13:14:11                  303         5304
13:14:16                  303         5304
13:14:21                  303         5332
13:14:26                  302         5332
13:14:32                  301         5334
13:14:37                  301         5354
13:14:42                  301         5360
13:14:47                  300         5360
13:14:52                  300         5368
13:14:57                  300         5383
13:15:02                  299         5393
13:15:07                  299         5405
13:15:12                  298         5405
13:15:17                  298         5415
13:15:22                  298         5429
13:15:27                  298         5429
13:15:32                  297         5429
13:15:37                  297         5439
13:15:42                  297         5443
13:15:47                  297         5451
13:15:52                  296         5451
13:15:57                  296         5453
13:16:02                  296         5457
13:16:07                  296         5457
13:16:12                  296         5458
13:16:17                  295         5458
13:16:22                  295         5458
13:16:27                  295         5458
13:16:32                  295         5458
13:16:37                  295         5458
13:16:42                  295         5458
13:16:47                  295         5458
13:16:52                  295         5458
13:16:57                  295         5458
13:17:02                  294         5458
13:17:07                  294         5466
13:17:12                  294         5492
13:17:17                  294         5492
13:17:22                  294         5492
13:17:27                  294         5504
13:17:32                  294         5504
13:17:37                  294         5504
13:17:42                  293         5504
13:17:47                  293         5514
13:17:52                  293         5514
13:17:57                  294         5514
13:18:02                  293         5514
13:18:07                  293         5514
13:18:12                  293         5516
13:18:18                  293         5516
13:18:23                  293         5516
13:18:28                  293         5516
13:18:33                  293         5528
13:18:38                  295         5533
13:18:43                  296         5685
13:18:48                  297         6099
13:18:53                  297         6148
13:18:58                  297         6553
13:19:03                  296         6718
13:19:08                  296         6802
13:19:13                  296         6857
13:19:18                  296         6857
13:19:23                  296         6890
13:19:28                  295         6890
13:19:33                  295         6902
13:19:38                  295         6950
13:19:43                  295         6950
13:19:48                  295         6972
13:19:53                  294         6972
13:19:58                  294         6980
13:20:03                  294         7002
13:20:08                  294         7002
13:20:13                  294         7008
13:20:18                  293         7008
13:20:23                  293         7016
13:20:28                  293         7033
13:20:33                  293         7033
13:20:38                  293         7049
13:20:43                  292         7049
13:20:48                  292         7051
13:20:53                  292         7055
13:20:58                  292         7055
13:21:03                  292         7055
13:21:08                  291         7055
13:21:13                  292         7071
13:21:18                  292         7071
13:21:23                  291         7071
13:21:28                  291         7095
13:21:33                  291         7095
13:21:38                  291         7095
13:21:43                  291         7103
13:21:48                  290         7103
13:21:53                  290         7103
13:21:58                  290         7103
13:22:03                  290         7103
13:22:08                  290         7103
13:22:14                  290         7103
13:22:19                  290         7111
13:22:24                  289         7111
13:22:29                  289         7111
13:22:34                  289         7111
13:22:39                  289         7121
13:22:44                  289         7137
13:22:49                  289         7137
13:22:54                  289         7137
13:22:59                  288         7137
13:23:04                  288         7138
13:23:09                  288         7144
13:23:14                  288         7144
13:23:19                  288         7144
13:23:24                  288         7144
13:23:29                  288         7164
13:23:34                  288         7164
13:23:39                  287         7164
13:23:44                  287         7186
13:23:49                  287         7186
13:23:54                  288         7187
13:23:59                  289         7195
13:24:04                  290         7528
13:24:09                  290         7540
13:24:14                  290         8048
13:24:19                  289         8048
13:24:24                  289         8333
13:24:29                  289         8333
13:24:34                  289         8360
13:24:39                  289         8368
13:24:44                  288         8368
13:24:49                  289         8388
13:24:54                  288         8388
13:24:59                  288         8392
13:25:04                  288         8392
13:25:09                  288         8445
13:25:14                  288         8445
13:25:19                  288         8458
13:25:24                  287         8458
13:25:29                  288         8495
13:25:34                  287         8495
13:25:39                  287         8499
13:25:44                  287         8499
13:25:49                  287         8541
13:25:54                  287         8541
13:25:59                  287         8541
13:26:05                  287         8541
13:26:10                  287         8543
13:26:15                  286         8543
13:26:20                  287         8591
13:26:25                  286         8591
13:26:30                  286         8591
13:26:35                  286         8591
13:26:40                  286         8603
13:26:45                  286         8603
13:26:50                  286         8603
13:26:55                  286         8603
13:27:00                  286         8603
13:27:05                  285         8603
13:27:10                  285         8603
13:27:15                  285         8607
13:27:20                  285         8607
13:27:25                  285         8611
13:27:30                  285         8611
13:27:35                  285         8628
13:27:40                  285         8628
13:27:45                  285         8628
13:27:50                  284         8628
13:27:55                  285         8636
13:28:00                  284         8636
13:28:05                  284         8660
13:28:10                  284         8660
13:28:15                  284         8684
13:28:20                  284         8684
13:28:25                  284         8690
13:28:30                  284         8690
13:28:35                  284         8696
13:28:40                  283         8696
13:28:45                  284         8696
13:28:50                  283         8696
13:28:55                  284         8714
13:29:00                  283         8714
13:29:05                  283         8730
13:29:10                  284         8730
13:29:15                  284         8738
13:29:20                  285         8739
13:29:25                  285         9127
13:29:30                  285         9128
13:29:35                  285         9720
13:29:40                  285         9720
13:29:45                  284         9891
13:29:50                  285         9942
13:29:55                  284         9942
13:30:01                  285         9959
13:30:06                  284         9959
13:30:11                  285        10004
13:30:16                  284        10004
13:30:21                  284        10004
13:30:26                  284        10020
13:30:31                  284        10020
13:30:36                  284        10030
13:30:41                  284        10030
13:30:46                  284        10030
13:30:51                  284        10060
13:30:56                  284        10060
13:31:01                  284        10088
13:31:06                  284        10088
13:31:11                  283        10088
13:31:16                  284        10094
13:31:21                  283        10094
13:31:26                  284        10146
13:31:31                  283        10146
13:31:36                  283        10146
13:31:41                  283        10154
13:31:46                  283        10154
13:31:51                  283        10174
13:31:56                  283        10174
13:32:01                  283        10174
13:32:06                  283        10182
13:32:11                  283        10182
13:32:16                  283        10182
13:32:21                  283        10192
13:32:26                  283        10192
13:32:31                  283        10192
13:32:36                  283        10192
13:32:41                  282        10192
13:32:46                  283        10192
13:32:51                  282        10192
13:32:56                  283        10218
13:33:01                  282        10218
13:33:06                  282        10218
13:33:11                  282        10222
13:33:16                  282        10222
13:33:21                  282        10246
13:33:26                  282        10246
13:33:31                  282        10246
13:33:36                  282        10264
13:33:42                  282        10264
13:33:47                  282        10274
13:33:52                  282        10274
13:33:57                  282        10274
13:34:02                  282        10274
13:34:07                  282        10274
13:34:12                  282        10280
13:34:17                  282        10280
13:34:22                  281        10280
13:34:27                  282        10281
13:34:32                  282        10287
13:34:37                  283        10293
13:34:42                  283        10293
13:34:47                  283        10900
13:34:52                  283        10900
13:34:57                  283        10960
13:35:02                  283        11442
13:35:07                  283        11442
13:35:12                  282        11447
13:35:17                  283        11536
13:35:22                  282        11536
13:35:27                  282        11536
13:35:32                  282        11546
13:35:37                  282        11546
13:35:42                  282        11546
13:35:47                  282        11574
13:35:52                  282        11574
13:35:57                  282        11574
13:36:02                  282        11613
13:36:07                  282        11613
13:36:12                  281        11617
13:36:17                  282        11623
13:36:22                  281        11623
13:36:27                  282        11628
13:36:32                  281        11628
13:36:37                  281        11628
13:36:42                  281        11686
13:36:47                  281        11686
13:36:52                  281        11686
13:36:57                  281        11720
13:37:02                  281        11720
13:37:07                  281        11720
13:37:12                  281        11754
13:37:17                  281        11754
13:37:22                  280        11754
13:37:27                  281        11796
13:37:32                  280        11796
13:37:38                  280        11796
13:37:43                  280        11846
13:37:48                  280        11846
13:37:53                  280        11846
13:37:58                  280        11866
13:38:03                  280        11866
13:38:08                  280        11866
13:38:13                  280        11900
13:38:18                  280        11900
13:38:23                  279        11900
13:38:28                  280        11924
13:38:33                  279        11924
13:38:38                  279        11924
13:38:43                  279        11953
13:38:48                  279        11953
13:38:53                  279        11953
13:38:58                  279        11953
13:39:03                  279        11953
13:39:08                  279        11953
13:39:13                  279        11969
13:39:18                  279        11969
13:39:23                  279        11969
13:39:28                  279        11969
13:39:33                  279        11969
13:39:38                  278        11969
13:39:43                  279        11969
13:39:48                  279        11969
13:39:53                  280        11986
13:39:58                  280        11986
13:40:03                  280        11986
13:40:08                  280        12604
13:40:13                  280        12604
13:40:18                  280        12605
13:40:23                  280        13075
13:40:28                  280        13075
13:40:33                  279        13075
13:40:38                  279        13083
13:40:43                  279        13160
13:40:48                  279        13160
13:40:53                  279        13160
13:40:58                  279        13172
13:41:03                  279        13172
13:41:08                  279        13172
13:41:13                  279        13176
13:41:18                  279        13176
13:41:23                  279        13202
13:41:28                  282        13315
13:41:33                  285        12079
13:41:39                  287        11178
13:41:44                  290        10340
13:41:49                  293         9611
13:41:54                  296         9006
13:41:59                  298         8178
13:42:04                  301         7246
13:42:09                  304         6375
13:42:14                  306         5723
13:42:19                  309         5435
13:42:24                  312         5459
13:42:29                  314         5429
13:42:34                  317         5420
13:42:39                  319         5427
13:42:44                  322         5447
13:42:49                  324         5394
13:42:54                  327         5415
13:42:59                  329         5394
13:43:04                  332         5404
13:43:09                  334         5409
13:43:14                  336         5418
13:43:19                  339         5408
13:43:24                  341         5396
13:43:29                  344         5407
13:43:34                  346         5408
13:43:39                  348         5386
13:43:44                  351         5399
13:43:49                  353         5362
13:43:54                  355         5382
13:43:59                  358         5398
13:44:04                  360         5381
13:44:09                  362         5342
13:44:14                  364         5370
13:44:19                  367         5289
13:44:24                  369         5335
13:44:29                  371         5351
13:44:34                  374         5351
13:44:39                  376         5358
13:44:44                  378         5358
13:44:49                  380         5356
13:44:54                  382         5356
13:45:00                  385         5332
13:45:05                  387         5256
13:45:10                  390         5148
13:45:15                  392         5220
13:45:20                  394         5038
13:45:25                  397         5066
13:45:30                  399         5074
13:45:35                  401         5074
13:45:40                  403         5050
13:45:45                  405         5050
13:45:50                  407         5040
13:45:55                  409         5042
13:46:00                  411         5050
13:46:05                  413         5050
13:46:10                  415         5012
13:46:15                  417         5012
13:46:20                  419         5012
13:46:25                  421         5012
13:46:30                  423         5012
13:46:35                  425         5012
13:46:40                  427         5012
13:46:45                  429         5012
13:46:50                  431         5012
13:46:55                  433         5012
13:47:00                  435         5012
13:47:05                  437         5012
13:47:10                  439         4935
13:47:15                  441         4922
13:47:20                  443         4924
13:47:25                  445         4924
13:47:30                  447         4924
13:47:35                  448         4924
13:47:40                  450         4924
13:47:45                  452         4926
13:47:50                  454         4926
13:47:55                  456         4926
13:48:00                  458         4926
13:48:05                  460         4926
13:48:11                  461         4926
13:48:16                  463         4926
13:48:21                  465         4926
13:48:26                  467         4926
13:48:31                  468         4926
13:48:36                  470         4926
13:48:41                  472         4926
13:48:46                  474         4926
13:48:51                  476         4926
13:48:56                  477         4926
13:49:01                  479         4926
13:49:06                  481         4910
13:49:11                  482         4878
13:49:16                  484         4903
13:49:21                  486         4903
13:49:26                  487         4903
13:49:31                  489         4905
13:49:36                  491         4911
13:49:41                  492         4911
13:49:46                  494         4911
13:49:51                  496         4911
13:49:56                  497         4911
13:50:01                  499         4911
13:50:06                  500         4911
13:50:11                  502         4911
13:50:16                  504         4911
13:50:21                  506         4911
13:50:26                  507         4911
13:50:31                  509         4911
13:50:36                  511         4911
13:50:41                  512         4911
13:50:46                  514         4911
13:50:51                  515         4911
13:50:56                  517         4911
13:51:01                  518         4911
13:51:06                  520         4911
13:51:11                  521         4911
13:51:17                  523         4911
13:51:22                  524         4911
13:51:27                  526         4911
13:51:32                  527         4911
13:51:37                  529         4911
13:51:42                  530         4911
13:51:47                  532         4911
13:51:52                  533         4911
13:51:57                  535         4911
13:52:02                  536         4911
13:52:07                  537         4911
13:52:12                  539         4911
13:52:17                  540         4911
13:52:22                  542         4911
13:52:27                  543         4911
13:52:32                  544         4911
13:52:37                  546         4911
13:52:42                  547         4911
13:52:47                  549         4911
13:52:52                  550         4911
13:52:57                  551         4911
13:53:02                  553         4911
13:53:07                  554         4911
13:53:12                  555         4911
13:53:17                  557         4911
13:53:22                  558         4911
13:53:27                  559         4911
13:53:32                  561         4912
13:53:37                  562         4912
13:53:42                  563         4912
13:53:47                  565         4913
13:53:52                  566         4913
13:53:57                  567         4913
13:54:02                  568         4913
13:54:07                  570         4913
13:54:12                  571         4913
13:54:17                  572         4913
13:54:22                  574         4913
13:54:27                  575         4913
13:54:32                  576         4913
13:54:37                  577         4913
13:54:43                  579         4916
13:54:48                  580         4916
13:54:53                  581         4916
13:54:58                  582         4916
13:55:03                  584         4916
13:55:08                  585         4916
13:55:13                  586         4916
13:55:18                  587         4916
13:55:23                  588         4959
13:55:28                  590         4959
13:55:33                  591         4959
13:55:38                  592         4959
13:55:43                  594         4960
13:55:48                  595         4960
13:55:53                  596         4960
13:55:58                  597         4960
13:56:03                  599         4960
13:56:08                  600         4960
13:56:13                  601         4960
13:56:18                  602         4960
13:56:23                  603         4960
13:56:28                  604         4960
13:56:33                  605         4960
13:56:38                  606         4960
13:56:43                  608         4960
13:56:48                  609         4960
13:56:53                  610         4960
13:56:58                  611         4960
13:57:03                  612         4960
13:57:08                  613         4960
13:57:13                  614         4960
13:57:18                  615         4960
13:57:23                  616         4960
13:57:28                  617         4960
13:57:33                  618         4960
13:57:38                  619         4960
13:57:43                  620         4960
13:57:48                  621         4960
13:57:54                  622         4960
