# timestamp=sample time  heapMiB=HeapInuse(live)  heapSysMiB=HeapSys(from OS)  stackMiB/stackSysMiB=goroutine stacks  sysMiB=Sys(total from OS)  numGoroutine=live goroutines
timestamp               heapMiB heapSysMiB   stackMiB stackSysMiB     sysMiB numGoroutine
13:07:55                    9.8       18.6        1.4        1.4       28.6       75
0
13:08:00                  508.3      575.5       80.5       80.5      686.2    37055
0
13:08:05                 1044.0     1054.2      157.8      157.8     1257.6    79337
0
13:08:11                 1710.2     1723.7      172.3      172.3     1961.6    44213
0
13:08:16                 1763.5     2143.8       48.2       48.2     2268.3      196
0
13:08:21                 2365.8     2870.5       25.5       25.5     2980.4      181
0
13:08:26                 2280.9     3293.4       14.6       14.6     3393.2      182
0
13:08:31                 2603.8     3293.4       14.6       14.6     3393.1      210
0
13:08:36                 2947.4     3293.8       14.2       14.2     3393.1      180
0
13:08:41                 2956.9     3294.0       14.0       14.0     3393.1      180
0
13:08:46                 2968.7     3294.2       13.8       13.8     3393.4      180
0
13:08:51                 2980.6     3294.1       13.9       13.9     3393.4      180
0
13:08:56                 2992.1     3294.1       13.9       13.9     3393.6      180
0
13:09:01                 3003.9     3294.1       13.9       13.9     3393.9      180
0
13:09:06                 3015.3     3294.1       13.9       13.9     3394.1      180
0
13:09:11                 3026.6     3294.2       13.8       13.8     3394.1      180
0
13:09:16                 3038.0     3294.1       13.9       13.9     3394.4      180
0
13:09:21                 3048.8     3294.1       13.9       13.9     3394.4      180
0
13:09:27                 3059.9     3294.0       14.0       14.0     3394.6      178
0
13:09:32                 3071.2     3294.0       14.0       14.0     3394.6      178
0
13:09:37                 3082.1     3294.0       14.0       14.0     3394.6      178
0
13:09:42                 3093.2     3294.0       14.0       14.0     3395.4      178
0
13:09:47                 3104.0     3294.0       14.0       14.0     3395.4      178
0
13:09:52                 3115.8     3294.8       13.2       13.2     3395.6       79
0
13:09:57                 3125.8     3294.8       13.2       13.2     3395.6       79
0
13:10:02                 3137.0     3294.8       13.2       13.2     3395.6       78
0
13:10:07                 3147.5     3294.8       13.2       13.2     3395.9       78
0
13:10:12                 3158.1     3294.8       13.2       13.2     3396.1       78
0
13:10:17                 3168.9     3294.8       13.2       13.2     3396.4       78
0
13:10:22                 3179.8     3294.8       13.2       13.2     3396.4       78
0
13:10:27                 1767.0     3295.1       12.9       12.9     3396.4       78
0
13:10:32                 1775.9     3295.1       12.9       12.9     3396.4       78
0
13:10:37                 1784.6     3295.1       12.9       12.9     3396.4       78
0
13:10:42                 1794.8     3295.1       12.9       12.9     3396.4       78
0
13:10:48                 1804.2     3295.1       12.9       12.9     3396.4       78
0
13:10:53                 1813.5     3295.1       12.9       12.9     3396.4       78
0
13:10:58                 1823.0     3295.1       12.9       12.9     3396.4       78
0
13:11:03                 1832.8     3295.1       12.9       12.9     3396.4       78
0
13:11:08                 1842.3     3295.1       12.9       12.9     3396.4       78
0
13:11:13                 1851.9     3295.1       12.9       12.9     3396.4       78
0
13:11:18                 1861.6     3295.2       12.8       12.8     3396.4       78
0
13:11:23                 1871.0     3295.2       12.8       12.8     3396.4       78
0
13:11:28                 1881.0     3295.2       12.8       12.8     3396.4       79
0
13:11:33                 1890.3     3295.2       12.8       12.8     3396.4       78
0
13:11:38                 1899.2     3295.2       12.8       12.8     3396.4       78
0
13:11:43                 1909.5     3295.2       12.8       12.8     3396.4       78
0
13:11:48                 1918.8     3295.2       12.8       12.8     3396.4       78
0
13:11:53                 1928.1     3295.2       12.8       12.8     3396.4       78
0
13:11:58                 1937.7     3295.2       12.8       12.8     3396.4       78
0
13:12:03                 1947.2     3295.2       12.8       12.8     3396.4       78
0
13:12:09                 1956.0     3295.2       12.8       12.8     3396.4       78
0
13:12:14                 1965.7     3295.2       12.8       12.8     3396.4       78
0
13:12:19                 1974.9     3295.2       12.8       12.8     3396.7       78
0
13:12:24                 1983.9     3295.2       12.8       12.8     3396.7       78
0
13:12:29                 1767.7     3295.3       12.7       12.7     3396.8       78
0
13:12:34                 1775.8     3295.3       12.7       12.7     3396.8       78
0
13:12:39                 1784.2     3295.3       12.7       12.7     3396.8       78
0
13:12:44                 1793.5     3295.3       12.7       12.7     3396.8       78
0
13:12:49                 1802.4     3295.3       12.7       12.7     3396.8       78
0
13:12:54                 1811.3     3295.3       12.7       12.7     3396.8       78
0
13:12:59                 1820.6     3295.3       12.7       12.7     3396.8       78
0
13:13:04                 1829.4     3295.3       12.7       12.7     3396.8       78
0
13:13:09                 1838.5     3295.3       12.7       12.7     3396.8       78
0
13:13:14                 2251.2     3295.3       12.7       12.7     3396.8       78
0
13:13:19                 2948.2     3295.3       12.7       12.7     3403.5       78
0
13:13:24                 2148.0     3295.3       12.7       12.7     3409.0       78
0
13:13:30                 2484.7     3295.3       12.7       12.7     3409.0       78
0
13:13:35                 2561.3     3295.3       12.7       12.7     3409.0       78
0
13:13:40                 2570.5     3295.3       12.7       12.7     3409.0       78
0
13:13:45                 2579.7     3295.3       12.7       12.7     3409.0       78
0
13:13:50                 2588.9     3295.3       12.7       12.7     3409.0       78
0
13:13:55                 2598.8     3295.3       12.7       12.7     3409.0       78
0
13:14:00                 2608.1     3295.3       12.7       12.7     3409.0       78
0
13:14:05                 2617.4     3295.3       12.7       12.7     3409.0       78
0
13:14:10                 2627.3     3295.3       12.7       12.7     3409.0       78
0
13:14:15                 2636.7     3295.3       12.7       12.7     3409.0       78
0
13:14:20                 2646.4     3295.3       12.7       12.7     3409.0       78
0
13:14:25                 2656.2     3295.3       12.7       12.7     3409.0       78
0
13:14:30                 2665.8     3295.3       12.7       12.7     3409.0       78
0
13:14:35                 2675.1     3295.4       12.6       12.6     3409.0       78
0
13:14:40                 2685.0     3295.4       12.6       12.6     3409.0       78
0
13:14:46                 2694.8     3295.4       12.6       12.6     3409.0       78
0
13:14:51                 2704.2     3295.4       12.6       12.6     3409.0         78
13:14:56                 2714.0     3295.4       12.6       12.6     3409.0       78
0
13:15:01                 2723.6     3295.4       12.6       12.6     3409.0       78
0
13:15:06                 2733.2     3295.4       12.6       12.6     3409.0       78
0
13:15:11                 2742.5     3295.4       12.6       12.6     3409.0       78
0
13:15:16                 2752.2     3295.4       12.6       12.6     3409.1       78
0
13:15:21                 2762.3     3295.4       12.6       12.6     3409.1       78
0
13:15:26                 1660.2     3295.4       12.6       12.6     3409.1       78
0
13:15:31                 1668.0     3295.4       12.6       12.6     3409.1       78
0
13:15:36                 1676.3     3295.4       12.6       12.6     3409.1       78
0
13:15:41                 1684.6     3295.4       12.6       12.6     3409.1       78
0
13:15:46                 1693.2     3295.4       12.6       12.6     3409.1       78
0
13:15:51                 1702.2     3295.4       12.6       12.6     3409.1       78
0
13:15:56                 1710.7     3295.4       12.6       12.6     3409.1       78
0
13:16:02                 1719.5     3295.4       12.6       12.6     3409.2       78
0
13:16:07                 1728.0     3295.4       12.6       12.6     3409.2       78
0
13:16:12                 1736.6     3295.4       12.6       12.6     3409.2       78
0
13:16:17                 1745.3     3295.4       12.6       12.6     3409.2       78
0
13:16:22                 1754.1     3295.4       12.6       12.6     3409.2       78
0
13:16:27                 1762.6     3295.4       12.6       12.6     3409.2       78
0
13:16:32                 1771.0     3295.4       12.6       12.6     3409.2       78
0
13:16:37                 1780.0     3295.4       12.6       12.6     3409.2       78
0
13:16:42                 1788.4     3295.4       12.6       12.6     3409.3       78
0
13:16:47                 1797.1     3295.4       12.6       12.6     3409.3       78
0
13:16:52                 1805.8     3295.4       12.6       12.6     3409.3       78
0
13:16:57                 1814.1     3295.4       12.6       12.6     3409.4       78
0
13:17:02                 1823.2     3295.4       12.6       12.6     3409.4       78
0
13:17:07                 1831.8     3295.4       12.6       12.6     3409.4       78
0
13:17:13                 1840.2     3295.4       12.6       12.6     3409.4       78
0
13:17:18                 1848.5     3295.4       12.6       12.6     3409.4       78
0
13:17:23                 1857.3     3295.4       12.6       12.6     3409.4       78
0
13:17:28                 1661.9     3295.5       12.5       12.5     3409.5       78
0
13:17:33                 1669.6     3295.5       12.5       12.5     3409.5       78
0
13:17:38                 1677.5     3295.5       12.5       12.5     3409.5       78
0
13:17:43                 1686.4     3295.5       12.5       12.5     3409.5       78
0
13:17:48                 1694.3     3295.5       12.5       12.5     3409.5       78
0
13:17:53                 1703.1     3295.5       12.5       12.5     3409.5       78
0
13:17:58                 1712.1     3295.5       12.5       12.5     3409.5       78
0
13:18:03                 1720.4     3295.5       12.5       12.5     3409.5       78
0
13:18:08                 1729.0     3295.5       12.5       12.5     3409.5       78
0
13:18:13                 1737.2     3295.5       12.5       12.5     3409.5       78
0
13:18:19                 1745.7     3295.5       12.5       12.5     3409.5       78
0
13:18:24                 1754.3     3295.5       12.5       12.5     3409.5       78
0
13:18:29                 1762.9     3295.5       12.5       12.5     3409.5       78
0
13:18:34                 2711.3     3295.5       12.5       12.5     3409.5       78
0
13:18:39                 1996.1     3295.5       12.5       12.5     3409.5       78
0
13:18:44                 2316.4     3295.5       12.5       12.5     3409.5       78
0
13:18:49                 2573.1     3295.5       12.5       12.5     3409.5       80
0
13:18:54                 2581.4     3295.6       12.4       12.4     3409.5       78
0
13:18:59                 2590.6     3295.6       12.4       12.4     3409.5       78
0
13:19:04                 2599.2     3295.6       12.4       12.4     3409.5       78
0
13:19:09                 2607.7     3295.6       12.4       12.4     3409.5       78
0
13:19:14                 2616.7     3295.6       12.4       12.4     3409.5       78
0
13:19:19                 2626.0     3295.6       12.4       12.4     3409.5       78
0
13:19:24                 2634.8     3295.6       12.4       12.4     3409.5       78
0
13:19:29                 2644.8     3295.6       12.4       12.4     3409.5       78
0
13:19:35                 2653.7     3295.6       12.4       12.4     3409.5       78
0
13:19:40                 2662.8     3295.6       12.4       12.4     3409.5       78
0
13:19:45                 2672.1     3295.6       12.4       12.4     3409.5       78
0
13:19:50                 2681.4     3295.6       12.4       12.4     3409.5       78
0
13:19:55                 2690.3     3295.6       12.4       12.4     3409.5       78
0
13:20:00                 2699.9     3295.6       12.4       12.4     3409.5       78
0
13:20:05                 2708.9     3295.6       12.4       12.4     3409.5       78
0
13:20:10                 2717.9     3295.6       12.4       12.4     3409.5       78
0
13:20:15                 2727.2     3295.6       12.4       12.4     3409.5       78
0
13:20:20                 2736.2     3295.6       12.4       12.4     3409.5       78
0
13:20:25                 2746.1     3295.6       12.4       12.4     3409.5       78
0
13:20:30                 2754.8     3295.6       12.4       12.4     3409.5       78
0
13:20:35                 2764.1     3295.6       12.4       12.4     3409.5       78
0
13:20:40                 1666.8     3295.6       12.4       12.4     3409.6       78
0
13:20:45                 1674.9     3295.6       12.4       12.4     3409.6       78
0
13:20:51                 1682.3     3295.6       12.4       12.4     3409.6       78
0
13:20:56                 1690.1     3295.6       12.4       12.4     3409.6       78
0
13:21:01                 1698.2     3295.6       12.4       12.4     3409.6       78
0
13:21:06                 1711.5     3295.6       12.4       12.4     3409.6       78
0
13:21:11                 1720.8     3295.6       12.4       12.4     3409.6       78
0
13:21:16                 1728.8     3295.6       12.4       12.4     3409.6       78
0
13:21:21                 1737.2     3295.6       12.4       12.4     3409.6       78
0
13:21:26                 1745.6     3295.6       12.4       12.4     3409.6       78
0
13:21:31                 1753.7     3295.6       12.4       12.4     3409.6       78
0
13:21:36                 1762.2     3295.6       12.4       12.4     3409.6       78
0
13:21:41                 1770.8     3295.6       12.4       12.4     3409.6       78
0
13:21:46                 1779.0     3295.6       12.4       12.4     3409.6       78
0
13:21:51                 1787.3     3295.6       12.4       12.4     3409.6       78
0
13:21:57                 1795.7     3295.6       12.4       12.4     3409.6       78
0
13:22:02                 1804.3     3295.6       12.4       12.4     3409.6       78
0
13:22:07                 1812.3     3295.6       12.4       12.4     3409.6       78
0
13:22:12                 1821.2     3295.6       12.4       12.4     3409.6       78
0
13:22:17                 1829.3     3295.6       12.4       12.4     3409.6         78
13:22:22                 1837.7     3295.6       12.4       12.4     3409.6       78
0
13:22:27                 1846.3     3295.6       12.4       12.4     3409.6       78
0
13:22:32                 1854.7     3295.6       12.4       12.4     3409.6       78
0
13:22:37                 1862.6     3295.6       12.4       12.4     3409.6       78
0
13:22:42                 1673.4     3295.7       12.3       12.3     3409.6       78
0
13:22:47                 1681.3     3295.7       12.3       12.3     3409.6       78
0
13:22:52                 1688.8     3295.7       12.3       12.3     3409.6       78
0
13:22:57                 1697.3     3295.7       12.3       12.3     3409.6       78
0
13:23:03                 1705.2     3295.7       12.3       12.3     3409.6       78
0
13:23:08                 1713.5     3295.8       12.2       12.2     3409.6         78
13:23:13                 1721.6     3295.8       12.2       12.2     3409.6       78
0
13:23:18                 1730.2     3295.8       12.2       12.2     3409.6       78
0
13:23:23                 1738.3     3295.8       12.2       12.2     3409.6       78
0
13:23:28                 1746.5     3295.8       12.2       12.2     3409.6       78
0
13:23:33                 1755.1     3295.8       12.2       12.2     3409.6       78
0
13:23:38                 1763.2     3295.8       12.2       12.2     3409.6       78
0
13:23:43                 1771.7     3295.8       12.2       12.2     3409.6       78
0
13:23:48                 2239.7     3295.8       12.2       12.2     3409.6       78
0
13:23:53                 2893.4     3295.8       12.2       12.2     3409.6       78
0
13:23:58                 2191.8     3295.9       12.1       12.1     3409.6       78
0
13:24:03                 2547.9     3295.9       12.1       12.1     3409.6       78
0
13:24:08                 2601.7     3295.9       12.1       12.1     3409.6       78
0
13:24:14                 2610.4     3295.9       12.1       12.1     3409.6       78
0
13:24:19                 2619.0     3295.9       12.1       12.1     3409.6       78
0
13:24:24                 2627.3     3295.9       12.1       12.1     3409.6       78
0
13:24:29                 2635.9     3295.9       12.1       12.1     3409.6       78
0
13:24:34                 2644.6     3295.9       12.1       12.1     3409.6       78
0
13:24:39                 2652.7     3295.9       12.1       12.1     3409.6       78
0
13:24:44                 2661.7     3295.9       12.1       12.1     3409.6       78
0
13:24:49                 2670.6     3295.9       12.1       12.1     3409.6       78
0
13:24:54                 2679.8     3295.9       12.1       12.1     3409.6       78
0
13:24:59                 2688.7     3295.9       12.1       12.1     3409.6       78
0
13:25:04                 2698.1     3295.9       12.1       12.1     3409.6       78
0
13:25:09                 2706.8     3295.9       12.1       12.1     3409.6       78
0
13:25:14                 2716.0     3295.9       12.1       12.1     3409.6       78
0
13:25:19                 2724.7     3295.9       12.1       12.1     3409.6       78
0
13:25:25                 2734.3     3295.9       12.1       12.1     3409.6       78
0
13:25:30                 2743.0     3295.9       12.1       12.1     3409.6         78
13:25:35                 2752.3     3295.9       12.1       12.1     3409.6       78
0
13:25:40                 2761.1     3295.9       12.1       12.1     3409.6       78
0
13:25:45                 2770.1     3295.9       12.1       12.1     3409.6       78
0
13:25:50                 2778.9     3295.9       12.1       12.1     3409.6       78
0
13:25:55                 2788.3     3295.9       12.1       12.1     3409.6       78
0
13:26:00                 1683.2     3295.9       12.1       12.1     3409.6       78
0
13:26:05                 1690.4     3295.9       12.1       12.1     3409.6       78
0
13:26:10                 1698.1     3295.9       12.1       12.1     3409.6       78
0
13:26:15                 1706.1     3295.9       12.1       12.1     3409.6       78
0
13:26:20                 1714.5     3295.9       12.1       12.1     3409.6       78
0
13:26:25                 1722.3     3295.9       12.1       12.1     3409.6       78
0
13:26:30                 1730.5     3295.9       12.1       12.1     3409.6       78
0
13:26:36                 1738.8     3295.9       12.1       12.1     3409.6       78
0
13:26:41                 1747.4     3295.9       12.1       12.1     3409.6       78
0
13:26:46                 1755.6     3295.9       12.1       12.1     3409.6       78
0
13:26:51                 1763.7     3295.9       12.1       12.1     3409.6         78
13:26:56                 1772.3     3295.9       12.1       12.1     3409.6       78
0
13:27:01                 1780.2     3295.9       12.1       12.1     3409.6       78
0
13:27:06                 1788.8     3295.9       12.1       12.1     3409.6       78
0
13:27:11                 1797.3     3295.9       12.1       12.1     3409.6       78
0
13:27:16                 1805.1     3295.9       12.1       12.1     3409.6       78
0
13:27:21                 1813.5     3295.9       12.1       12.1     3409.6       78
0
13:27:26                 1822.2     3295.9       12.1       12.1     3409.6       78
0
13:27:31                 1830.2     3295.9       12.1       12.1     3409.6       78
0
13:27:36                 1838.5     3295.9       12.1       12.1     3409.6       78
0
13:27:41                 1846.9     3295.9       12.1       12.1     3409.6       78
0
13:27:47                 1854.8     3295.9       12.1       12.1     3409.6       78
0
13:27:52                 1863.1     3295.9       12.1       12.1     3409.6       78
0
13:27:57                 1677.9     3295.9       12.1       12.1     3409.7       78
0
13:28:02                 1685.6     3295.9       12.1       12.1     3409.7       78
0
13:28:07                 1693.0     3295.9       12.1       12.1     3409.7       78
0
13:28:12                 1701.3     3295.9       12.1       12.1     3409.7       78
0
13:28:17                 1708.9     3295.9       12.1       12.1     3409.7       78
0
13:28:22                 1717.0     3295.9       12.1       12.1     3409.7       78
0
13:28:27                 1725.6     3295.9       12.1       12.1     3409.7       78
0
13:28:32                 1733.7     3295.9       12.1       12.1     3409.7       78
0
13:28:37                 1741.9     3295.9       12.1       12.1     3409.7       78
0
13:28:42                 1750.7     3295.9       12.1       12.1     3409.7       78
0
13:28:47                 1758.5     3295.9       12.1       12.1     3409.7       78
0
13:28:52                 1766.9     3295.9       12.1       12.1     3409.7       78
0
13:28:58                 1775.4     3295.9       12.1       12.1     3409.7       78
0
13:29:03                 1783.6     3295.9       12.1       12.1     3409.7       78
0
13:29:08                 2729.7     3295.9       12.1       12.1     3409.7       78
0
13:29:13                 2067.3     3296.0       12.0       12.0     3409.7       78
0
13:29:18                 2376.9     3296.0       12.0       12.0     3409.7       78
0
13:29:23                 2603.3     3296.0       12.0       12.0     3409.7       78
0
13:29:28                 2611.8     3296.0       12.0       12.0     3409.7       78
0
13:29:33                 2619.8     3296.0       12.0       12.0     3409.7       78
0
13:29:38                 2628.5     3296.0       12.0       12.0     3409.7       78
0
13:29:43                 2636.7     3296.0       12.0       12.0     3409.7       78
0
13:29:48                 2644.8     3296.0       12.0       12.0     3409.7       78
0
13:29:53                 2653.5     3296.0       12.0       12.0     3409.7       78
0
13:29:58                 2662.1     3296.0       12.0       12.0     3409.7       78
0
13:30:04                 2670.5     3296.0       12.0       12.0     3409.7       78
0
13:30:09                 2679.6     3296.0       12.0       12.0     3409.7       78
0
13:30:14                 2688.7     3296.0       12.0       12.0     3409.7       78
0
13:30:19                 2697.4     3296.0       12.0       12.0     3409.7       78
0
13:30:24                 2706.1     3296.0       12.0       12.0     3409.7       78
0
13:30:29                 2714.9     3296.0       12.0       12.0     3409.7       78
0
13:30:34                 2723.9     3296.0       12.0       12.0     3409.7       78
0
13:30:39                 2732.8     3296.0       12.0       12.0     3409.7       78
0
13:30:44                 2741.9     3296.0       12.0       12.0     3409.7       78
0
13:30:49                 2750.9     3296.0       12.0       12.0     3409.7       78
0
13:30:54                 2759.6     3296.0       12.0       12.0     3409.7       78
0
13:30:59                 2768.6     3296.0       12.0       12.0     3409.7       78
0
13:31:04                 2777.2     3296.0       12.0       12.0     3409.7         78
13:31:10                 2786.3     3296.0       12.0       12.0     3409.7       78
0
13:31:15                 1687.1     3296.0       12.0       12.0     3409.7       78
0
13:31:20                 1694.9     3296.0       12.0       12.0     3409.7       78
0
13:31:25                 1702.0     3296.0       12.0       12.0     3409.7       78
0
13:31:30                 1709.7     3296.0       12.0       12.0     3409.7       78
0
13:31:35                 1717.2     3296.0       12.0       12.0     3409.7       78
0
13:31:40                 1725.0     3296.0       12.0       12.0     3409.7       78
0
13:31:45                 1733.5     3296.0       12.0       12.0     3409.7       78
0
13:31:50                 1741.4     3296.0       12.0       12.0     3409.7       78
0
13:31:55                 1749.2     3296.0       12.0       12.0     3409.7       78
0
13:32:00                 1757.5     3296.0       12.0       12.0     3409.7       78
0
13:32:05                 1765.7     3296.0       12.0       12.0     3409.7       78
0
13:32:10                 1773.9     3296.0       12.0       12.0     3409.7       78
0
13:32:15                 1782.1     3296.0       12.0       12.0     3409.7       78
0
13:32:21                 1790.2     3296.0       12.0       12.0     3409.7       78
0
13:32:26                 1798.1     3296.0       12.0       12.0     3409.7       78
0
13:32:31                 1806.4     3296.0       12.0       12.0     3409.7       78
0
13:32:36                 1814.7     3296.0       12.0       12.0     3409.7       78
0
13:32:41                 1828.8     3296.0       12.0       12.0     3409.7       78
0
13:32:46                 1836.4     3296.0       12.0       12.0     3409.7       78
0
13:32:51                 1844.7     3296.0       12.0       12.0     3409.7       78
0
13:32:56                 1853.6     3296.1       11.9       11.9     3409.7       78
0
13:33:01                 1861.0     3296.1       11.9       11.9     3409.7       78
0
13:33:06                 1868.7     3296.1       11.9       11.9     3409.7       78
0
13:33:11                 1877.5     3296.1       11.9       11.9     3409.7       78
0
13:33:16                 1694.6     3296.1       11.9       11.9     3409.7       78
0
13:33:21                 1701.2     3296.1       11.9       11.9     3409.7       78
0
13:33:27                 1708.8     3296.1       11.9       11.9     3409.7       78
0
13:33:32                 1716.3     3296.1       11.9       11.9     3409.7       78
0
13:33:37                 1724.5     3296.1       11.9       11.9     3409.7       78
0
13:33:42                 1732.1     3296.1       11.9       11.9     3409.7       78
0
13:33:47                 1739.8     3296.1       11.9       11.9     3409.7       78
0
13:33:52                 1748.1     3296.1       11.9       11.9     3409.7       78
0
13:33:57                 1755.8     3296.1       11.9       11.9     3409.7       78
0
13:34:02                 1764.6     3296.1       11.9       11.9     3409.7       78
0
13:34:07                 1772.5     3296.1       11.9       11.9     3409.7       78
0
13:34:12                 1780.2     3296.1       11.9       11.9     3409.7       79
0
13:34:17                 1788.3     3296.1       11.9       11.9     3409.7       78
0
13:34:22                 2565.7     3296.1       11.9       11.9     3409.7       78
0
13:34:27                 2982.9     3296.1       11.9       11.9     3409.7       78
0
13:34:33                 2267.8     3296.1       11.9       11.9     3409.8       78
0
13:34:38                 2576.7     3296.1       11.9       11.9     3409.8       78
0
13:34:43                 2584.9     3296.1       11.9       11.9     3409.8       78
0
13:34:48                 2592.8     3296.1       11.9       11.9     3409.8       78
0
13:34:53                 2601.0     3296.1       11.9       11.9     3409.8       78
0
13:34:58                 2609.1     3296.1       11.9       11.9     3409.8       78
0
13:35:03                 2617.3     3296.1       11.9       11.9     3409.8       78
0
13:35:08                 2625.7     3296.1       11.9       11.9     3409.8       78
0
13:35:13                 2633.8     3296.1       11.9       11.9     3409.8       78
0
13:35:18                 2642.6     3296.1       11.9       11.9     3409.8       78
0
13:35:23                 2650.7     3296.1       11.9       11.9     3409.8       78
0
13:35:28                 2658.5     3296.1       11.9       11.9     3409.8       78
0
13:35:33                 2667.6     3296.1       11.9       11.9     3409.8       78
0
13:35:39                 2675.9     3296.1       11.9       11.9     3409.8       78
0
13:35:44                 2685.4     3296.1       11.9       11.9     3409.8       78
0
13:35:49                 2693.8     3296.1       11.9       11.9     3409.8       78
0
13:35:54                 2702.8     3296.1       11.9       11.9     3409.8       78
0
13:35:59                 2711.6     3296.1       11.9       11.9     3409.8       78
0
13:36:04                 2720.1     3296.1       11.9       11.9     3409.8       78
0
13:36:09                 2729.1     3296.1       11.9       11.9     3409.8       78
0
13:36:14                 2737.8     3296.1       11.9       11.9     3409.8       78
0
13:36:19                 2746.9     3296.1       11.9       11.9     3409.8       78
0
13:36:24                 2755.4     3296.1       11.9       11.9     3409.8       78
0
13:36:29                 1695.6     3296.1       11.9       11.9     3409.8       78
0
13:36:34                 1703.4     3296.1       11.9       11.9     3409.8       78
0
13:36:39                 1710.5     3296.1       11.9       11.9     3409.8       78
0
13:36:45                 1717.8     3296.1       11.9       11.9     3409.8       78
0
13:36:50                 1725.5     3296.1       11.9       11.9     3409.8       78
0
13:36:55                 1733.7     3296.1       11.9       11.9     3409.8       78
0
13:37:00                 1741.3     3296.1       11.9       11.9     3409.8       78
0
13:37:05                 1749.1     3296.1       11.9       11.9     3409.8       78
0
13:37:10                 1757.4     3296.1       11.9       11.9     3409.8       78
0
13:37:15                 1765.2     3296.1       11.9       11.9     3409.8       78
0
13:37:20                 1773.4     3296.1       11.9       11.9     3409.8       78
0
13:37:25                 1781.2     3296.1       11.9       11.9     3409.8       78
0
13:37:30                 1789.6     3296.1       11.9       11.9     3409.8       78
0
13:37:35                 1797.4     3296.1       11.9       11.9     3409.8       78
0
13:37:40                 1805.5     3296.1       11.9       11.9     3409.8       78
0
13:37:45                 1813.5     3296.1       11.9       11.9     3409.8       78
0
13:37:50                 1821.7     3296.1       11.9       11.9     3409.8       78
0
13:37:56                 1830.4     3296.2       11.8       11.8     3409.8       78
0
13:38:01                 1838.1     3296.2       11.8       11.8     3409.8       78
0
13:38:06                 1846.0     3296.2       11.8       11.8     3409.8       78
0
13:38:11                 1854.3     3296.2       11.8       11.8     3409.8       78
0
13:38:16                 1862.5     3296.2       11.8       11.8     3409.8       78
0
13:38:21                 1870.2     3296.2       11.8       11.8     3409.8       78
0
13:38:26                 1878.3     3296.2       11.8       11.8     3409.8       78
0
13:38:31                 1696.2     3296.2       11.8       11.8     3409.8       78
0
13:38:36                 1703.6     3296.2       11.8       11.8     3409.8       78
0
13:38:41                 1711.2     3296.2       11.8       11.8     3409.8       78
0
13:38:46                 1718.4     3296.2       11.8       11.8     3409.8       78
0
13:38:51                 1726.3     3296.2       11.8       11.8     3409.8       78
0
13:38:57                 1734.0     3296.2       11.8       11.8     3409.8       78
0
13:39:02                 1742.0     3296.2       11.8       11.8     3409.8       78
0
13:39:07                 1750.0     3296.2       11.8       11.8     3409.8       78
0
13:39:12                 1757.8     3296.2       11.8       11.8     3409.8       78
0
13:39:17                 1765.9     3296.2       11.8       11.8     3409.8       78
0
13:39:22                 1773.8     3296.2       11.8       11.8     3409.8       78
0
13:39:27                 1782.1     3296.2       11.8       11.8     3409.8       78
0
13:39:32                 1790.1     3296.2       11.8       11.8     3409.8       78
0
13:39:37                 1798.0     3296.2       11.8       11.8     3409.8       78
0
13:39:42                 2846.3     3296.2       11.8       11.8     3409.8       78
0
13:39:47                 2172.1     3296.2       11.8       11.8     3409.9       78
0
13:39:52                 2491.0     3296.2       11.8       11.8     3409.9       78
0
13:39:57                 2595.1     3296.2       11.8       11.8     3409.9       78
0
13:40:02                 2602.7     3296.2       11.8       11.8     3409.9       78
0
13:40:08                 2610.9     3296.2       11.8       11.8     3409.9       78
0
13:40:13                 2619.0     3296.2       11.8       11.8     3409.9       78
0
13:40:18                 2626.7     3296.2       11.8       11.8     3409.9       78
0
13:40:23                 2635.3     3296.2       11.8       11.8     3409.9         78
13:40:28                 2643.5     3296.2       11.8       11.8     3409.9       78
0
13:40:33                 2651.6     3296.2       11.8       11.8     3409.9       78
0
13:40:38                 2660.0     3296.2       11.8       11.8     3409.9       78
0
13:40:43                 2668.2     3296.2       11.8       11.8     3409.9       78
0
13:40:48                 2676.4     3296.2       11.8       11.8     3409.9       78
0
13:40:53                 2685.5     3296.2       11.8       11.8     3409.9       78
0
13:40:58                 2694.0     3296.2       11.8       11.8     3409.9       78
0
13:41:03                 2702.9     3296.2       11.8       11.8     3409.9       78
0
13:41:08                 2711.8     3296.2       11.8       11.8     3409.9       78
0
13:41:14                 2720.6     3296.2       11.8       11.8     3409.9       78
0
13:41:19                 2729.0     3296.2       11.8       11.8     3409.9       78
0
13:41:24                 2740.8     3296.2       11.8       11.8     3409.9       78
0
13:41:29                 2761.8     3296.2       11.8       11.8     3409.9       78
0
13:41:34                 2781.0     3296.2       11.8       11.8     3409.9       78
0
13:41:39                 2800.9     3296.2       11.8       11.8     3409.9       78
0
13:41:44                 2820.4     3296.2       11.8       11.8     3409.9       78
0
13:41:49                 1714.0     3296.2       11.8       11.8     3409.9       78
0
13:41:54                 1731.3     3296.2       11.8       11.8     3409.9       78
0
13:41:59                 1748.1     3296.2       11.8       11.8     3409.9       78
0
13:42:05                 1765.2     3296.2       11.8       11.8     3409.9       78
0
13:42:10                 1782.0     3296.2       11.8       11.8     3409.9       78
0
13:42:15                 1798.7     3296.2       11.8       11.8     3409.9       78
0
13:42:20                 1815.1     3296.2       11.8       11.8     3409.9       78
0
13:42:25                 1831.9     3296.2       11.8       11.8     3409.9       78
0
13:42:30                 1849.3     3296.2       11.8       11.8     3410.0         78
13:42:35                 1865.8     3296.2       11.8       11.8     3410.1       78
0
13:42:40                 1882.8     3296.2       11.8       11.8     3410.1       79
0
13:42:45                 1899.3     3296.2       11.8       11.8     3410.1       78
0
13:42:50                 1916.6     3296.2       11.8       11.8     3410.2       80
0
13:42:55                 1939.0     3296.3       11.7       11.7     3410.2       78
0
13:43:01                 1956.1     3296.4       11.6       11.6     3410.2       78
0
13:43:06                 1972.9     3296.4       11.6       11.6     3410.3       78
0
13:43:11                 1989.1     3296.4       11.6       11.6     3410.3       78
0
13:43:16                 2006.6     3296.4       11.6       11.6     3410.4       78
0
13:43:21                 2023.3     3296.4       11.6       11.6     3410.4       78
0
13:43:26                 2040.3     3296.4       11.6       11.6     3410.4       78
0
13:43:31                 2057.0     3296.4       11.6       11.6     3410.5       78
0
13:43:36                 2074.5     3296.4       11.6       11.6     3410.6       78
0
13:43:41                 2091.0     3296.4       11.6       11.6     3410.6       78
0
13:43:46                 1724.2     3296.4       11.6       11.6     3410.6       78
0
13:43:52                 1737.8     3296.4       11.6       11.6     3410.6       78
0
13:43:57                 1753.6     3296.4       11.6       11.6     3410.6       78
0
13:44:02                 1769.8     3296.4       11.6       11.6     3410.6       78
0
13:44:07                 1786.1     3296.4       11.6       11.6     3410.6       78
0
13:44:12                 1803.0     3296.4       11.6       11.6     3410.6       78
0
13:44:17                 1819.3     3296.4       11.6       11.6     3410.6       78
0
13:44:22                 1836.3     3296.4       11.6       11.6     3410.6       78
0
13:44:27                 1853.2     3296.4       11.6       11.6     3410.6       78
0
13:44:32                 1870.1     3296.4       11.6       11.6     3410.6       78
0
13:44:37                 1887.0     3296.4       11.6       11.6     3410.6       78
0
13:44:42                 1904.5     3296.4       11.6       11.6     3410.6       78
0
13:44:48                 1921.3     3296.4       11.6       11.6     3410.6       78
0
13:44:53                 1938.1     3296.4       11.6       11.6     3410.6       78
0
13:44:58                 2941.5     3296.4       11.6       11.6     3410.6       79
0
13:45:03                 2282.3     3296.5       11.5       11.5     3411.0       79
0
13:45:08                 2578.7     3296.4       11.6       11.6     3411.0         79
13:45:13                 2837.2     3296.5       11.5       11.5     3411.0       81
0
13:45:18                 2854.4     3296.5       11.5       11.5     3411.0       79
0
13:45:23                 2872.7     3296.5       11.5       11.5     3411.1       79
0
13:45:28                 2891.3     3296.5       11.5       11.5     3411.1       79
0
13:45:33                 2909.5     3296.5       11.5       11.5     3411.1       79
0
13:45:39                 2928.0     3296.5       11.5       11.5     3411.2       79
0
13:45:44                 2946.3     3296.5       11.5       11.5     3411.3       80
0
13:45:49                 2965.4     3296.5       11.5       11.5     3411.3       79
0
13:45:54                 2983.6     3296.5       11.5       11.5     3411.4       79
0
13:45:59                 3002.3     3296.5       11.5       11.5     3411.5       79
0
13:46:04                 3020.6     3296.5       11.5       11.5     3411.5         79
13:46:09                 3038.6     3296.5       11.5       11.5     3411.6       79
0
13:46:14                 3058.1     3296.5       11.5       11.5     3411.6       79
0
13:46:19                 3076.6     3296.5       11.5       11.5     3412.7       80
0
13:46:24                 3095.2     3296.5       11.5       11.5     3413.0       79
0
13:46:30                 3113.8     3296.5       11.5       11.5     3413.1       79
0
13:46:35                 3132.3     3296.5       11.5       11.5     3413.1       79
0
13:46:40                 3150.4     3296.5       11.5       11.5     3413.9       78
0
13:46:45                 3168.8     3296.5       11.5       11.5     3414.5       78
0
13:46:50                 3187.6     3296.5       11.5       11.5     3414.5       78
0
13:46:55                 3205.8     3296.5       11.5       11.5     3414.8       78
0
13:47:00                 3224.0     3296.4       11.5       11.5     3415.4       78
0
13:47:05                 1778.9     3296.5       11.5       11.5     3415.4       78
0
13:47:10                 1793.4     3296.5       11.5       11.5     3415.4       78
0
13:47:15                 1808.6     3296.5       11.5       11.5     3415.4       78
0
13:47:21                 1824.3     3296.5       11.5       11.5     3415.4       78
0
13:47:26                 1840.3     3296.5       11.5       11.5     3415.4       78
0
13:47:31                 1855.7     3296.5       11.5       11.5     3415.4       78
0
13:47:36                 1871.4     3296.5       11.5       11.5     3415.4       78
0
13:47:41                 1887.1     3296.5       11.5       11.5     3415.4       78
0
13:47:46                 1903.8     3296.5       11.5       11.5     3415.4       78
0
13:47:51                 1918.8     3296.5       11.5       11.5     3415.5       78
0
13:47:56                 1934.8     3296.5       11.5       11.5     3415.5       78
0
13:48:01                 1950.6     3296.6       11.4       11.4     3415.5       78
0
13:48:06                 1965.6     3296.5       11.5       11.5     3415.6       78
0
13:48:11                 1981.6     3296.6       11.4       11.4     3415.6         78
13:48:17                 1996.8     3296.5       11.5       11.5     3415.6       78
0
13:48:22                 2013.1     3296.5       11.5       11.5     3415.7       78
0
13:48:27                 2028.6     3296.6       11.4       11.4     3415.7       78
0
13:48:32                 2044.3     3296.6       11.4       11.4     3415.8       78
0
13:48:37                 2060.0     3296.6       11.4       11.4     3415.8       78
0
13:48:42                 2076.2     3296.6       11.4       11.4     3415.8       78
0
13:48:47                 2091.6     3296.6       11.4       11.4     3415.9       78
0
13:48:52                 2107.9     3296.6       11.4       11.4     3416.0       78
0
13:48:57                 2123.9     3296.6       11.4       11.4     3416.0       78
0
13:49:02                 1773.3     3296.7       11.3       11.3     3416.0       78
0
13:49:08                 1787.6     3296.7       11.3       11.3     3416.0       78
0
13:49:13                 1802.2     3296.7       11.3       11.3     3416.0       78
0
13:49:18                 1817.9     3296.7       11.3       11.3     3416.0       78
0
13:49:23                 1833.6     3296.7       11.3       11.3     3416.0       78
0
13:49:28                 1849.8     3296.7       11.3       11.3     3416.0       78
0
13:49:33                 1865.2     3296.7       11.3       11.3     3416.0       78
0
13:49:38                 1881.0     3296.8       11.2       11.2     3416.0       78
0
13:49:43                 1896.7     3296.8       11.2       11.2     3416.0       78
0
13:49:48                 1912.5     3296.7       11.3       11.3     3416.0       78
0
13:49:53                 1928.5     3296.7       11.3       11.3     3416.0         78
13:49:59                 1944.3     3296.7       11.3       11.3     3416.0       78
0
13:50:04                 1959.7     3296.8       11.2       11.2     3416.0       78
0
13:50:09                 1975.8     3296.8       11.2       11.2     3416.0       78
0
13:50:14                 2741.8     3296.8       11.2       11.2     3416.0       78
0
13:50:19                 2171.0     3296.8       11.2       11.2     3416.2       79
0
13:50:24                 2462.1     3296.8       11.2       11.2     3416.2       79
0
13:50:29                 2762.3     3296.8       11.2       11.2     3416.2       79
0
13:50:34                 2843.2     3296.8       11.2       11.2     3416.2       79
0
13:50:39                 2858.9     3296.8       11.2       11.2     3416.2       79
0
13:50:44                 2874.9     3296.8       11.2       11.2     3416.2         79
13:50:49                 2891.7     3296.8       11.2       11.2     3416.2       79
0
13:50:55                 2907.6     3296.9       11.1       11.1     3416.2       79
0
13:51:00                 2923.7     3296.9       11.1       11.1     3416.2       79
0
13:51:05                 2941.0     3296.9       11.1       11.1     3416.2       79
0
13:51:10                 2961.5     3296.8       11.2       11.2     3416.2       79
0
13:51:15                 2981.4     3296.8       11.2       11.2     3416.2       79
0
13:51:20                 2998.2     3296.9       11.1       11.1     3416.2         79
13:51:25                 3015.8     3296.8       11.2       11.2     3416.2       79
0
13:51:30                 3032.9     3296.9       11.1       11.1     3416.2       79
0
13:51:35                 3049.9     3296.8       11.2       11.2     3416.2       79
0
13:51:40                 3067.5     3296.9       11.1       11.1     3416.2       79
0
13:51:46                 3084.7     3296.8       11.2       11.2     3416.2       79
0
13:51:51                 3102.5     3296.9       11.1       11.1     3416.2       79
0
13:51:56                 3119.7     3296.9       11.1       11.1     3416.2         80
13:52:01                 3137.2     3296.9       11.1       11.1     3416.2       78
0
13:52:06                 3154.2     3296.9       11.1       11.1     3416.2       78
0
13:52:11                 3171.2     3296.8       11.2       11.2     3416.2       78
0
13:52:16                 3188.4     3296.8       11.2       11.2     3416.2       78
0
13:52:21                 1814.1     3296.9       11.1       11.1     3416.2       78
0
13:52:26                 1827.1     3296.9       11.1       11.1     3416.2       78
0
13:52:31                 1841.3     3296.9       11.1       11.1     3416.2       78
0
13:52:36                 1856.6     3296.9       11.1       11.1     3416.2       78
0
13:52:42                 1871.0     3296.9       11.1       11.1     3416.2       78
0
13:52:47                 1885.9     3296.9       11.1       11.1     3416.2       79
0
13:52:52                 1901.3     3296.9       11.1       11.1     3416.2       78
0
13:52:57                 1917.4     3296.9       11.1       11.1     3416.2       78
0
13:53:02                 1931.5     3296.9       11.1       11.1     3416.2       78
0
13:53:07                 1946.9     3296.9       11.1       11.1     3416.2       78
0
13:53:12                 1961.2     3296.9       11.1       11.1     3416.2       78
0
13:53:17                 1976.1     3297.0       11.0       11.0     3416.2       78
0
13:53:22                 1990.8     3296.9       11.1       11.1     3416.2       78
0
13:53:27                 2006.1     3296.9       11.1       11.1     3416.2       78
0
13:53:32                 2021.1     3297.0       11.0       11.0     3416.2       78
0
13:53:38                 2035.9     3297.0       11.0       11.0     3416.2       78
0
13:53:43                 2050.5     3296.9       11.1       11.1     3416.2       78
0
13:53:48                 2065.6     3296.9       11.1       11.1     3416.2       78
0
13:53:53                 2080.4     3296.9       11.1       11.1     3416.2         78
13:53:58                 2095.4     3296.9       11.1       11.1     3416.2       78
0
13:54:03                 2110.2     3297.0       11.0       11.0     3416.2       78
0
13:54:08                 2125.3     3296.9       11.1       11.1     3416.2       78
0
13:54:13                 2140.3     3297.0       11.0       11.0     3416.2         78
13:54:18                 2155.4     3296.9       11.1       11.1     3416.2       78
0
13:54:24                 1822.4     3297.0       11.0       11.0     3416.2       78
0
13:54:29                 1835.5     3296.9       11.1       11.1     3416.2       78
0
13:54:34                 1849.6     3297.0       11.0       11.0     3416.2       78
0
13:54:39                 1863.8     3296.9       11.1       11.1     3416.2         78
13:54:44                 1878.7     3297.0       11.0       11.0     3416.2       78
0
13:54:49                 1893.3     3296.9       11.1       11.1     3416.2       78
0
13:54:54                 1907.9     3296.9       11.1       11.1     3416.2       78
0
13:54:59                 1922.7     3296.9       11.1       11.1     3416.2       78
0
13:55:04                 1937.0     3297.0       11.0       11.0     3416.2       78
0
13:55:09                 1951.3     3296.9       11.1       11.1     3416.2       78
0
13:55:14                 1965.6     3297.0       11.0       11.0     3416.2       78
0
13:55:20                 1981.0     3296.9       11.1       11.1     3416.2       78
0
13:55:25                 1995.0     3297.0       11.0       11.0     3416.2       78
0
13:55:30                 2009.8     3296.9       11.1       11.1     3416.2       78
0
13:55:35                 3031.7     3297.0       11.0       11.0     3416.2       79
0
13:55:40                 2283.3     3297.0       11.0       11.0     3416.2       79
0
13:55:45                 2575.9     3297.0       11.0       11.0     3416.2         79
13:55:50                 2783.8     3297.0       11.0       11.0     3416.2       79
0
13:55:55                 2798.5     3297.0       11.0       11.0     3416.2       79
0
13:56:00                 2813.8     3297.0       11.0       11.0     3416.2       79
0
13:56:05                 2828.7     3297.0       11.0       11.0     3416.2       79
0
13:56:10                 2843.9     3297.0       11.0       11.0     3416.2       79
0
13:56:16                 2859.4     3297.0       11.0       11.0     3416.2       79
0
13:56:21                 2874.7     3297.0       11.0       11.0     3416.2       79
0
13:56:26                 2889.5     3297.0       11.0       11.0     3416.2       79
0
13:56:31                 2904.9     3297.0       11.0       11.0     3416.2       79
0
13:56:36                 2920.8     3297.0       11.0       11.0     3416.2       79
0
13:56:41                 2936.5     3297.0       11.0       11.0     3416.2       79
0
13:56:46                 2952.1     3297.0       11.0       11.0     3416.2       79
0
13:56:51                 2968.3     3297.0       11.0       11.0     3416.2       79
0
13:56:56                 2984.2     3297.0       11.0       11.0     3416.2       79
0
13:57:01                 2999.8     3297.0       11.0       11.0     3416.2       81
0
13:57:06                 3015.0     3297.0       11.0       11.0     3416.2       79
0
13:57:12                 3031.7     3297.0       11.0       11.0     3416.2       79
0
13:57:17                 3047.4     3297.0       11.0       11.0     3416.2       79
0
13:57:22                 3063.6     3297.0       11.0       11.0     3416.2         79
13:57:27                 3079.7     3297.0       11.0       11.0     3416.2       78
0
13:57:32                 3095.5     3297.0       11.0       11.0     3416.2       78
0
13:57:37                 3111.5     3297.0       11.0       11.0     3416.2       78
0
13:57:42                 1850.3     3297.0       11.0       11.0     3416.2       78
0
13:57:47                 1862.4     3297.0       11.0       11.0     3416.2       78
0
13:57:52                 1875.6     3297.0       11.0       11.0     3416.2       78
0
